ARM Linker, 5.03 [Build 76] [MDK-ARM Standard]

==============================================================================

Section Cross References

    os_usbh_hid.o(.text) refers to OSPM.o(.text) for OS_PutMail
    os_usbh_hid.o(.text) refers to USBH_Core.o(.text) for USBH_Init
    os_usbh_hid.o(.text) refers to OSSETP.o(.text) for OS_SetPriority
    os_usbh_hid.o(.text) refers to OS_CreateTask.o(.text) for OS_CreateTask_DP
    os_usbh_hid.o(.text) refers to USBH_HID.o(.text) for USBH_HID_Init
    os_usbh_hid.o(.text) refers to OSMAIL.o(.text) for OS_CreateMB
    os_usbh_hid.o(.text) refers to bsp.o(.text) for BSP_ToggleLED
    os_usbh_hid.o(.text) refers to OSGM.o(.text) for OS_GetMail
    os_usbh_hid.o(.text) refers to USBH_Log.o(.text) for USBH_Logf_Application
    os_usbh_hid.o(.text) refers to os_usbh_hid.o(.constdata) for _aScanCode2StringTable
    os_usbh_hid.o(.text) refers to os_usbh_hid.o(.bss) for _HIDMailBox
    os_usbh_hid.o(.text) refers to OSGLOBAL.o(.data) for OS_pCurrentTask
    os_usbh_hid.o(.constdata) refers to os_usbh_hid.o(.conststring) for .conststring
    vectors.o(Vect) refers to startup_lpc2xxx.o(Init) for Reset_Handler
    vectors.o(Vect) refers to RTOS.o(C$$code) for IRQ_Handler
    bsp.o(.text) refers to os_error.o(.text) for OS_Error
    bsp.o(.text) refers to bsp.o(i.__ARM_common_disable_irq) for __ARM_common_disable_irq
    bsp.o(.text) refers to i2cpca9532.o(.text) for I2CPCA9532_WriteRead
    bsp.o(.text) refers to bsp.o(i.__ARM_common_enable_irq) for __ARM_common_enable_irq
    bsp.o(.text) refers to aeabi_sdivfast.o(.text_udiv) for __aeabi_uidivmod
    bsp.o(.text) refers to OSGLOBAL.o(.data) for OS_Counters
    bsp.o(.text) refers to GUI_TOUCH_DriverAnalog.o(.text) for GUI_TOUCH_Exec
    bsp.o(.text) refers to OSTIME.o(.text) for OS_RetriggerTimer
    bsp.o(.text) refers to LCD_GetEx.o(.text) for LCD_GetMirrorXEx
    bsp.o(.text) refers to rtosinit.o(.text) for OS_ARM_InstallISRHandler
    bsp.o(.text) refers to bsp.o(.bss) for _TouchTimer
    bsp.o(.text) refers to bsp.o(.data) for _VRAMAddr
    bsp.o(.text) refers to rtosinit.o(.text) for OS_ARM_InstallISRHandler
    bsp.o(.text) refers to bsp.o(.text) for _SetLEDState
    bsp.o(.text) refers to bsp.o(.text) for _Align
    bsp.o(.text) refers to GUI_Device.o(.text) for GUI_DEVICE_CreateAndLink
    bsp.o(.text) refers to LCD_Set.o(.text) for LCD_SetSizeEx
    bsp.o(.text) refers to bsp.o(.bss) for _aVRAM
    bsp.o(.text) refers to bsp.o(.data) for _VRAMAddr
    bsp.o(.text) refers to GUICC_565.o(.constdata) for LCD_API_ColorConv_565
    bsp.o(.text) refers to GUIDRV_Lin_OSX_16.o(.constdata) for GUIDRV_Lin_OSX_16_API
    fs_configramdisk.o(.text) refers to FS_Core.o(.text) for FS_AssignMemory
    fs_configramdisk.o(.text) refers to FS_Storage.o(.text) for FS_AddDevice
    fs_configramdisk.o(.text) refers to RAMDISK.o(.text) for FS_RAMDISK_Configure
    fs_configramdisk.o(.text) refers to fs_configramdisk.o(.bss) for _aMemBlock
    fs_configramdisk.o(.text) refers to RAMDISK.o(.constdata) for FS_RAMDISK_Driver
    ip_config_lpc24xx.o(.text) refers to IP_Core.o(.text) for IP_AssignMemory
    ip_config_lpc24xx.o(.text) refers to IP_DHCPC.o(.text) for IP_DHCPC_Activate
    ip_config_lpc24xx.o(.text) refers to IP_socket.o(.text) for IP_SOCKET_SetDefaultOptions
    ip_config_lpc24xx.o(.text) refers to IP_Log.o(.text) for IP_SetWarnFilter
    ip_config_lpc24xx.o(.text) refers to ip_config_lpc24xx.o(.bss) for _aPool
    ip_config_lpc24xx.o(.text) refers to IP_NI_LPC24xx.o(.constdata) for IP_Driver_LPC24xx
    retarget.o(.text) refers (Special) to heapauxi.o(.text) for __use_two_region_memory
    retarget.o(.text) refers (Special) to heapauxi.o(.text) for __use_two_region_memory
    retarget.o(.text) refers (Special) to heapauxi.o(.text) for __use_two_region_memory
    retarget.o(.text) refers to _printf_percent.o(.ARM.Collect$$_printf_percent$$00000000) for _printf_percent
    retarget.o(.text) refers to noretval__2printf.o(.text) for __2printf
    retarget.o(.data) refers (Special) to heapauxi.o(.text) for __use_two_region_memory
    startup_lpc2xxx.o(Init) refers (Special) to use_no_semi.o(.text) for __use_no_semihosting_swi
    startup_lpc2xxx.o(Init) refers to rtosinit.o(.text) for __low_level_init
    startup_lpc2xxx.o(Init) refers to __main.o(!!!main) for __main
    usb_config_lpc2468_ea.o(.text) refers to USB_Main.o(.text) for USB_AddDriver
    usb_config_lpc2468_ea.o(.text) refers to USB_HW_LPC24xx.o(.constdata) for USB_Driver_NXPLPC24xx
    usb_config_lpc2468_ea.o(.text) refers to usb_os_embos.o(.text) for USB_OS_IncDI
    usb_config_lpc2468_ea.o(.text) refers to usb_os_embos.o(.text) for USB_OS_DecRI
    usb_config_lpc2468_ea.o(.text) refers to usb_config_lpc2468_ea.o(.text) for _InstallISRHandler
    usbh_config_lpc24xx.o(.text) refers to USBH_Core.o(.text) for USBH_ServiceISR
    usbh_config_lpc24xx.o(.text) refers to USBH_MEM.o(.text) for USBH_AssignMemory
[...]
    GUI__memset                              0x00025b11   Thumb Code   106  GUI__memset.o(.text)
    LCD_SelectLCD                            0x00025b81   Thumb Code    60  LCD_SelectLCD.o(.text)
    LCD_UpdateColorIndices                   0x00025bc9   Thumb Code    30  LCD_UpdateColorIndices.o(.text)
    WM_GetParent                             0x00025bed   Thumb Code    30  WM_GetParent.o(.text)
    WM_IsWindow                              0x00025c0b   Thumb Code    28  WM_IsWindow.o(.text)
    WM_PID__GetPrevState                     0x00025c29   Thumb Code    16  WM_PID__GetPrevState.o(.text)
    WM_PID__SetPrevState                     0x00025c39   Thumb Code    20  WM_PID__GetPrevState.o(.text)
    WM__IsInWindow                           0x00025c51   Thumb Code    46  WM_Screen2Win.o(.text)
    WM_Screen2hWin                           0x00025c7f   Thumb Code   128  WM_Screen2Win.o(.text)
    WM_Screen2hWinEx                         0x00025cff   Thumb Code   132  WM_Screen2Win.o(.text)
    WM_SetCapture                            0x00025e01   Thumb Code    70  WM_SetCapture.o(.text)
    WM_ReleaseCapture                        0x00025e47   Thumb Code    52  WM_SetCapture.o(.text)
    WM__GetPrevSibling                       0x00025e89   Thumb Code    44  WM__GetPrevSibling.o(.text)
    WM__IsAncestor                           0x00025eb5   Thumb Code    40  WM__IsAncestor.o(.text)
    WM__IsAncestorOrSelf                     0x00025edd   Thumb Code    48  WM__IsAncestor.o(.text)
    WM__IsEnabled                            0x00025f0d   Thumb Code    24  WM__IsEnabled.o(.text)
    WM__SendMessageIfEnabled                 0x00025f25   Thumb Code    28  WM__SendMessageIfEnabled.o(.text)
    GL_DrawBitmap                            0x00025f41   Thumb Code   142  GUI_DrawBitmap.o(.text)
    GUI_DrawBitmap                           0x00025fcf   Thumb Code   210  GUI_DrawBitmap.o(.text)
    GUI_Exec1                                0x000260a9   Thumb Code    40  GUI_Exec.o(.text)
    GUI_Exec                                 0x000260d1   Thumb Code    50  GUI_Exec.o(.text)
    GUI_SPRITE__CreateEx                     0x00026bdd   Thumb Code   214  GUI_SPRITE.o(.text)
    GUI_SPRITE_CreateEx                      0x00026cb3   Thumb Code    20  GUI_SPRITE.o(.text)
    GUI_SPRITE_Create                        0x00026cc7   Thumb Code    24  GUI_SPRITE.o(.text)
    GUI_SPRITE_Delete                        0x00026cdf   Thumb Code    76  GUI_SPRITE.o(.text)
    GUI_SPRITE_SetPosition                   0x00026d2b   Thumb Code   808  GUI_SPRITE.o(.text)
    GUI_SPRITE_SetBitmap                     0x00027053   Thumb Code   482  GUI_SPRITE.o(.text)
    GUI_SPRITE_SetBitmapAndPosition          0x00027235   Thumb Code   742  GUI_SPRITE.o(.text)
    GUI_SPRITE_Hide                          0x0002751b   Thumb Code    72  GUI_SPRITE.o(.text)
    GUI_SPRITE_Show                          0x00027563   Thumb Code    72  GUI_SPRITE.o(.text)
    GUI_SPRITE_GetState                      0x000275ab   Thumb Code    42  GUI_SPRITE.o(.text)
    WM_GetDesktopWindowEx                    0x000278b9   Thumb Code    16  WM_GetDesktopWindowEx.o(.text)
    WM__GetFirstSibling                      0x000278cd   Thumb Code    22  WM__GetFirstSibling.o(.text)
    GUI_GetBitmapPixelIndexEx                0x000278e3   Thumb Code   144  GUI_GetBitmapPixelIndex.o(.text)
    GUI_GetBitmapPixelIndex                  0x00027973   Thumb Code   156  GUI_GetBitmapPixelIndex.o(.text)
    __I$use$semihosting                      0x00027a10   ARM Code       0  use_no_semi.o(.text)
    __use_no_semihosting_swi                 0x00027a10   ARM Code       4  use_no_semi.o(.text)
    __2sprintf                               0x00027a15   Thumb Code    36  noretval__2sprintf.o(.text)
    Inline ARM to Thumb Veneer to _printf_int_dec 0x00027a3c   ARM Code       8  _printf_dec.o(.text)
    _printf_int_dec                          0x00027a45   Thumb Code    94  _printf_dec.o(.text)
    __printf                                 0x00027ab5   Thumb Code   286  __printf_wp.o(.text)
    putc                                     0x00027bd3   Thumb Code    12  putc.o(.text)
    memcmp                                   0x00027bdf   Thumb Code   118  memcmp.o(.text)
    strcpy                                   0x00027c55   Thumb Code    74  strcpy.o(.text)
    Inline Thumb to ARM Veneer to __aeabi_memcpy 0x00027ca5   Thumb Code     4  rt_memcpy.o(.text)
    __aeabi_memcpy                           0x00027ca8   ARM Code       0  rt_memcpy.o(.text)
    __rt_memcpy                              0x00027ca8   ARM Code     212  rt_memcpy.o(.text)
    _memcpy_lastbytes                        0x00027d5c   ARM Code       0  rt_memcpy.o(.text)
    Inline Thumb to ARM Veneer to __aeabi_memmove 0x00027d7d   Thumb Code     4  rt_memmove.o(.text)
    __aeabi_memmove                          0x00027d80   ARM Code       0  rt_memmove.o(.text)
    __rt_memmove                             0x00027d80   ARM Code     212  rt_memmove.o(.text)
    __memmove_lastfew                        0x00027e34   ARM Code       0  rt_memmove.o(.text)
    Inline Thumb to ARM Veneer to __aeabi_memcpy4 0x00027e55   Thumb Code     4  rt_memcpy_w.o(.text)
    __aeabi_memcpy4                          0x00027e58   ARM Code       0  rt_memcpy_w.o(.text)
    __aeabi_memcpy8                          0x00027e58   ARM Code       0  rt_memcpy_w.o(.text)
    __rt_memcpy_w                            0x00027e58   ARM Code     100  rt_memcpy_w.o(.text)
    _memcpy_lastbytes_aligned                0x00027ea4   ARM Code       0  rt_memcpy_w.o(.text)
    Inline Thumb to ARM Veneer to __aeabi_memset 0x00027ebd   Thumb Code     4  aeabi_memset.o(.text)
    __aeabi_memset                           0x00027ec0   ARM Code      16  aeabi_memset.o(.text)
    Inline Thumb to ARM Veneer to __aeabi_memclr 0x00027ed1   Thumb Code     4  rt_memclr.o(.text)
    __aeabi_memclr                           0x00027ed4   ARM Code       0  rt_memclr.o(.text)
    __rt_memclr                              0x00027ed4   ARM Code      64  rt_memclr.o(.text)
    _memset                                  0x00027ed8   ARM Code       0  rt_memclr.o(.text)
    Inline Thumb to ARM Veneer to __aeabi_memclr4 0x00027f15   Thumb Code     4  rt_memclr_w.o(.text)
    __aeabi_memclr4                          0x00027f18   ARM Code       0  rt_memclr_w.o(.text)
    __aeabi_memclr8                          0x00027f18   ARM Code       0  rt_memclr_w.o(.text)
    __rt_memclr_w                            0x00027f18   ARM Code      84  rt_memclr_w.o(.text)
    _memset_w                                0x00027f1c   ARM Code       0  rt_memclr_w.o(.text)
    Inline Thumb to ARM Veneer to strcmp     0x00027f6d   Thumb Code     4  strcmpfast.o(.text)
    strcmp                                   0x00027f70   ARM Code     184  strcmpfast.o(.text)
    Inline Thumb to ARM Veneer to __aeabi_idivmod 0x0002802d   Thumb Code     4  aeabi_sdivfast.o(.text)
    __aeabi_idiv                             0x00028030   ARM Code       0  aeabi_sdivfast.o(.text)
    __aeabi_idivmod                          0x00028030   ARM Code     556  aeabi_sdivfast.o(.text)
    __use_two_region_memory                  0x0002825d   Thumb Code     2  heapauxi.o(.text)
    __rt_heap_escrow$2region                 0x0002825f   Thumb Code     2  heapauxi.o(.text)
    __rt_heap_expand$2region                 0x00028261   Thumb Code     2  heapauxi.o(.text)
    __ARM_call_via_r0                        0x00028265   Thumb Code     2  callvia.o(.text)
    __call_via_r0                            0x00028265   Thumb Code     0  callvia.o(.text)
    __ARM_call_via_r1                        0x00028267   Thumb Code     2  callvia.o(.text)
    __call_via_r1                            0x00028267   Thumb Code     0  callvia.o(.text)
    __ARM_call_via_r2                        0x00028269   Thumb Code     2  callvia.o(.text)
    __call_via_r2                            0x00028269   Thumb Code     0  callvia.o(.text)
    __ARM_call_via_r3                        0x0002826b   Thumb Code     2  callvia.o(.text)
    __call_via_r3                            0x0002826b   Thumb Code     0  callvia.o(.text)
    __ARM_call_via_r4                        0x0002826d   Thumb Code     2  callvia.o(.text)
    __call_via_r4                            0x0002826d   Thumb Code     0  callvia.o(.text)
    __ARM_call_via_r5                        0x0002826f   Thumb Code     2  callvia.o(.text)
    __call_via_r5                            0x0002826f   Thumb Code     0  callvia.o(.text)
    __ARM_call_via_r6                        0x00028271   Thumb Code     2  callvia.o(.text)
    __call_via_r6                            0x00028271   Thumb Code     0  callvia.o(.text)
    __ARM_call_via_r7                        0x00028273   Thumb Code     2  callvia.o(.text)
    __call_via_r7                            0x00028273   Thumb Code     0  callvia.o(.text)
    _printf_int_common                       0x00028275   Thumb Code   186  _printf_intcommon.o(.text)
    _printf_char_common                      0x0002833b   Thumb Code    34  _printf_char_common.o(.text)
    _sputc                                   0x00028361   Thumb Code    10  _sputc.o(.text)
    __aeabi_memmove4                         0x0002836c   ARM Code       0  rt_memmove_w.o(.text)
    __aeabi_memmove8                         0x0002836c   ARM Code       0  rt_memmove_w.o(.text)
    __rt_memmove_w                           0x0002836c   ARM Code     128  rt_memmove_w.o(.text)
    __memmove_aligned                        0x00028398   ARM Code       0  rt_memmove_w.o(.text)
    __memmove_lastfew_aligned                0x000283d4   ARM Code       0  rt_memmove_w.o(.text)
    Inline Thumb to ARM Veneer to __rt_udiv10 0x000283ed   Thumb Code     4  rtudiv10.o(.text)
    __rt_udiv10                              0x000283f0   ARM Code      44  rtudiv10.o(.text)
    __user_libspace                          0x0002841c   ARM Code      12  libspace.o(.text)
    __user_perproc_libspace                  0x0002841c   ARM Code       0  libspace.o(.text)
    __user_perthread_libspace                0x0002841c   ARM Code       0  libspace.o(.text)
    __user_setup_stackheap                   0x00028428   ARM Code      96  sys_stackheap_outer.o(.text)
    exit                                     0x00028489   Thumb Code    12  exit.o(.text)
    Inline Thumb to ARM Veneer to __aeabi_uidivmod 0x00028495   Thumb Code     4  aeabi_sdivfast.o(.text_udiv)
    __aeabi_uidiv                            0x00028498   ARM Code       0  aeabi_sdivfast.o(.text_udiv)
    __aeabi_uidivmod                         0x00028498   ARM Code      48  aeabi_sdivfast.o(.text_udiv)
    Inline Thumb to ARM Veneer to CP14_ReadDCCStat 0x000284c9   Thumb Code     4  jlinkdcc_process_asm.o(C$$code)
    CP14_ReadDCCStat                         0x000284cc   ARM Code       0  jlinkdcc_process_asm.o(C$$code)
    CP14_ReadDCC                             0x000284d4   ARM Code       0  jlinkdcc_process_asm.o(C$$code)
    CP14_WriteDCC                            0x000284dc   ARM Code       0  jlinkdcc_process_asm.o(C$$code)
    OS_StartTask                             0x000284e4   ARM Code       0  RTOS.o(C$$code)
    OS_Switch                                0x000284f4   ARM Code       0  RTOS.o(C$$code)
    OS_Start                                 0x00028538   ARM Code       0  RTOS.o(C$$code)
    OS_SwitchFromInt                         0x00028544   ARM Code       0  RTOS.o(C$$code)
    OS_GetSysStackBase                       0x000285c4   ARM Code       0  RTOS.o(C$$code)
    OS_GetSysStackSize                       0x000285cc   ARM Code       0  RTOS.o(C$$code)
    OS_GetIntStackBase                       0x000285dc   ARM Code       0  RTOS.o(C$$code)
    OS_GetIntStackSize                       0x000285e4   ARM Code       0  RTOS.o(C$$code)
    OS_GetSP                                 0x000285f4   ARM Code       0  RTOS.o(C$$code)
    IRQ_Handler                              0x0002861c   ARM Code       0  RTOS.o(C$$code)
    OS_IRQ_SERVICE                           0x0002861c   ARM Code       0  RTOS.o(C$$code)
    OS_IsInInt                               0x0002864c   ARM Code       0  RTOS.o(C$$code)
    Reset_Handler                            0x00028654   ARM Code       0  startup_lpc2xxx.o(Init)
    Short Thumb to ARM Veneer to OS_SwitchFromInt 0x000286a5   Thumb Code     8  anon$$obj.o(Veneer$$Code)
    Short Thumb to ARM Veneer to OS_Start    0x000286ad   Thumb Code     8  anon$$obj.o(Veneer$$Code)
    Short Thumb to ARM Veneer to CP14_ReadDCC 0x000286b5   Thumb Code     8  anon$$obj.o(Veneer$$Code)
    Short Thumb to ARM Veneer to CP14_WriteDCC 0x000286bd   Thumb Code     8  anon$$obj.o(Veneer$$Code)
    Short Thumb to ARM Veneer to OS_Switch   0x000286c5   Thumb Code     8  anon$$obj.o(Veneer$$Code)
    Short Thumb to ARM Veneer to OS_IsInInt  0x000286cd   Thumb Code     8  anon$$obj.o(Veneer$$Code)
    Short Thumb to ARM Veneer to OS_GetSysStackBase 0x000286d5   Thumb Code     8  anon$$obj.o(Veneer$$Code)
    Short Thumb to ARM Veneer to OS_GetSP    0x000286dd   Thumb Code     8  anon$$obj.o(Veneer$$Code)
    Short Thumb to ARM Veneer to OS_GetIntStackSize 0x000286e5   Thumb Code     8  anon$$obj.o(Veneer$$Code)
    Short Thumb to ARM Veneer to OS_GetIntStackBase 0x000286ed   Thumb Code     8  anon$$obj.o(Veneer$$Code)
    Short Thumb to ARM Veneer to OS_GetSysStackSize 0x000286f5   Thumb Code     8  anon$$obj.o(Veneer$$Code)
    Long ARM to Thumb Veneer to __user_initial_stackheap 0x000286fc   ARM Code      12  anon$$obj.o(Veneer$$Code)
    Long ARM to Thumb Veneer to OS_ChangeTask 0x00028708   ARM Code      12  anon$$obj.o(Veneer$$Code)
    Long ARM to Thumb Veneer to OS_DecRegionCnt 0x00028714   ARM Code      12  anon$$obj.o(Veneer$$Code)
    Long ARM to Thumb Veneer to OS_irq_handler 0x00028720   ARM Code      12  anon$$obj.o(Veneer$$Code)
    Long ARM to Thumb Veneer to __low_level_init 0x0002872c   ARM Code      12  anon$$obj.o(Veneer$$Code)
    __ARM_common_call_via_r1                 0x00028739   Thumb Code     2  jlinkdcc_process.o(i.__ARM_common_call_via_r1)
    __ARM_common_call_via_r2                 0x0002873b   Thumb Code     2  jlinkdcc_process.o(i.__ARM_common_call_via_r2)
    __ARM_common_call_via_r3                 0x0002873d   Thumb Code     2  USBH_Core.o(i.__ARM_common_call_via_r3)
    __ARM_common_call_via_r4                 0x0002873f   Thumb Code     2  rtosinit.o(i.__ARM_common_call_via_r4)
    __ARM_common_call_via_r5                 0x00028741   Thumb Code     2  ip_fs_fs.o(i.__ARM_common_call_via_r5)
    __ARM_common_call_via_r6                 0x00028743   Thumb Code     2  fs_ro.o(i.__ARM_common_call_via_r6)
    __ARM_common_call_via_r7                 0x00028745   Thumb Code     2  USBH_HID.o(i.__ARM_common_call_via_r7)
    Inline Thumb to ARM Veneer to __ARM_common_disable_irq 0x00028749   Thumb Code     4  bsp.o(i.__ARM_common_disable_irq)
    __ARM_common_disable_irq                 0x0002874c   ARM Code      20  bsp.o(i.__ARM_common_disable_irq)
    Inline Thumb to ARM Veneer to __ARM_common_enable_irq 0x00028761   Thumb Code     4  bsp.o(i.__ARM_common_enable_irq)
    __ARM_common_enable_irq                  0x00028764   ARM Code      16  bsp.o(i.__ARM_common_enable_irq)
    Inline Thumb to ARM Veneer to __ARM_common_switch8 0x00028775   Thumb Code     4  USBH_HID.o(i.__ARM_common_switch8)
    __ARM_common_switch8                     0x00028778   ARM Code      32  USBH_HID.o(i.__ARM_common_switch8)
    Inline Thumb to ARM Veneer to __ARM_disable_irq 0x00028799   Thumb Code     4  irq.o(i.__ARM_disable_irq)
    __ARM_disable_irq                        0x0002879c   ARM Code      20  irq.o(i.__ARM_disable_irq)
    Inline Thumb to ARM Veneer to __ARM_enable_irq 0x000287b1   Thumb Code     4  irq.o(i.__ARM_enable_irq)
    __ARM_enable_irq                         0x000287b4   ARM Code      16  irq.o(i.__ARM_enable_irq)
    __rt_sdiv_100                            0x000287c5   Thumb Code    36  GUI_Alloc.o(i.__rt_sdiv_100)
    __rt_udiv_100                            0x000287e9   Thumb Code    32  GUI_Alloc.o(i.__rt_udiv_100)
    __rt_udiv_255                            0x00028809   Thumb Code    32  GUI_Alloc.o(i.__rt_udiv_255)
    __rt_udiv_31                             0x00028829   Thumb Code    36  GUICC_565_Index2Color.o(i.__rt_udiv_31)
    __rt_udiv_63                             0x0002884d   Thumb Code    36  GUICC_565_Index2Color.o(i.__rt_udiv_63)
    _is_digit                                0x00028871   Thumb Code    14  __printf_wp.o(i._is_digit)
    LCD_API_ColorConv_565                    0x00028f58   Data          12  GUICC_565.o(.constdata)
    GUIDRV_Lin_OSX_16_API                    0x00028f64   Data          52  GUIDRV_Lin_OSX_16.o(.constdata)
    GUI_MEMDEV_DEVICE_16                     0x000293f0   Data          52  GUIDEV_16.o(.constdata)
    gHccaIntFrameBalance                     0x0002ba14   Data          16  USBH_OHC_HCCA.o(.constdata)
    GUI_acFont6x8                            0x0002c1e0   Data        1304  F6x8.o(.constdata)
    GUI_F6x8_TL8859_1                        0x0002c6f8   Data         448  F6x8.o(.constdata)
    GUI_F6x8_TI8859_1                        0x0002c8b8   Data           8  F6x8.o(.constdata)
    GUI_F6x8_Mono                            0x0002c8c0   Data          20  F6x8.o(.constdata)
    GUI_Font6x8                              0x0002c8d4   Data          36  F6x8.o(.constdata)
    LCD_API_ColorConv_0                      0x0002c8f8   Data          12  GUICC_0.o(.constdata)
    GUI_UC_None                              0x0002c90c   Data          16  GUI_UC_EncodeNone.o(.constdata)
    LCD_aMirror                              0x0002c928   Data         256  LCD_Mirror.o(.constdata)
    GUI_BitmapArrowM                         0x0002d708   Data          20  GUI_CursorArrowM.o(.constdata)
    GUI_CursorArrowM                         0x0002d71c   Data          12  GUI_CursorArrowM.o(.constdata)
    GUI_Pixels_ArrowM                        0x0002d75c   Data          60  GUI_CursorArrowMPx.o(.constdata)
    GUI_CursorPal                            0x0002d7a4   Data          12  GUI_CursorPal.o(.constdata)
    Region$$Table$$Base                      0x0002eb64   Number         0  anon$$obj.o(Region$$Table)
    Region$$Table$$Limit                     0x0002eb84   Number         0  anon$$obj.o(Region$$Table)
    Image$$CSTACK$$ZI$$Base                  0x40000000   Number         0  anon$$obj.o(CSTACK.bss)
    Image$$CSTACK$$ZI$$Limit                 0x40000400   Number         0  anon$$obj.o(CSTACK.bss)
    Image$$IRQ_STACK$$ZI$$Base               0x40000400   Number         0  anon$$obj.o(IRQ_STACK.bss)
    Image$$IRQ_STACK$$ZI$$Limit              0x40000500   Number         0  anon$$obj.o(IRQ_STACK.bss)
    __stdout                                 0xa0000004   Data           4  retarget.o(.data)
    JLINKDCC_IsInHandler                     0xa0000014   Data           1  jlinkdcc_process.o(.data)
    JLINKDCC_AbortOccurred                   0xa0000015   Data           1  jlinkdcc_process.o(.data)
    _pfOnRx                                  0xa0000018   Data           8  jlinkdcc_process.o(.data)
    _pfOnTx                                  0xa0000020   Data           8  jlinkdcc_process.o(.data)
    _LockCntHandles                          0xa0000050   Data           4  GUI_Alloc.o(.data)
    _NumFreeBytes                            0xa0000054   Data           4  GUI_Alloc.o(.data)
    OS_COM_cbRx                              0xa00000d0   Data           4  OS_SetRxCallback.o(.data)
    OS_TimeDex                               0xa00000dc   Data           4  OSGLOBAL.o(.data)
    OS_Time                                  0xa00000e0   Data           4  OSGLOBAL.o(.data)
    OS_Counters                              0xa00000e4   Data           4  OSGLOBAL.o(.data)
    OS_Pending                               0xa00000e8   Data           1  OSGLOBAL.o(.data)
    OS_Status                                0xa00000e9   Data           1  OSGLOBAL.o(.data)
    OS_TimeSlice                             0xa00000ea   Data           1  OSGLOBAL.o(.data)
    OS_TimeSliceAtStart                      0xa00000eb   Data           1  OSGLOBAL.o(.data)
    OS_TickStep                              0xa00000ec   Data           1  OSGLOBAL.o(.data)
    OS_TickStepTime                          0xa00000f0   Data           4  OSGLOBAL.o(.data)
    OS_TS_ExecStart                          0xa00000f4   Data           4  OSGLOBAL.o(.data)
    ProfilingOn                              0xa00000f8   Data           1  OSGLOBAL.o(.data)
    OS_InInt                                 0xa00000f9   Data           1  OSGLOBAL.o(.data)
    OS_InTimer                               0xa00000fa   Data           1  OSGLOBAL.o(.data)
    OS_InitCalled                            0xa00000fb   Data           1  OSGLOBAL.o(.data)
    OS_pTask                                 0xa00000fc   Data           4  OSGLOBAL.o(.data)
    OS_pCurrentTask                          0xa0000100   Data           4  OSGLOBAL.o(.data)
    OS_pActiveTask                           0xa0000104   Data           4  OSGLOBAL.o(.data)
    OS_pTimer                                0xa0000108   Data           4  OSGLOBAL.o(.data)
    OS_pCurrentTimer                         0xa000010c   Data           4  OSGLOBAL.o(.data)
    OS_pRSema                                0xa0000110   Data           4  OSGLOBAL.o(.data)
    OS_pMailbox                              0xa0000114   Data           4  OSGLOBAL.o(.data)
    OS_pTickHook                             0xa0000118   Data           4  OSGLOBAL.o(.data)
    USBH_OHCI_Driver                         0xa0000144   Data          84  USBH_OHC_Device.o(.data)
    GUI_DecChar                              0xa00001a8   Data           1  GUI_Core.o(.data)
    GUI_pfTimerExec                          0xa00001b0   Data           4  GUI_Core.o(.data)
    WM_pfHandlePID                           0xa00001b4   Data           4  GUI_Core.o(.data)
    GUI_pfDispCharStyle                      0xa00001b8   Data           4  GUI_Core.o(.data)
    GUI_pLCD_APIList                         0xa00001bc   Data           4  GUI_Core.o(.data)
    GUI_OrgX                                 0xa00001c0   Data           2  GUI_Core.o(.data)
    GUI_OrgY                                 0xa00001c2   Data           2  GUI_Core.o(.data)
    GUITASK__EntranceCnt                     0xa00001cc   Data           4  GUI_Task.o(.data)
    LCD_pBkColorIndex                        0xa00001d8   Data           4  LCD_Color.o(.data)
    LCD_pColorIndex                          0xa00001dc   Data           4  LCD_Color.o(.data)
    OS_COM_OutBufferCnt                      0xa00001e2   Data           1  OSCOM.o(.data)
    OS_COM_StringLen                         0xa00001eb   Data           1  OSCOM1.o(.data)
    OS_TxActive                              0xa00001ec   Data           1  OSCOM1.o(.data)
    OS_COM_pac                               0xa00001f0   Data           4  OSCOM1.o(.data)
    OS_COM_pTask                             0xa00001f4   Data           4  OSCOM1.o(.data)
    OS_pfOnTerminate                         0xa00001f8   Data           4  OSTERM.o(.data)
    LCD__pSetColorAPI                        0xa0000208   Data           4  LCD.o(.data)
    WM_IsActive                              0xa000020c   Data           1  WM.o(.data)
    WM__PaintCallbackCnt                     0xa000020d   Data           1  WM.o(.data)
    WM__NumWindows                           0xa0000210   Data           2  WM.o(.data)
    WM__NumInvalidWindows                    0xa0000212   Data           2  WM.o(.data)
    WM__CreateFlags                          0xa0000214   Data           2  WM.o(.data)
    WM__TouchedLayer                         0xa0000218   Data           4  WM.o(.data)
    WM__FirstWin                             0xa000021c   Data           4  WM.o(.data)
    WM__pFirstCriticalHandle                 0xa0000220   Data           4  WM.o(.data)
    WM_pfPollPID                             0xa0000224   Data           4  WM.o(.data)
    WM__TransWindowCnt                       0xa0000228   Data           4  WM.o(.data)
    WM__hATransWindow                        0xa000022c   Data           4  WM.o(.data)
    WM__CaptureReleaseAuto                   0xa0000244   Data           1  WM.o(.data)
    OS_STAT_SampleTime                       0xa000024c   Data           4  OSSTAT.o(.data)
    OS_STAT_SampleDelta                      0xa0000250   Data           4  OSSTAT.o(.data)
    _hFirstTimer                             0xa0000258   Data           4  GUI_Timer.o(.data)
    _hActiveTimer                            0xa000025c   Data           4  GUI_Timer.o(.data)
    GUI_Context                              0xa085526c   Data         160  GUI_Core.o(.bss)
    LCD__aConvTable                          0xa085559c   Data        1024  LCD_Color.o(.bss)
    OS_COM_abOutBuffer                       0xa085599c   Data         200  OSCOM.o(.bss)
    USBH_Global                              0xa0855a64   Data          96  USBH_Global.o(.bss)
    WM__ahDesktopWin                         0xa0855b58   Data          64  WM.o(.bss)
    WM__aBkColor                             0xa0855b98   Data          64  WM.o(.bss)
    WM__ahCapture                            0xa0855bd8   Data          64  WM.o(.bss)
    WM__ahWinFocus                           0xa0855c18   Data          64  WM.o(.bss)
    WM__aCHWinModal                          0xa0855d3c   Data         128  WM_Touch.o(.bss)
    WM__aCHWinLast                           0xa0855dbc   Data         128  WM_Touch.o(.bss)
    WM__aCHWinMouseOver                      0xa0855e3c   Data         128  WM_Touch.o(.bss)
    __libspace_start                         0xa08560bc   Data          96  libspace.o(.bss)
    Image$$HEAP$$ZI$$Base                    0xa085611c   Number         0  anon$$obj.o(HEAP.bss)
    __temporary_stack_top$libspace           0xa085611c   Data           0  libspace.o(.bss)
    Image$$HEAP$$ZI$$Limit                   0xa085621c   Number         0  anon$$obj.o(HEAP.bss)



==============================================================================

Memory Map of the image

  Image Entry point : 0x00000000

  Load Region LPC2468_EA_ROM (Base: 0x00000000, Size: 0x0002ede4, Max: 0x00080000, ABSOLUTE, COMPRESSED[0x0002ec08])

    Execution Region ROM (Base: 0x00000000, Size: 0x0002eb84, Max: 0x00080000, ABSOLUTE)

    Base Addr    Size         Type   Attr      Idx    E Section Name        Object

    0x00000000   0x00000038   Code   RO           57  * Vect                vectors.o
    0x00000038   0x00000008   Code   RO         1850  * !!!main             c_t.l(__main.o)
    0x00000040   0x0000003c   Code   RO         2048    !!!scatter          c_t.l(__scatter.o)
    0x0000007c   0x0000005c   Code   RO         2046    !!dczerorl2         c_t.l(__dczerorl2.o)
    0x000000d8   0x0000002c   Code   RO         2050    !!handler_zi        c_t.l(__scatter_zi.o)
    0x00000104   0x00000004   Ven    RO         1803    .ARM.Collect$$_printf_percent$$00000000  c_t.l(_printf_percent.o)
    0x00000108   0x00000000   Code   RO         1803    .ARM.Collect$$_printf_percent$$00000000  c_t.l(_printf_percent.o)
    0x00000108   0x00000008   Code   RO         1802    .ARM.Collect$$_printf_percent$$00000009  c_t.l(_printf_d.o)
    0x00000110   0x00000008   Code   RO         1880    .ARM.Collect$$_printf_percent$$00000017  c_t.l(_printf_percent_end.o)
    0x00000118   0x00000008   Ven    RO         1928    .ARM.Collect$$libinit$$00000000  c_t.l(libinit.o)
    0x00000120   0x00000002   Code   RO         1928    .ARM.Collect$$libinit$$00000000  c_t.l(libinit.o)
    0x00000122   0x00000000   Code   RO         1930    .ARM.Collect$$libinit$$00000002  c_t.l(libinit2.o)
    0x00000122   0x00000000   Code   RO         1933    .ARM.Collect$$libinit$$00000008  c_t.l(libinit2.o)
    0x00000122   0x00000000   Code   RO         1935    .ARM.Collect$$libinit$$0000000A  c_t.l(libinit2.o)
    0x00000122   0x00000000   Code   RO         1937    .ARM.Collect$$libinit$$0000000C  c_t.l(libinit2.o)
    0x00000122   0x00000000   Code   RO         1940    .ARM.Collect$$libinit$$0000000F  c_t.l(libinit2.o)
    0x00000122   0x00000000   Code   RO         1942    .ARM.Collect$$libinit$$00000011  c_t.l(libinit2.o)
    0x00000122   0x00000000   Code   RO         1944    .ARM.Collect$$libinit$$00000013  c_t.l(libinit2.o)
    0x00000122   0x00000000   Code   RO         1946    .ARM.Collect$$libinit$$00000015  c_t.l(libinit2.o)
    0x00000122   0x00000000   Code   RO         1948    .ARM.Collect$$libinit$$00000017  c_t.l(libinit2.o)
    0x00000122   0x00000000   Code   RO         1950    .ARM.Collect$$libinit$$00000019  c_t.l(libinit2.o)
    0x00000122   0x00000000   Code   RO         1952    .ARM.Collect$$libinit$$0000001B  c_t.l(libinit2.o)
    0x00000122   0x00000000   Code   RO         1954    .ARM.Collect$$libinit$$0000001D  c_t.l(libinit2.o)
    0x00000122   0x00000000   Code   RO         1956    .ARM.Collect$$libinit$$0000001F  c_t.l(libinit2.o)
    0x00000122   0x00000000   Code   RO         1958    .ARM.Collect$$libinit$$00000021  c_t.l(libinit2.o)
    0x00000122   0x00000000   Code   RO         1960    .ARM.Collect$$libinit$$00000023  c_t.l(libinit2.o)
    0x00000122   0x00000000   Code   RO         1964    .ARM.Collect$$libinit$$0000002A  c_t.l(libinit2.o)
    0x00000122   0x00000000   Code   RO         1966    .ARM.Collect$$libinit$$0000002C  c_t.l(libinit2.o)
    0x00000122   0x00000000   Code   RO         1968    .ARM.Collect$$libinit$$0000002E  c_t.l(libinit2.o)
    0x00000122   0x00000000   Code   RO         1970    .ARM.Collect$$libinit$$00000030  c_t.l(libinit2.o)
    0x00000122   0x0000000c   Code   RO         1971    .ARM.Collect$$libinit$$00000031  c_t.l(libinit2.o)
    0x0000012e   0x00000002   PAD
    0x00000130   0x00000008   Ven    RO         2011    .ARM.Collect$$libshutdown$$00000000  c_t.l(libshutdown.o)
    0x00000138   0x00000004   Code   RO         2011    .ARM.Collect$$libshutdown$$00000000  c_t.l(libshutdown.o)
    0x0000013c   0x00000000   Code   RO         2031    .ARM.Collect$$libshutdown$$00000003  c_t.l(libshutdown2.o)
    0x0000013c   0x00000000   Code   RO         2034    .ARM.Collect$$libshutdown$$00000006  c_t.l(libshutdown2.o)
    0x0000013c   0x00000000   Code   RO         2037    .ARM.Collect$$libshutdown$$00000009  c_t.l(libshutdown2.o)
    0x0000013c   0x00000000   Code   RO         2039    .ARM.Collect$$libshutdown$$0000000B  c_t.l(libshutdown2.o)
    0x0000013c   0x00000000   Code   RO         2042    .ARM.Collect$$libshutdown$$0000000E  c_t.l(libshutdown2.o)
    0x0000013c   0x00000006   Code   RO         2043    .ARM.Collect$$libshutdown$$0000000F  c_t.l(libshutdown2.o)
    0x00000142   0x00000002   PAD
    0x00000144   0x00000000   Code   RO         1863    .ARM.Collect$$rtentry$$00000000  c_t.l(rtentry.o)
    0x00000144   0x00000000   Code   RO         1886    .ARM.Collect$$rtentry$$00000002  c_t.l(rtentry2.o)
    0x00000144   0x00000008   Code   RO         1898    .ARM.Collect$$rtentry$$00000004  c_t.l(rtentry4.o)
    0x0000014c   0x00000000   Code   RO         1888    .ARM.Collect$$rtentry$$00000009  c_t.l(rtentry2.o)
    0x0000014c   0x00000004   Code   RO         1889    .ARM.Collect$$rtentry$$0000000A  c_t.l(rtentry2.o)
    0x00000150   0x00000000   Code   RO         1891    .ARM.Collect$$rtentry$$0000000C  c_t.l(rtentry2.o)
    0x00000150   0x00000028   Code   RO         1892    .ARM.Collect$$rtentry$$0000000D  c_t.l(rtentry2.o)
    0x00000178   0x00000004   Ven    RO         1972    .ARM.Collect$$rtexit$$00000000  c_t.l(rtexit.o)
    0x0000017c   0x00000004   Code   RO         1972    .ARM.Collect$$rtexit$$00000000  c_t.l(rtexit.o)
    0x00000180   0x00000000   Code   RO         1985    .ARM.Collect$$rtexit$$00000002  c_t.l(rtexit2.o)
    0x00000180   0x00000004   Code   RO         1986    .ARM.Collect$$rtexit$$00000003  c_t.l(rtexit2.o)
    0x00000184   0x00000008   Code   RO         1987    .ARM.Collect$$rtexit$$00000004  c_t.l(rtexit2.o)
    0x0000018c   0x0000020c   Code   RO            4    .text               os_usbh_hid.o
    0x00000398   0x0000077c   Code   RO           61    .text               bsp.o
    0x00000b14   0x00000054   Code   RO           65    .text               bsp.o
    0x00000b68   0x00000008   Ven    RO          218    .text               retarget.o
    0x00000b70   0x0000003c   Code   RO          218    .text               retarget.o
    0x00000bac   0x0000006c   Code   RO          292    .text               usbh_config_lpc24xx.o
    0x00000c18   0x0000030c   Code   RO          309    .text               i2cpca9532.o
    0x00000f24   0x000004ac   Code   RO          321    .text               rtosinit.o
    0x000013d0   0x00000158   Code   RO          354    .text               gui_x_touch.o
    0x00001528   0x0000001c   Code   RO          375    .text               guiconf.o
    0x00001544   0x000001b8   Code   RO          447    .text               usbh_configio.o
    0x000016fc   0x00000048   Code   RO          605    .text               gui_x_embos.o
    0x00001744   0x00000010   Code   RO          606    .text               gui_x_embos.o
    0x00001754   0x00000014   Code   RO          608    .text               gui_x_embos.o
    0x00001768   0x00000014   Code   RO          611    .text               gui_x_embos.o
    0x0000177c   0x00000034   Code   RO          918    .text               os_error.o
    0x000017b0   0x00000070   Code   RO          930    .text               main.o
    0x00001820   0x0000038c   Code   RO         1014    .text               jlinkdcc_process.o
    0x00001bac   0x00000020   Code   RO         1092    .text               GUIv5_4t_tl_i_trial.lib(GUICC_565.o)
    0x00001bcc   0x000011b4   Code   RO         1095    .text               GUIv5_4t_tl_i_trial.lib(GUIDRV_Lin_OSX_16.o)
    0x00002d80   0x00000938   Code   RO         1104    .text               GUIv5_4t_tl_i_trial.lib(GUI_Alloc.o)
    0x000036b8   0x00000248   Code   RO         1111    .text               GUIv5_4t_tl_i_trial.lib(GUI_Device.o)
    0x00003900   0x000000cc   Code   RO         1113    .text               GUIv5_4t_tl_i_trial.lib(GUI_OnKey.o)
    0x000039cc   0x0000025c   Code   RO         1117    .text               GUIv5_4t_tl_i_trial.lib(GUI_TOUCH_DriverAnalog.o)
    0x00003c28   0x000005c8   Code   RO         1121    .text               GUIv5_4t_tl_i_trial.lib(LCD_GetEx.o)
    0x000041f0   0x00000480   Code   RO         1123    .text               GUIv5_4t_tl_i_trial.lib(LCD_Set.o)
    0x00004670   0x000000f0   Code   RO         1154    .text               osT4LDP_trial.lib(OS_CreateTask.o)
    0x00004760   0x00000022   Code   RO         1157    .text               osT4LDP_trial.lib(OS_EVENT_Create.o)
    0x00004782   0x00000002   PAD
    0x00004784   0x00000070   Code   RO         1163    .text               osT4LDP_trial.lib(OS_EVENT_Set.o)
    0x000047f4   0x00000074   Code   RO         1165    .text               osT4LDP_trial.lib(OS_EVENT_Wait.o)
    0x00004868   0x000000a8   Code   RO         1167    .text               osT4LDP_trial.lib(OS_EVENT_WaitTimed.o)
    0x00004910   0x00000098   Code   RO         1169    .text               osT4LDP_trial.lib(OS_HandleTick.o)
    0x000049a8   0x00000010   Code   RO         1171    .text               osT4LDP_trial.lib(OS_SetRxCallback.o)
    0x000049b8   0x00000234   Code   RO         1174    .text               osT4LDP_trial.lib(OSCOMRxTx1.o)
    0x00004bec   0x00000070   Code   RO         1234    .text               osT4LDP_trial.lib(OSGM.o)
    0x00004c5c   0x00000108   Code   RO         1236    .text               osT4LDP_trial.lib(OSINFO.o)
    0x00004d64   0x000007f0   Code   RO         1239    .text               osT4LDP_trial.lib(OSKERN.o)
    0x00005554   0x000000a0   Code   RO         1242    .text               osT4LDP_trial.lib(OSMAIL.o)
    0x000055f4   0x00000074   Code   RO         1244    .text               osT4LDP_trial.lib(OSPM.o)
    0x00005668   0x000001a8   Code   RO         1246    .text               osT4LDP_trial.lib(OSRSEM.o)
    0x00005810   0x00000088   Code   RO         1248    .text               osT4LDP_trial.lib(OSSETP.o)
    0x00005898   0x000001e0   Code   RO         1250    .text               osT4LDP_trial.lib(OSTIME.o)
    0x00005a78   0x00000f3c   Code   RO         1260    .text               USBH_4t_tl_id_trial.lib(USBH_Core.o)
    0x000069b4   0x00002638   Code   RO         1266    .text               USBH_4t_tl_id_trial.lib(USBH_HID.o)
    0x00008fec   0x00000358   Code   RO         1275    .text               USBH_4t_tl_id_trial.lib(USBH_Log.o)
    0x00009344   0x00000474   Code   RO         1279    .text               USBH_4t_tl_id_trial.lib(USBH_MEM.o)
    0x000097b8   0x00002d20   Code   RO         1282    .text               USBH_4t_tl_id_trial.lib(USBH_OHC_Device.o)
    0x0000c4d8   0x00000208   Code   RO         1286    .text               USBH_4t_tl_id_trial.lib(USBH_OS_embOS.o)
    0x0000c6e0   0x00000038   Code   RO         1326    .text               GUIv5_4t_tl_i_trial.lib(GUICC_565_Index2Color.o)
    0x0000c718   0x00000a48   Code   RO         1337    .text               GUIv5_4t_tl_i_trial.lib(GUIDEV_16.o)
    0x0000d160   0x00000214   Code   RO         1340    .text               GUIv5_4t_tl_i_trial.lib(GUI_Core.o)
    0x0000d374   0x00000140   Code   RO         1354    .text               GUIv5_4t_tl_i_trial.lib(GUI_Task.o)
    0x0000d4b4   0x00000038   Code   RO         1358    .text               GUIv5_4t_tl_i_trial.lib(GUI_TOUCH_StoreUnstable.o)
    0x0000d4ec   0x00000104   Code   RO         1363    .text               GUIv5_4t_tl_i_trial.lib(LCD_Color.o)
    0x0000d5f0   0x00000048   Code   RO         1371    .text               GUIv5_4t_tl_i_trial.lib(WM_OnKey.o)
    0x0000d638   0x0000003c   Code   RO         1451    .text               osT4LDP_trial.lib(OS_DeactivateP.o)
    0x0000d674   0x00000044   Code   RO         1453    .text               osT4LDP_trial.lib(OS_DeactivateTP.o)
    0x0000d6b8   0x0000003c   Code   RO         1455    .text               osT4LDP_trial.lib(OS_EVENT_Reset.o)
    0x0000d6f4   0x00000030   Code   RO         1457    .text               osT4LDP_trial.lib(OS_GetNumTasks.o)
    0x0000d724   0x00000038   Code   RO         1461    .text               osT4LDP_trial.lib(OS_Wait.o)
    0x0000d75c   0x00000430   Code   RO         1463    .text               osT4LDP_trial.lib(OSCOM.o)
    0x0000db8c   0x000000d0   Code   RO         1471    .text               osT4LDP_trial.lib(OSMX.o)
    0x0000dc5c   0x00002148   Code   RO         1480    .text               USBH_4t_tl_id_trial.lib(USBH_Device.o)
    0x0000fda4   0x00000adc   Code   RO         1484    .text               USBH_4t_tl_id_trial.lib(USBH_Driver.o)
    0x00010880   0x00000ed4   Code   RO         1488    .text               USBH_4t_tl_id_trial.lib(USBH_HC.o)
    0x00011754   0x000013fc   Code   RO         1491    .text               USBH_4t_tl_id_trial.lib(USBH_Interface.o)
    0x00012b50   0x0000085c   Code   RO         1494    .text               USBH_4t_tl_id_trial.lib(USBH_OHC_EP.o)
    0x000133ac   0x00001abe   Code   RO         1497    .text               USBH_4t_tl_id_trial.lib(USBH_OHC_EP_BulkInt.o)
    0x00014e6a   0x00000002   PAD
    0x00014e6c   0x0000171c   Code   RO         1500    .text               USBH_4t_tl_id_trial.lib(USBH_OHC_EP_Control.o)
    0x00016588   0x00000ddc   Code   RO         1503    .text               USBH_4t_tl_id_trial.lib(USBH_OHC_EP_Int.o)
    0x00017364   0x00001adc   Code   RO         1506    .text               USBH_4t_tl_id_trial.lib(USBH_OHC_EP_Iso.o)
    0x00018e40   0x000001fc   Code   RO         1509    .text               USBH_4t_tl_id_trial.lib(USBH_OHC_HCCA.o)
    0x0001903c   0x00000de8   Code   RO         1512    .text               USBH_4t_tl_id_trial.lib(USBH_OHC_RootHub.o)
    0x00019e24   0x00000418   Code   RO         1515    .text               USBH_4t_tl_id_trial.lib(USBH_OHC_td.o)
    0x0001a23c   0x000003c4   Code   RO         1518    .text               USBH_4t_tl_id_trial.lib(USBH_OHC_Transfer.o)
    0x0001a600   0x00000f44   Code   RO         1521    .text               USBH_4t_tl_id_trial.lib(USBH_RootHub.o)
    0x0001b544   0x0000014c   Code   RO         1534    .text               GUIv5_4t_tl_i_trial.lib(GUICC_0.o)
    0x0001b690   0x00000074   Code   RO         1537    .text               GUIv5_4t_tl_i_trial.lib(GUIDEV_Usage.o)
    0x0001b704   0x000002c8   Code   RO         1539    .text               GUIv5_4t_tl_i_trial.lib(GUIDEV_WriteToActiveOpaque.o)
    0x0001b9cc   0x00000108   Code   RO         1542    .text               GUIv5_4t_tl_i_trial.lib(GUI_DispString.o)
    0x0001bad4   0x00000058   Code   RO         1544    .text               GUIv5_4t_tl_i_trial.lib(GUI_Goto.o)
    0x0001bb2c   0x000000dc   Code   RO         1546    .text               GUIv5_4t_tl_i_trial.lib(GUI_PID.o)
    0x0001bc08   0x0000011c   Code   RO         1550    .text               GUIv5_4t_tl_i_trial.lib(GUI_SelectLayer.o)
    0x0001bd24   0x00000040   Code   RO         1553    .text               GUIv5_4t_tl_i_trial.lib(GUI_SetOrg.o)
    0x0001bd64   0x00000030   Code   RO         1555    .text               GUIv5_4t_tl_i_trial.lib(GUI_TOUCH_StoreState.o)
    0x0001bd94   0x00000030   Code   RO         1558    .text               GUIv5_4t_tl_i_trial.lib(GUI_UC_EncodeNone.o)
    0x0001bdc4   0x0000006e   Code   RO         1561    .text               GUIv5_4t_tl_i_trial.lib(GUI__memset16.o)
    0x0001be32   0x00000002   PAD
    0x0001be34   0x00000608   Code   RO         1563    .text               GUIv5_4t_tl_i_trial.lib(LCD.o)
    0x0001c43c   0x0000002c   Code   RO         1567    .text               GUIv5_4t_tl_i_trial.lib(LCD_GetNumDisplays.o)
    0x0001c468   0x00001604   Code   RO         1570    .text               GUIv5_4t_tl_i_trial.lib(WM.o)
    0x0001da6c   0x00000014   Code   RO         1575    .text               GUIv5_4t_tl_i_trial.lib(WM_GetDesktopWindow.o)
    0x0001da80   0x00000044   Code   RO         1577    .text               GUIv5_4t_tl_i_trial.lib(WM__SendMessage.o)
    0x0001dac4   0x000000a4   Code   RO         1605    .text               osT4LDP_trial.lib(OSSTAT.o)
    0x0001db68   0x0000110c   Code   RO         1610    .text               USBH_4t_tl_id_trial.lib(USBH_DebugStrings.o)
    0x0001ec74   0x0000047c   Code   RO         1612    .text               USBH_4t_tl_id_trial.lib(USBH_EndPoint.o)
    0x0001f0f0   0x000005f0   Code   RO         1614    .text               USBH_4t_tl_id_trial.lib(USBH_Enum.o)
    0x0001f6e0   0x000035ec   Code   RO         1617    .text               USBH_4t_tl_id_trial.lib(USBH_Hub.o)
    0x00022ccc   0x0000046c   Code   RO         1620    .text               USBH_4t_tl_id_trial.lib(USBH_PnPNotification.o)
    0x00023138   0x00000ba0   Code   RO         1623    .text               USBH_4t_tl_id_trial.lib(USBH_URB.o)
    0x00023cd8   0x000003ac   Code   RO         1626    .text               GUIv5_4t_tl_i_trial.lib(GUIDEV.o)
    0x00024084   0x00000120   Code   RO         1629    .text               GUIv5_4t_tl_i_trial.lib(GUIDEV_Banding.o)
    0x000241a4   0x0000002c   Code   RO         1631    .text               GUIv5_4t_tl_i_trial.lib(GUI_ALLOC_AllocZero.o)
    0x000241d0   0x00000058   Code   RO         1633    .text               GUIv5_4t_tl_i_trial.lib(GUI_CalcColorDist.o)
    0x00024228   0x000000fc   Code   RO         1635    .text               GUIv5_4t_tl_i_trial.lib(GUI_Char.o)
    0x00024324   0x00000230   Code   RO         1637    .text               GUIv5_4t_tl_i_trial.lib(GUI_CharLine.o)
    0x00024554   0x00000188   Code   RO         1639    .text               GUIv5_4t_tl_i_trial.lib(GUI_CharM.o)
    0x000246dc   0x0000006c   Code   RO         1641    .text               GUIv5_4t_tl_i_trial.lib(GUI_MergeRect.o)
    0x00024748   0x0000001e   Code   RO         1643    .text               GUIv5_4t_tl_i_trial.lib(GUI_MoveRect.o)
    0x00024766   0x00000038   Code   RO         1645    .text               GUIv5_4t_tl_i_trial.lib(GUI_RectsIntersect.o)
    0x0002479e   0x00000002   PAD
    0x000247a0   0x00000028   Code   RO         1647    .text               GUIv5_4t_tl_i_trial.lib(GUI_SaveContext.o)
    0x000247c8   0x0000001c   Code   RO         1649    .text               GUIv5_4t_tl_i_trial.lib(GUI_SelectLCD.o)
    0x000247e4   0x00000030   Code   RO         1651    .text               GUIv5_4t_tl_i_trial.lib(GUI_SetColor.o)
    0x00024814   0x00000080   Code   RO         1653    .text               GUIv5_4t_tl_i_trial.lib(GUI_SetDefault.o)
    0x00024894   0x00000040   Code   RO         1655    .text               GUIv5_4t_tl_i_trial.lib(GUI_TOUCH.o)
    0x000248d4   0x000000f0   Code   RO         1658    .text               GUIv5_4t_tl_i_trial.lib(GUI_UC.o)
    0x000249c4   0x00000042   Code   RO         1660    .text               GUIv5_4t_tl_i_trial.lib(GUI__IntersectRect.o)
    0x00024a06   0x00000056   Code   RO         1662    .text               GUIv5_4t_tl_i_trial.lib(GUI__IntersectRects.o)
    0x00024a5c   0x00000034   Code   RO         1664    .text               GUIv5_4t_tl_i_trial.lib(LCD_SetClipRectEx.o)
    0x00024a90   0x00000058   Code   RO         1666    .text               GUIv5_4t_tl_i_trial.lib(WM_BringToBottom.o)
    0x00024ae8   0x00000040   Code   RO         1668    .text               GUIv5_4t_tl_i_trial.lib(WM_CriticalHandle.o)
    0x00024b28   0x0000001e   Code   RO         1670    .text               GUIv5_4t_tl_i_trial.lib(WM_GetFirstChild.o)
    0x00024b46   0x00000016   Code   RO         1672    .text               GUIv5_4t_tl_i_trial.lib(WM_NotifyParent.o)
    0x00024b5c   0x0000002c   Code   RO         1674    .text               GUIv5_4t_tl_i_trial.lib(WM_SendToParent.o)
    0x00024b88   0x0000015c   Code   RO         1676    .text               GUIv5_4t_tl_i_trial.lib(WM_Timer.o)
    0x00024ce4   0x00000474   Code   RO         1678    .text               GUIv5_4t_tl_i_trial.lib(WM_Touch.o)
    0x00025158   0x00000038   Code   RO         1685    .text               GUIv5_4t_tl_i_trial.lib(GUIDEV_Clear.o)
    0x00025190   0x00000030   Code   RO         1687    .text               GUIv5_4t_tl_i_trial.lib(GUIDEV_GetYSize.o)
    0x000251c0   0x00000038   Code   RO         1689    .text               GUIv5_4t_tl_i_trial.lib(GUIDEV_ReduceYSize.o)
    0x000251f8   0x00000060   Code   RO         1691    .text               GUIv5_4t_tl_i_trial.lib(GUIDEV_SetOrg.o)
    0x00025258   0x000001c0   Code   RO         1693    .text               GUIv5_4t_tl_i_trial.lib(GUIDEV_UsageBM.o)
    0x00025418   0x000002a0   Code   RO         1696    .text               GUIv5_4t_tl_i_trial.lib(GUI_Curs1.o)
    0x000256b8   0x00000040   Code   RO         1699    .text               GUIv5_4t_tl_i_trial.lib(GUI_GetOrg.o)
    0x000256f8   0x00000064   Code   RO         1701    .text               GUIv5_4t_tl_i_trial.lib(GUI_Pen.o)
    0x0002575c   0x0000001c   Code   RO         1703    .text               GUIv5_4t_tl_i_trial.lib(GUI_SetDrawMode.o)
    0x00025778   0x00000024   Code   RO         1705    .text               GUIv5_4t_tl_i_trial.lib(GUI_SetFont.o)
    0x0002579c   0x00000020   Code   RO         1707    .text               GUIv5_4t_tl_i_trial.lib(GUI_SetLineStyle.o)
    0x000257bc   0x00000020   Code   RO         1709    .text               GUIv5_4t_tl_i_trial.lib(GUI_SetTextAlign.o)
    0x000257dc   0x00000020   Code   RO         1711    .text               GUIv5_4t_tl_i_trial.lib(GUI_SetTextMode.o)
    0x000257fc   0x0000006c   Code   RO         1713    .text               GUIv5_4t_tl_i_trial.lib(GUI_Time.o)
    0x00025868   0x000002a8   Code   RO         1715    .text               GUIv5_4t_tl_i_trial.lib(GUI_Timer.o)
    0x00025b10   0x00000070   Code   RO         1718    .text               GUIv5_4t_tl_i_trial.lib(GUI__memset.o)
    0x00025b80   0x00000048   Code   RO         1720    .text               GUIv5_4t_tl_i_trial.lib(LCD_SelectLCD.o)
    0x00025bc8   0x00000024   Code   RO         1722    .text               GUIv5_4t_tl_i_trial.lib(LCD_UpdateColorIndices.o)
    0x00025bec   0x0000001e   Code   RO         1724    .text               GUIv5_4t_tl_i_trial.lib(WM_GetParent.o)
    0x00025c0a   0x0000001c   Code   RO         1726    .text               GUIv5_4t_tl_i_trial.lib(WM_IsWindow.o)
    0x00025c26   0x00000002   PAD
    0x00025c28   0x00000028   Code   RO         1728    .text               GUIv5_4t_tl_i_trial.lib(WM_PID__GetPrevState.o)
    0x00025c50   0x000001b0   Code   RO         1731    .text               GUIv5_4t_tl_i_trial.lib(WM_Screen2Win.o)
    0x00025e00   0x00000088   Code   RO         1733    .text               GUIv5_4t_tl_i_trial.lib(WM_SetCapture.o)
    0x00025e88   0x0000002c   Code   RO         1735    .text               GUIv5_4t_tl_i_trial.lib(WM__GetPrevSibling.o)
    0x00025eb4   0x00000058   Code   RO         1737    .text               GUIv5_4t_tl_i_trial.lib(WM__IsAncestor.o)
    0x00025f0c   0x00000018   Code   RO         1739    .text               GUIv5_4t_tl_i_trial.lib(WM__IsEnabled.o)
    0x00025f24   0x0000001c   Code   RO         1741    .text               GUIv5_4t_tl_i_trial.lib(WM__SendMessageIfEnabled.o)
    0x00025f40   0x00000168   Code   RO         1745    .text               GUIv5_4t_tl_i_trial.lib(GUI_DrawBitmap.o)
    0x000260a8   0x00000060   Code   RO         1747    .text               GUIv5_4t_tl_i_trial.lib(GUI_Exec.o)
    0x00026108   0x000017b0   Code   RO         1749    .text               GUIv5_4t_tl_i_trial.lib(GUI_SPRITE.o)
    0x000278b8   0x00000014   Code   RO         1752    .text               GUIv5_4t_tl_i_trial.lib(WM_GetDesktopWindowEx.o)
    0x000278cc   0x00000016   Code   RO         1754    .text               GUIv5_4t_tl_i_trial.lib(WM__GetFirstSibling.o)
    0x000278e2   0x0000012c   Code   RO         1759    .text               GUIv5_4t_tl_i_trial.lib(GUI_GetBitmapPixelIndex.o)
    0x00027a0e   0x00000002   PAD
    0x00027a10   0x00000004   Code   RO         1763    .text               c_t.l(use_no_semi.o)
    0x00027a14   0x00000028   Code   RO         1773    .text               c_t.l(noretval__2sprintf.o)
    0x00027a3c   0x00000008   Ven    RO         1779    .text               c_t.l(_printf_dec.o)
    0x00027a44   0x00000070   Code   RO         1779    .text               c_t.l(_printf_dec.o)
    0x00027ab4   0x0000011e   Code   RO         1789    .text               c_t.l(__printf_wp.o)
    0x00027bd2   0x0000000c   Code   RO         1804    .text               c_t.l(putc.o)
    0x00027bde   0x00000076   Code   RO         1806    .text               c_t.l(memcmp.o)
    0x00027c54   0x00000050   Code   RO         1808    .text               c_t.l(strcpy.o)
    0x00027ca4   0x00000004   Ven    RO         1816    .text               c_t.l(rt_memcpy.o)
    0x00027ca8   0x000000d4   Code   RO         1816    .text               c_t.l(rt_memcpy.o)
    0x00027d7c   0x00000004   Ven    RO         1818    .text               c_t.l(rt_memmove.o)
    0x00027d80   0x000000d4   Code   RO         1818    .text               c_t.l(rt_memmove.o)
    0x00027e54   0x00000004   Ven    RO         1820    .text               c_t.l(rt_memcpy_w.o)
    0x00027e58   0x00000064   Code   RO         1820    .text               c_t.l(rt_memcpy_w.o)
    0x00027ebc   0x00000004   Ven    RO         1822    .text               c_t.l(aeabi_memset.o)
    0x00027ec0   0x00000010   Code   RO         1822    .text               c_t.l(aeabi_memset.o)
    0x00027ed0   0x00000004   Ven    RO         1824    .text               c_t.l(rt_memclr.o)
    0x00027ed4   0x00000040   Code   RO         1824    .text               c_t.l(rt_memclr.o)
    0x00027f14   0x00000004   Ven    RO         1826    .text               c_t.l(rt_memclr_w.o)
    0x00027f18   0x00000054   Code   RO         1826    .text               c_t.l(rt_memclr_w.o)
    0x00027f6c   0x00000004   Ven    RO         1830    .text               c_t.l(strcmpfast.o)
    0x00027f70   0x000000bc   Code   RO         1830    .text               c_t.l(strcmpfast.o)
    0x0002802c   0x00000004   Ven    RO         1832    .text               c_t.l(aeabi_sdivfast.o)
    0x00028030   0x0000022c   Code   RO         1832    .text               c_t.l(aeabi_sdivfast.o)
    0x0002825c   0x00000006   Code   RO         1848    .text               c_t.l(heapauxi.o)
    0x00028262   0x00000002   PAD
    0x00028264   0x00000010   Code   RO         1854    .text               h_t.l(callvia.o)
    0x00028274   0x000000ba   Code   RO         1870    .text               c_t.l(_printf_intcommon.o)
    0x0002832e   0x00000002   PAD
    0x00028330   0x00000030   Code   RO         1872    .text               c_t.l(_printf_char_common.o)
    0x00028360   0x0000000a   Code   RO         1874    .text               c_t.l(_sputc.o)
    0x0002836a   0x00000002   PAD
    0x0002836c   0x00000080   Code   RO         1881    .text               c_t.l(rt_memmove_w.o)
    0x000283ec   0x00000004   Ven    RO         1883    .text               c_t.l(rtudiv10.o)
    0x000283f0   0x0000002c   Code   RO         1883    .text               c_t.l(rtudiv10.o)
    0x0002841c   0x0000000c   Code   RO         1912    .text               c_t.l(libspace.o)
    0x00028428   0x00000060   Code   RO         1915    .text               c_t.l(sys_stackheap_outer.o)
    0x00028488   0x0000000c   Code   RO         1917    .text               c_t.l(exit.o)
    0x00028494   0x00000004   Ven    RO         1833    .text_udiv          c_t.l(aeabi_sdivfast.o)
    0x00028498   0x00000030   Code   RO         1833    .text_udiv          c_t.l(aeabi_sdivfast.o)
    0x000284c8   0x00000004   Ven    RO         1055    C$$code             jlinkdcc_process_asm.o
    0x000284cc   0x00000018   Code   RO         1055    C$$code             jlinkdcc_process_asm.o
    0x000284e4   0x00000170   Code   RO         1153    C$$code             osT4LDP_trial.lib(RTOS.o)
    0x00028654   0x00000050   Code   RO          253  * Init                startup_lpc2xxx.o
    0x000286a4   0x00000008   Ven    RO         2074    Veneer$$Code        anon$$obj.o
    0x000286ac   0x00000008   Ven    RO         2075    Veneer$$Code        anon$$obj.o
    0x000286b4   0x00000008   Ven    RO         2076    Veneer$$Code        anon$$obj.o
    0x000286bc   0x00000008   Ven    RO         2077    Veneer$$Code        anon$$obj.o
    0x000286c4   0x00000008   Ven    RO         2078    Veneer$$Code        anon$$obj.o
    0x000286cc   0x00000008   Ven    RO         2079    Veneer$$Code        anon$$obj.o
    0x000286d4   0x00000008   Ven    RO         2080    Veneer$$Code        anon$$obj.o
    0x000286dc   0x00000008   Ven    RO         2081    Veneer$$Code        anon$$obj.o
    0x000286e4   0x00000008   Ven    RO         2082    Veneer$$Code        anon$$obj.o
    0x000286ec   0x00000008   Ven    RO         2083    Veneer$$Code        anon$$obj.o
    0x000286f4   0x00000008   Ven    RO         2084    Veneer$$Code        anon$$obj.o
    0x000286fc   0x0000000c   Ven    RO         2085    Veneer$$Code        anon$$obj.o
    0x00028708   0x0000000c   Ven    RO         2086    Veneer$$Code        anon$$obj.o
    0x00028714   0x0000000c   Ven    RO         2087    Veneer$$Code        anon$$obj.o
    0x00028720   0x0000000c   Ven    RO         2088    Veneer$$Code        anon$$obj.o
    0x0002872c   0x0000000c   Ven    RO         2089    Veneer$$Code        anon$$obj.o
    0x00028738   0x00000002   Code   RO         1045    i.__ARM_common_call_via_r1  jlinkdcc_process.o
    0x0002873a   0x00000002   Code   RO         1047    i.__ARM_common_call_via_r2  jlinkdcc_process.o
    0x0002873c   0x00000002   Code   RO         1264    i.__ARM_common_call_via_r3  USBH_4t_tl_id_trial.lib(USBH_Core.o)
    0x0002873e   0x00000002   Code   RO          342    i.__ARM_common_call_via_r4  rtosinit.o
    0x00028740   0x00000002   Code   RO          687    i.__ARM_common_call_via_r5  ip_fs_fs.o
    0x00028742   0x00000002   Code   RO          709    i.__ARM_common_call_via_r6  fs_ro.o
    0x00028744   0x00000002   Code   RO         1271    i.__ARM_common_call_via_r7  USBH_4t_tl_id_trial.lib(USBH_HID.o)
    0x00028746   0x00000002   PAD
    0x00028748   0x00000004   Ven    RO           99    i.__ARM_common_disable_irq  bsp.o
    0x0002874c   0x00000014   Code   RO           99    i.__ARM_common_disable_irq  bsp.o
    0x00028760   0x00000004   Ven    RO           97    i.__ARM_common_enable_irq  bsp.o
    0x00028764   0x00000010   Code   RO           97    i.__ARM_common_enable_irq  bsp.o
    0x00028774   0x00000004   Ven    RO         1273    i.__ARM_common_switch8  USBH_4t_tl_id_trial.lib(USBH_HID.o)
    0x00028778   0x00000020   Code   RO         1273    i.__ARM_common_switch8  USBH_4t_tl_id_trial.lib(USBH_HID.o)
    0x00028798   0x00000004   Ven    RO         1856    i.__ARM_disable_irq  h_t.l(irq.o)
    0x0002879c   0x00000014   Code   RO         1856    i.__ARM_disable_irq  h_t.l(irq.o)
    0x000287b0   0x00000004   Ven    RO         1858    i.__ARM_enable_irq  h_t.l(irq.o)
    0x000287b4   0x00000010   Code   RO         1858    i.__ARM_enable_irq  h_t.l(irq.o)
    0x000287c4   0x00000024   Code   RO         1109    i.__rt_sdiv_100     GUIv5_4t_tl_i_trial.lib(GUI_Alloc.o)
    0x000287e8   0x00000020   Code   RO         1108    i.__rt_udiv_100     GUIv5_4t_tl_i_trial.lib(GUI_Alloc.o)
    0x00028808   0x00000020   Code   RO         1110    i.__rt_udiv_255     GUIv5_4t_tl_i_trial.lib(GUI_Alloc.o)
    0x00028828   0x00000024   Code   RO         1329    i.__rt_udiv_31      GUIv5_4t_tl_i_trial.lib(GUICC_565_Index2Color.o)
    0x0002884c   0x00000024   Code   RO         1328    i.__rt_udiv_63      GUIv5_4t_tl_i_trial.lib(GUICC_565_Index2Color.o)
    0x00028870   0x0000000e   Code   RO         1791    i._is_digit         c_t.l(__printf_wp.o)
    0x0002887e   0x00000002   PAD
    0x00028880   0x000006d8   Data   RO            6    .constdata          os_usbh_hid.o
    0x00028f58   0x0000000c   Data   RO         1093    .constdata          GUIv5_4t_tl_i_trial.lib(GUICC_565.o)
    0x00028f64   0x00000034   Data   RO         1096    .constdata          GUIv5_4t_tl_i_trial.lib(GUIDRV_Lin_OSX_16.o)
    0x00028f98   0x0000002b   Data   RO         1237    .constdata          osT4LDP_trial.lib(OSINFO.o)
    0x00028fc3   0x00000001   PAD
    0x00028fc4   0x000000e0   Data   RO         1261    .constdata          USBH_4t_tl_id_trial.lib(USBH_Core.o)
    0x000290a4   0x000000ca   Data   RO         1268    .constdata          USBH_4t_tl_id_trial.lib(USBH_HID.o)
    0x0002916e   0x00000010   Data   RO         1276    .constdata          USBH_4t_tl_id_trial.lib(USBH_Log.o)
    0x0002917e   0x00000002   PAD
    0x00029180   0x0000022f   Data   RO         1283    .constdata          USBH_4t_tl_id_trial.lib(USBH_OHC_Device.o)
    0x000293af   0x00000001   PAD
    0x000293b0   0x00000074   Data   RO         1338    .constdata          GUIv5_4t_tl_i_trial.lib(GUIDEV_16.o)
    0x00029424   0x00000078   Data   RO         1342    .constdata          GUIv5_4t_tl_i_trial.lib(GUI_Core.o)
    0x0002949c   0x00001017   Data   RO         1481    .constdata          USBH_4t_tl_id_trial.lib(USBH_Device.o)
    0x0002a4b3   0x00000001   PAD
    0x0002a4b4   0x00000051   Data   RO         1485    .constdata          USBH_4t_tl_id_trial.lib(USBH_Driver.o)
    0x0002a505   0x00000003   PAD
    0x0002a508   0x000002fd   Data   RO         1489    .constdata          USBH_4t_tl_id_trial.lib(USBH_HC.o)
    0x0002a805   0x00000003   PAD
    0x0002a808   0x000000ed   Data   RO         1492    .constdata          USBH_4t_tl_id_trial.lib(USBH_Interface.o)
    0x0002a8f5   0x00000003   PAD
    0x0002a8f8   0x000000eb   Data   RO         1495    .constdata          USBH_4t_tl_id_trial.lib(USBH_OHC_EP.o)
    0x0002a9e3   0x00000001   PAD
    0x0002a9e4   0x00000522   Data   RO         1498    .constdata          USBH_4t_tl_id_trial.lib(USBH_OHC_EP_BulkInt.o)
    0x0002af06   0x00000002   PAD
    0x0002af08   0x0000038d   Data   RO         1501    .constdata          USBH_4t_tl_id_trial.lib(USBH_OHC_EP_Control.o)
    0x0002b295   0x00000003   PAD
    0x0002b298   0x00000340   Data   RO         1504    .constdata          USBH_4t_tl_id_trial.lib(USBH_OHC_EP_Int.o)
    0x0002b5d8   0x0000043c   Data   RO         1507    .constdata          USBH_4t_tl_id_trial.lib(USBH_OHC_EP_Iso.o)
    0x0002ba14   0x0000006d   Data   RO         1510    .constdata          USBH_4t_tl_id_trial.lib(USBH_OHC_HCCA.o)
    0x0002ba81   0x00000003   PAD
    0x0002ba84   0x00000291   Data   RO         1513    .constdata          USBH_4t_tl_id_trial.lib(USBH_OHC_RootHub.o)
    0x0002bd15   0x00000003   PAD
    0x0002bd18   0x0000004d   Data   RO         1516    .constdata          USBH_4t_tl_id_trial.lib(USBH_OHC_td.o)
    0x0002bd65   0x00000003   PAD
    0x0002bd68   0x0000016a   Data   RO         1519    .constdata          USBH_4t_tl_id_trial.lib(USBH_OHC_Transfer.o)
    0x0002bed2   0x00000002   PAD
    0x0002bed4   0x0000030c   Data   RO         1522    .constdata          USBH_4t_tl_id_trial.lib(USBH_RootHub.o)
    0x0002c1e0   0x00000518   Data   RO         1528    .constdata          GUIv5_4t_tl_i_trial.lib(F6x8.o)
    0x0002c6f8   0x000001c0   Data   RO         1529    .constdata          GUIv5_4t_tl_i_trial.lib(F6x8.o)
    0x0002c8b8   0x00000008   Data   RO         1530    .constdata          GUIv5_4t_tl_i_trial.lib(F6x8.o)
    0x0002c8c0   0x00000014   Data   RO         1531    .constdata          GUIv5_4t_tl_i_trial.lib(F6x8.o)
    0x0002c8d4   0x00000024   Data   RO         1532    .constdata          GUIv5_4t_tl_i_trial.lib(F6x8.o)
    0x0002c8f8   0x0000000c   Data   RO         1535    .constdata          GUIv5_4t_tl_i_trial.lib(GUICC_0.o)
    0x0002c904   0x00000008   Data   RO         1540    .constdata          GUIv5_4t_tl_i_trial.lib(GUIDEV_WriteToActiveOpaque.o)
    0x0002c90c   0x00000010   Data   RO         1559    .constdata          GUIv5_4t_tl_i_trial.lib(GUI_UC_EncodeNone.o)
    0x0002c91c   0x0000000c   Data   RO         1565    .constdata          GUIv5_4t_tl_i_trial.lib(LCD.o)
    0x0002c928   0x00000100   Data   RO         1569    .constdata          GUIv5_4t_tl_i_trial.lib(LCD_Mirror.o)
    0x0002ca28   0x00000120   Data   RO         1615    .constdata          USBH_4t_tl_id_trial.lib(USBH_Enum.o)
    0x0002cb48   0x000008af   Data   RO         1618    .constdata          USBH_4t_tl_id_trial.lib(USBH_Hub.o)
    0x0002d3f7   0x00000001   PAD
    0x0002d3f8   0x000000fa   Data   RO         1621    .constdata          USBH_4t_tl_id_trial.lib(USBH_PnPNotification.o)
    0x0002d4f2   0x00000002   PAD
    0x0002d4f4   0x000001f9   Data   RO         1624    .constdata          USBH_4t_tl_id_trial.lib(USBH_URB.o)
    0x0002d6ed   0x00000003   PAD
    0x0002d6f0   0x00000018   Data   RO         1694    .constdata          GUIv5_4t_tl_i_trial.lib(GUIDEV_UsageBM.o)
    0x0002d708   0x00000014   Data   RO         1743    .constdata          GUIv5_4t_tl_i_trial.lib(GUI_CursorArrowM.o)
    0x0002d71c   0x0000000c   Data   RO         1744    .constdata          GUIv5_4t_tl_i_trial.lib(GUI_CursorArrowM.o)
    0x0002d728   0x00000034   Data   RO         1750    .constdata          GUIv5_4t_tl_i_trial.lib(GUI_SPRITE.o)
    0x0002d75c   0x0000003c   Data   RO         1756    .constdata          GUIv5_4t_tl_i_trial.lib(GUI_CursorArrowMPx.o)
    0x0002d798   0x0000000c   Data   RO         1757    .constdata          GUIv5_4t_tl_i_trial.lib(GUI_CursorPal.o)
    0x0002d7a4   0x0000000c   Data   RO         1758    .constdata          GUIv5_4t_tl_i_trial.lib(GUI_CursorPal.o)
    0x0002d7b0   0x000013b3   Data   RO            7    .conststring        os_usbh_hid.o
    0x0002eb63   0x00000001   PAD
    0x0002eb64   0x00000020   Data   RO         2044    Region$$Table       anon$$obj.o


    Execution Region CSTACK (Base: 0x40000000, Size: 0x00000400, Max: 0x00000400, ABSOLUTE, UNINIT)

    Base Addr    Size         Type   Attr      Idx    E Section Name        Object

    0x40000000   0x00000400   Zero   RW            1    CSTACK.bss          anon$$obj.o


    Execution Region IRQ_STACK (Base: 0x40000400, Size: 0x00000100, Max: 0x00000100, ABSOLUTE, UNINIT)

    Base Addr    Size         Type   Attr      Idx    E Section Name        Object

    0x40000400   0x00000100   Zero   RW            2    IRQ_STACK.bss       anon$$obj.o


    Execution Region SDRAM (Base: 0xa0000000, Size: 0x0085611c, Max: 0x01000000, ABSOLUTE, COMPRESSED[0x00000084])

    Base Addr    Size         Type   Attr      Idx    E Section Name        Object

    0xa0000000   0x00000004   Data   RW           67    .data               bsp.o
    0xa0000004   0x00000004   Data   RW          221    .data               retarget.o
    0xa0000008   0x0000003c   Data   RW         1019    .data               jlinkdcc_process.o
    0xa0000044   0x0000004c   Data   RW         1105    .data               GUIv5_4t_tl_i_trial.lib(GUI_Alloc.o)
    0xa0000090   0x0000000c   Data   RW         1114    .data               GUIv5_4t_tl_i_trial.lib(GUI_OnKey.o)
    0xa000009c   0x00000030   Data   RW         1118    .data               GUIv5_4t_tl_i_trial.lib(GUI_TOUCH_DriverAnalog.o)
    0xa00000cc   0x00000001   Data   RW         1155    .data               osT4LDP_trial.lib(OS_CreateTask.o)
    0xa00000cd   0x00000003   PAD
    0xa00000d0   0x00000004   Data   RW         1172    .data               osT4LDP_trial.lib(OS_SetRxCallback.o)
    0xa00000d4   0x00000007   Data   RW         1175    .data               osT4LDP_trial.lib(OSCOMRxTx1.o)
    0xa00000db   0x00000001   PAD
    0xa00000dc   0x00000004   Data   RW         1183    .data               osT4LDP_trial.lib(OSGLOBAL.o)
    0xa00000e0   0x00000004   Data   RW         1185    .data               osT4LDP_trial.lib(OSGLOBAL.o)
    0xa00000e4   0x00000004   Data   RW         1186    .data               osT4LDP_trial.lib(OSGLOBAL.o)
    0xa00000e8   0x00000001   Data   RW         1187    .data               osT4LDP_trial.lib(OSGLOBAL.o)
    0xa00000e9   0x00000001   Data   RW         1188    .data               osT4LDP_trial.lib(OSGLOBAL.o)
    0xa00000ea   0x00000001   Data   RW         1189    .data               osT4LDP_trial.lib(OSGLOBAL.o)
    0xa00000eb   0x00000001   Data   RW         1190    .data               osT4LDP_trial.lib(OSGLOBAL.o)
    0xa00000ec   0x00000001   Data   RW         1191    .data               osT4LDP_trial.lib(OSGLOBAL.o)
    0xa00000ed   0x00000003   PAD
    0xa00000f0   0x00000004   Data   RW         1192    .data               osT4LDP_trial.lib(OSGLOBAL.o)
    0xa00000f4   0x00000004   Data   RW         1195    .data               osT4LDP_trial.lib(OSGLOBAL.o)
    0xa00000f8   0x00000001   Data   RW         1196    .data               osT4LDP_trial.lib(OSGLOBAL.o)
    0xa00000f9   0x00000001   Data   RW         1197    .data               osT4LDP_trial.lib(OSGLOBAL.o)
    0xa00000fa   0x00000001   Data   RW         1198    .data               osT4LDP_trial.lib(OSGLOBAL.o)
    0xa00000fb   0x00000001   Data   RW         1199    .data               osT4LDP_trial.lib(OSGLOBAL.o)
    0xa00000fc   0x00000004   Data   RW         1201    .data               osT4LDP_trial.lib(OSGLOBAL.o)
    0xa0000100   0x00000004   Data   RW         1202    .data               osT4LDP_trial.lib(OSGLOBAL.o)
    0xa0000104   0x00000004   Data   RW         1203    .data               osT4LDP_trial.lib(OSGLOBAL.o)
    0xa0000108   0x00000004   Data   RW         1204    .data               osT4LDP_trial.lib(OSGLOBAL.o)
    0xa000010c   0x00000004   Data   RW         1205    .data               osT4LDP_trial.lib(OSGLOBAL.o)
    0xa0000110   0x00000004   Data   RW         1206    .data               osT4LDP_trial.lib(OSGLOBAL.o)
    0xa0000114   0x00000004   Data   RW         1207    .data               osT4LDP_trial.lib(OSGLOBAL.o)
    0xa0000118   0x00000004   Data   RW         1210    .data               osT4LDP_trial.lib(OSGLOBAL.o)
    0xa000011c   0x00000004   Data   RW         1240    .data               osT4LDP_trial.lib(OSKERN.o)
    0xa0000120   0x00000009   Data   RW         1262    .data               USBH_4t_tl_id_trial.lib(USBH_Core.o)
    0xa0000129   0x00000003   PAD
    0xa000012c   0x00000010   Data   RW         1269    .data               USBH_4t_tl_id_trial.lib(USBH_HID.o)
    0xa000013c   0x00000008   Data   RW         1277    .data               USBH_4t_tl_id_trial.lib(USBH_Log.o)
    0xa0000144   0x00000054   Data   RW         1284    .data               USBH_4t_tl_id_trial.lib(USBH_OHC_Device.o)
    0xa0000198   0x00000010   Data   RW         1288    .data               USBH_4t_tl_id_trial.lib(USBH_OS_embOS.o)
    0xa00001a8   0x00000008   Data   RW         1341    .data               GUIv5_4t_tl_i_trial.lib(GUI_Core.o)
    0xa00001b0   0x00000004   Data   RW         1344    .data               GUIv5_4t_tl_i_trial.lib(GUI_Core.o)
    0xa00001b4   0x00000004   Data   RW         1345    .data               GUIv5_4t_tl_i_trial.lib(GUI_Core.o)
    0xa00001b8   0x00000004   Data   RW         1346    .data               GUIv5_4t_tl_i_trial.lib(GUI_Core.o)
    0xa00001bc   0x00000004   Data   RW         1347    .data               GUIv5_4t_tl_i_trial.lib(GUI_Core.o)
    0xa00001c0   0x00000002   Data   RW         1348    .data               GUIv5_4t_tl_i_trial.lib(GUI_Core.o)
    0xa00001c2   0x00000002   Data   RW         1349    .data               GUIv5_4t_tl_i_trial.lib(GUI_Core.o)
    0xa00001c4   0x0000000c   Data   RW         1355    .data               GUIv5_4t_tl_i_trial.lib(GUI_Task.o)
    0xa00001d0   0x00000008   Data   RW         1359    .data               GUIv5_4t_tl_i_trial.lib(GUI_TOUCH_StoreUnstable.o)
    0xa00001d8   0x00000004   Data   RW         1365    .data               GUIv5_4t_tl_i_trial.lib(LCD_Color.o)
    0xa00001dc   0x00000004   Data   RW         1366    .data               GUIv5_4t_tl_i_trial.lib(LCD_Color.o)
    0xa00001e0   0x0000000b   Data   RW         1464    .data               osT4LDP_trial.lib(OSCOM.o)
    0xa00001eb   0x00000001   Data   RW         1467    .data               osT4LDP_trial.lib(OSCOM1.o)
    0xa00001ec   0x00000001   Data   RW         1468    .data               osT4LDP_trial.lib(OSCOM1.o)
    0xa00001ed   0x00000003   PAD
    0xa00001f0   0x00000004   Data   RW         1469    .data               osT4LDP_trial.lib(OSCOM1.o)
    0xa00001f4   0x00000004   Data   RW         1470    .data               osT4LDP_trial.lib(OSCOM1.o)
    0xa00001f8   0x00000004   Data   RW         1474    .data               osT4LDP_trial.lib(OSTERM.o)
    0xa00001fc   0x00000004   Data   RW         1482    .data               USBH_4t_tl_id_trial.lib(USBH_Device.o)
    0xa0000200   0x00000008   Data   RW         1547    .data               GUIv5_4t_tl_i_trial.lib(GUI_PID.o)
    0xa0000208   0x00000004   Data   RW         1564    .data               GUIv5_4t_tl_i_trial.lib(LCD.o)
    0xa000020c   0x00000038   Data   RW         1571    .data               GUIv5_4t_tl_i_trial.lib(WM.o)
    0xa0000244   0x00000001   Data   RW         1573    .data               GUIv5_4t_tl_i_trial.lib(WM.o)
    0xa0000245   0x00000003   PAD
    0xa0000248   0x00000004   Data   RW         1578    .data               GUIv5_4t_tl_i_trial.lib(WM__SendMessage.o)
    0xa000024c   0x00000008   Data   RW         1606    .data               osT4LDP_trial.lib(OSSTAT.o)
    0xa0000254   0x00000004   Data   RW         1627    .data               GUIv5_4t_tl_i_trial.lib(GUIDEV.o)
    0xa0000258   0x00000008   Data   RW         1716    .data               GUIv5_4t_tl_i_trial.lib(GUI_Timer.o)
    0xa0000260   0x0000096c   Zero   RW            5    .bss                os_usbh_hid.o
    0xa0000bcc   0x0004b034   Zero   RW           66    .bss                bsp.o
    0xa004bc00   0x00008000   Zero   RW          293    .bss                usbh_config_lpc24xx.o
    0xa0053c00   0x00800000   Zero   RW          376    .bss                guiconf.o
    0xa0853c00   0x00000014   Zero   RW          615    .bss                gui_x_embos.o
    0xa0853c14   0x00001044   Zero   RW          931    .bss                main.o
    0xa0854c58   0x00000400   Zero   RW         1018    .bss                jlinkdcc_process.o
    0xa0855058   0x00000080   Zero   RW         1106    .bss                GUIv5_4t_tl_i_trial.lib(GUI_Alloc.o)
    0xa08550d8   0x00000058   Zero   RW         1115    .bss                GUIv5_4t_tl_i_trial.lib(GUI_OnKey.o)
    0xa0855130   0x00000010   Zero   RW         1119    .bss                GUIv5_4t_tl_i_trial.lib(GUI_TOUCH_DriverAnalog.o)
    0xa0855140   0x00000028   Zero   RW         1267    .bss                USBH_4t_tl_id_trial.lib(USBH_HID.o)
    0xa0855168   0x000000a0   Zero   RW         1280    .bss                USBH_4t_tl_id_trial.lib(USBH_MEM.o)
    0xa0855208   0x00000064   Zero   RW         1287    .bss                USBH_4t_tl_id_trial.lib(USBH_OS_embOS.o)
    0xa085526c   0x000000a0   Zero   RW         1343    .bss                GUIv5_4t_tl_i_trial.lib(GUI_Core.o)
    0xa085530c   0x00000290   Zero   RW         1356    .bss                GUIv5_4t_tl_i_trial.lib(GUI_Task.o)
    0xa085559c   0x00000400   Zero   RW         1364    .bss                GUIv5_4t_tl_i_trial.lib(LCD_Color.o)
    0xa085599c   0x000000c8   Zero   RW         1465    .bss                osT4LDP_trial.lib(OSCOM.o)
    0xa0855a64   0x00000060   Zero   RW         1487    .bss                USBH_4t_tl_id_trial.lib(USBH_Global.o)
    0xa0855ac4   0x00000048   Zero   RW         1548    .bss                GUIv5_4t_tl_i_trial.lib(GUI_PID.o)
    0xa0855b0c   0x00000040   Zero   RW         1551    .bss                GUIv5_4t_tl_i_trial.lib(GUI_SelectLayer.o)
    0xa0855b4c   0x0000000c   Zero   RW         1556    .bss                GUIv5_4t_tl_i_trial.lib(GUI_TOUCH_StoreState.o)
    0xa0855b58   0x00000118   Zero   RW         1572    .bss                GUIv5_4t_tl_i_trial.lib(WM.o)
    0xa0855c70   0x0000000c   Zero   RW         1656    .bss                GUIv5_4t_tl_i_trial.lib(GUI_TOUCH.o)
    0xa0855c7c   0x00000240   Zero   RW         1679    .bss                GUIv5_4t_tl_i_trial.lib(WM_Touch.o)
    0xa0855ebc   0x00000140   Zero   RW         1697    .bss                GUIv5_4t_tl_i_trial.lib(GUI_Curs1.o)
    0xa0855ffc   0x000000c0   Zero   RW         1729    .bss                GUIv5_4t_tl_i_trial.lib(WM_PID__GetPrevState.o)
    0xa08560bc   0x00000060   Zero   RW         1913    .bss                c_t.l(libspace.o)


    Execution Region HEAP (Base: 0xa085611c, Size: 0x00000100, Max: 0x00000100, ABSOLUTE, UNINIT)

    Base Addr    Size         Type   Attr      Idx    E Section Name        Object

    0xa085611c   0x00000100   Zero   RW            3    HEAP.bss            anon$$obj.o


==============================================================================

Image component sizes


      Code (inc. data)   RO Data    RW Data    ZI Data      Debug   Object Name

      2036        170          0          4     307252      51126   bsp.o
         2          0          0          0          0         60   fs_ro.o
       128         26          0          0         20       2534   gui_x_embos.o
       344         16          0          0          0       1764   gui_x_touch.o
        28          4          0          0    8388608        467   guiconf.o
       780         20          0          0          0       2867   i2cpca9532.o
         2          0          0          0          0         60   ip_fs_fs.o
       912         86          0         60       1024       3940   jlinkdcc_process.o
        24          0          0          0          0        228   jlinkdcc_process_asm.o
       112         28          0          0       4164        811   main.o
        52         10          0          0          0        471   os_error.o
       524        204       6795          0       2412      47247   os_usbh_hid.o
        60         18          0          4          0       3609   retarget.o
      1198        112          0          0          0      25335   rtosinit.o
        80         16          0          0          0        228   startup_lpc2xxx.o
       108         26          0          0      32768       1416   usbh_config_lpc24xx.o
       440         78          0          0          0       1800   usbh_configio.o
        56         24          0          0          0        232   vectors.o

    ----------------------------------------------------------------------
      7054        858       6828         68    8737784     144195   Object Totals
       168         20         32          0       1536          0   (incl. Generated)
         0          0          1          0          0          0   (incl. Padding)

    ----------------------------------------------------------------------

      Code (inc. data)   RO Data    RW Data    ZI Data      Debug   Library Member Name

         0          0       1816          0          0          0   F6x8.o
       332         10         12          0          0        276   GUICC_0.o
        32          6         12          0          0        116   GUICC_565.o
       128         12          0          0          0         84   GUICC_565_Index2Color.o
       940         18          0          4          0        572   GUIDEV.o
      2632         54        116          0          0        600   GUIDEV_16.o
       288          6          0          0          0        136   GUIDEV_Banding.o
        56          4          0          0          0         76   GUIDEV_Clear.o
        48          4          0          0          0         84   GUIDEV_GetYSize.o
        56          6          0          0          0         84   GUIDEV_ReduceYSize.o
        96          4          0          0          0         84   GUIDEV_SetOrg.o
       116          6          0          0          0        156   GUIDEV_Usage.o
       448          6         24          0          0        320   GUIDEV_UsageBM.o
       712          8          8          0          0         92   GUIDEV_WriteToActiveOpaque.o
      4532        124         52          0          0       1248   GUIDRV_Lin_OSX_16.o
        44          0          0          0          0         84   GUI_ALLOC_AllocZero.o
      2460         56          0         76        128        996   GUI_Alloc.o
        88          0          0          0          0         68   GUI_CalcColorDist.o
       252         10          0          0          0        240   GUI_Char.o
       560         14          0          0          0        284   GUI_CharLine.o
       392          8          0          0          0        268   GUI_CharM.o
       532         46        120         28        160        224   GUI_Core.o
       672         12          0          0        320        364   GUI_Curs1.o
         0          0         32          0          0          0   GUI_CursorArrowM.o
         0          0         60          0          0          0   GUI_CursorArrowMPx.o
         0          0         24          0          0          0   GUI_CursorPal.o
       584          4          0          0          0        432   GUI_Device.o
       264         10          0          0          0         96   GUI_DispString.o
       360          8          0          0          0        140   GUI_DrawBitmap.o
        96          6          0          0          0        116   GUI_Exec.o
       300          0          0          0          0        188   GUI_GetBitmapPixelIndex.o
        64         10          0          0          0        140   GUI_GetOrg.o
        88          6          0          0          0        148   GUI_Goto.o
       108          0          0          0          0         76   GUI_MergeRect.o
        30          0          0          0          0         60   GUI_MoveRect.o
       204         14          0         12         88        264   GUI_OnKey.o
       220         20          0          8         72        144   GUI_PID.o
       100          4          0          0          0        188   GUI_Pen.o
        56          0          0          0          0         60   GUI_RectsIntersect.o
      6064         30         52          0          0       1296   GUI_SPRITE.o
        40          6          0          0          0        108   GUI_SaveContext.o
        28          0          0          0          0         76   GUI_SelectLCD.o
       284         12          0          0         64        376   GUI_SelectLayer.o
        48          0          0          0          0        108   GUI_SetColor.o
       128          8          0          0          0        108   GUI_SetDefault.o
        28          0          0          0          0         76   GUI_SetDrawMode.o
        36          6          0          0          0         84   GUI_SetFont.o
        32          6          0          0          0         84   GUI_SetLineStyle.o
        64         14          0          0          0         84   GUI_SetOrg.o
        32          4          0          0          0         84   GUI_SetTextAlign.o
        32          4          0          0          0         84   GUI_SetTextMode.o
        64          6          0          0         12        144   GUI_TOUCH.o
       604         12          0         48         16        388   GUI_TOUCH_DriverAnalog.o
        48          6          0          0         12        136   GUI_TOUCH_StoreState.o
        56          6          0          8          0        136   GUI_TOUCH_StoreUnstable.o
       320         36          0         12        656        228   GUI_Task.o
       108          6          0          0          0        120   GUI_Time.o
       680         14          0          8          0        504   GUI_Timer.o
       240          4          0          0          0        292   GUI_UC.o
        48          8         16          0          0        224   GUI_UC_EncodeNone.o
        66          0          0          0          0         60   GUI__IntersectRect.o
        86          0          0          0          0         84   GUI__IntersectRects.o
       112          6          0          0          0         76   GUI__memset.o
       110          0          0          0          0         76   GUI__memset16.o
      1544         40         12          4          0        672   LCD.o
       260         12          0          8       1024        212   LCD_Color.o
      1480          4          0          0          0       1244   LCD_GetEx.o
        44          0          0          0          0         84   LCD_GetNumDisplays.o
         0          0        256          0          0          0   LCD_Mirror.o
        72         12          0          0          0         76   LCD_SelectLCD.o
      1152          4          0          0          0        936   LCD_Set.o
        52          8          0          0          0         84   LCD_SetClipRectEx.o
        36          6          0          0          0         76   LCD_UpdateColorIndices.o
      5636        154          0         57        280       2520   WM.o
        88          0          0          0          0         84   WM_BringToBottom.o
        64          6          0          0          0        116   WM_CriticalHandle.o
        20          8          0          0          0         60   WM_GetDesktopWindow.o
        20          4          0          0          0         60   WM_GetDesktopWindowEx.o
        30          0          0          0          0         76   WM_GetFirstChild.o
        30          0          0          0          0         76   WM_GetParent.o
        28          0          0          0          0         76   WM_IsWindow.o
        22          0          0          0          0         76   WM_NotifyParent.o
        72         10          0          0          0         88   WM_OnKey.o
        40          4          0          0        192         84   WM_PID__GetPrevState.o
       432          4          0          0          0        268   WM_Screen2Win.o
        44          0          0          0          0         84   WM_SendToParent.o
       136         14          0          0          0        132   WM_SetCapture.o
       348          6          0          0          0        252   WM_Timer.o
      1140         46          0          0        576        316   WM_Touch.o
        22          0          0          0          0         76   WM__GetFirstSibling.o
        44          0          0          0          0         84   WM__GetPrevSibling.o
        88          0          0          0          0        120   WM__IsAncestor.o
        24          0          0          0          0         76   WM__IsEnabled.o
        68          4          0          4          0         96   WM__SendMessage.o
        28          0          0          0          0         84   WM__SendMessageIfEnabled.o
      3902       1124        224          9          0       1880   USBH_Core.o
      4364       3250          0          0          0        220   USBH_DebugStrings.o
      8520       1364       4119          4          0       1552   USBH_Device.o
      2780        822         81          0          0        668   USBH_Driver.o
      1148        406          0          0          0        224   USBH_EndPoint.o
      1520        334        288          0          0        460   USBH_Enum.o
         0          0          0          0         96          0   USBH_Global.o
      3796       1532        765          0          0        860   USBH_HC.o
      9822       2182        202         16         40       2416   USBH_HID.o
     13804       4290       2223          0          0       1596   USBH_Hub.o
      5116       1718        237          0          0       1124   USBH_Interface.o
       856         32         16          8          0        628   USBH_Log.o
      1140        248          0          0        160        676   USBH_MEM.o
     11552       4936        559         84          0       1672   USBH_OHC_Device.o
      2140        822        235          0          0        860   USBH_OHC_EP.o
      6846       1682       1314          0          0        984   USBH_OHC_EP_BulkInt.o
      5916       1460        909          0          0        944   USBH_OHC_EP_Control.o
      3548        722        832          0          0        704   USBH_OHC_EP_Int.o
      6876       1824       1084          0          0       1024   USBH_OHC_EP_Iso.o
       508        188        109          0          0        168   USBH_OHC_HCCA.o
      3560       1132        657          0          0        696   USBH_OHC_RootHub.o
       964        390        362          0          0        180   USBH_OHC_Transfer.o
      1048        274         77          0          0        432   USBH_OHC_td.o
       520         42          0         16        100        688   USBH_OS_embOS.o
      1132        352        250          0          0        256   USBH_PnPNotification.o
      3908        864        780          0          0        588   USBH_RootHub.o
      2976        954        505          0          0        736   USBH_URB.o
        92          0          0          0          0          0   __dczerorl2.o
         8          0          0          0          0         68   __main.o
       300          0          0          0          0        152   __printf_wp.o
        60          8          0          0          0          0   __scatter.o
        44          0          0          0          0          0   __scatter_zi.o
        48          4          0          0          0         96   _printf_char_common.o
         8          0          0          0          0          0   _printf_d.o
       120         18          0          0          0         88   _printf_dec.o
       186          0          0          0          0         96   _printf_intcommon.o
         4          0          0          0          0          0   _printf_percent.o
         8          0          0          0          0          0   _printf_percent_end.o
        10          0          0          0          0         60   _sputc.o
        20          0          0          0          0         68   aeabi_memset.o
       612          0          0          0          0        148   aeabi_sdivfast.o
        12          0          0          0          0         64   exit.o
         6          0          0          0          0        136   heapauxi.o
        10          0          0          0          0          0   libinit.o
        12          0          0          0          0          0   libinit2.o
        12          0          0          0          0          0   libshutdown.o
         6          0          0          0          0          0   libshutdown2.o
        12          4          0          0         96         68   libspace.o
       118          0          0          0          0         72   memcmp.o
        40          4          0          0          0         84   noretval__2sprintf.o
        12          0          0          0          0         80   putc.o
        68          0          0          0          0         68   rt_memclr.o
        88          0          0          0          0         80   rt_memclr_w.o
       216          0          0          0          0         68   rt_memcpy.o
       104          0          0          0          0         80   rt_memcpy_w.o
       216          0          0          0          0         68   rt_memmove.o
       128          0          0          0          0         80   rt_memmove_w.o
         0          0          0          0          0          0   rtentry.o
        44          4          0          0          0          0   rtentry2.o
         8          0          0          0          0          0   rtentry4.o
         8          0          0          0          0          0   rtexit.o
        12          0          0          0          0          0   rtexit2.o
        48          0          0          0          0         68   rtudiv10.o
       192          4          0          0          0         80   strcmpfast.o
        80          6          0          0          0         76   strcpy.o
        96          0          0          0          0         80   sys_stackheap_outer.o
         4          0          0          0          0         68   use_no_semi.o
        16          0          0          0          0          0   callvia.o
        44          0          0          0          0        136   irq.o
      1072         70          0         11        200        464   OSCOM.o
         0          0          0         10          0          0   OSCOM1.o
       564         50          0          7          0        200   OSCOMRxTx1.o
         0          0          0         61          0      17742   OSGLOBAL.o
       112         12          0          0          0         84   OSGM.o
       264         36         43          0          0        432   OSINFO.o
      2032        128          0          4          0        848   OSKERN.o
       160          8          0          0          0        124   OSMAIL.o
       208          6          0          0          0        152   OSMX.o
       116         12          0          0          0         84   OSPM.o
       424         30          0          0          0        196   OSRSEM.o
       136         20          0          0          0         84   OSSETP.o
       164         30          0          8          0        188   OSSTAT.o
         0          0          0          4          0          0   OSTERM.o
       480         16          0          0          0        196   OSTIME.o
       240         34          0          1          0         92   OS_CreateTask.o
        60          4          0          0          0         88   OS_DeactivateP.o
        68          4          0          0          0         92   OS_DeactivateTP.o
        34          0          0          0          0         76   OS_EVENT_Create.o
        60          6          0          0          0         76   OS_EVENT_Reset.o
       112          6          0          0          0         84   OS_EVENT_Set.o
       116         14          0          0          0         88   OS_EVENT_Wait.o
       168         18          0          0          0        100   OS_EVENT_WaitTimed.o
        48         10          0          0          0         76   OS_GetNumTasks.o
       152         30          0          0          0         76   OS_HandleTick.o
        16          6          0          4          0         60   OS_SetRxCallback.o
        56          4          0          0          0         76   OS_Wait.o
       368         32          0          0          0          0   RTOS.o

    ----------------------------------------------------------------------
    158962      34618      18520        540       4292      68078   Library Totals
        26          0         37         16          0          0   (incl. Padding)

    ----------------------------------------------------------------------

      Code (inc. data)   RO Data    RW Data    ZI Data      Debug   Library Name

     40312       1036       2612        277       3600      21832   GUIv5_4t_tl_i_trial.lib
    108262      32944      15828        137        396      22236   USBH_4t_tl_id_trial.lib
      3072         52          0          0         96       2096   c_t.l
        60          0          0          0          0        136   h_t.l
      7230        586         43        110        200      21778   osT4LDP_trial.lib

    ----------------------------------------------------------------------
    158962      34618      18520        540       4292      68078   Library Totals

    ----------------------------------------------------------------------

==============================================================================


      Code (inc. data)   RO Data    RW Data    ZI Data      Debug   

    166016      35476      25348        608    8742076     201447   Grand Totals
    166016      35476      25348        132    8742076     201447   ELF Image Totals (compressed)
    166016      35476      25348        132          0          0   ROM Totals

==============================================================================

    Total RO  Size (Code + RO Data)               191364 ( 186.88kB)
    Total RW  Size (RW Data + ZI Data)           8742684 (8537.78kB)
    Total ROM Size (Code + RO Data + RW Data)     191496 ( 187.01kB)

==============================================================================

