<html>
<body>
<pre>
<h1>µVision Build Log</h1>
<h2>Project:</h2>
C:\Users\l.scagnet\Documents\Progetti\__Esempi\Start\Start_LPC2478_EA.uvproj
Project File Date:  09/30/2010

<h2>Output:</h2>
Rebuild target 'Debug_FLASH_J-Link'
Clean started - Project: 'Start_LPC2478_EA'
   deleting intermediate output files for target 'Debug_FLASH_J-Link'
compiling OS_USBH_HID.c...
assembling Vectors.s...
compiling BSP.c...
compiling FS_ConfigRAMDisk.c...
compiling GUI_Weak.c...
compiling IP_Config_LPC24xx.c...
compiling Retarget.c...
assembling Startup_LPC2xxx.s...
compiling USB_Config_LPC2468_EA.c...
compiling USBH_Config_LPC24xx.c...
compiling I2CPCA9532.c...
compiling RTOSInit.c...
compiling GUI_X_Touch.c...
compiling GUIConf.c...
compiling FS_ConfigIO.c...
compiling IP_ConfigIO.c...
compiling USBH_ConfigIO.c...
compiling FS_X_embOS.c...
compiling GUI_VNC_X_StartServer.c...
compiling GUI_X_embOS.c...
compiling IP_FS_FS.c...
compiling FS_RO.c...
compiling About.c...
compiling Authen.c...
compiling bg.c...
compiling CallVirtualFile.c...
compiling embOS.c...
compiling favicon.c...
compiling FormsGET.c...
compiling FormsPOST.c...
compiling Index.c...
compiling Segger.c...
compiling SeggerLogo.c...
compiling SendviaSMTP.c...
compiling Stats.c...
compiling OS_Error.c...
compiling Main.c...
OS\Main.c(28): warning:  #951-D: return type of function "main" must be "int"
  void main(void) {
OS\Main.c: 1 warning, 0 errors
compiling USB_OS_embOS.c...
compiling JLINKDCC_Process.c...
assembling JLINKDCC_HandleDataAbort.s...
assembling JLINKDCC_Process_ASM.s...
assembling SEGGER_ARM_memcpy_MDK.s...
linking...
Program Size: Code=166764 RO-data=25348 RW-data=612 ZI-data=8742076  
".\Output\LPC2478_EA\Debug_FLASH_J-Link\OBJ\Start_LPC2478_EA.axf" - 0 Error(s), 1 Warning(s).

*** Performing Cross-Module-Optimization:
compiling OS_USBH_HID.c...
compiling BSP.c...
compiling FS_ConfigRAMDisk.c...
compiling IP_Config_LPC24xx.c...
compiling Retarget.c...
compiling USB_Config_LPC2468_EA.c...
compiling RTOSInit.c...
compiling GUIConf.c...
compiling FS_ConfigIO.c...
compiling IP_ConfigIO.c...
compiling FS_X_embOS.c...
compiling GUI_VNC_X_StartServer.c...
compiling GUI_X_embOS.c...
compiling USB_OS_embOS.c...
compiling JLINKDCC_Process.c...
linking...
Program Size: Code=166016 RO-data=25348 RW-data=608 ZI-data=8742076  
compiling OS_USBH_HID.c...
compiling BSP.c...
compiling FS_ConfigRAMDisk.c...
compiling IP_Config_LPC24xx.c...
compiling Retarget.c...
compiling USB_Config_LPC2468_EA.c...
compiling RTOSInit.c...
compiling GUIConf.c...
compiling FS_ConfigIO.c...
compiling IP_ConfigIO.c...
compiling FS_X_embOS.c...
compiling GUI_VNC_X_StartServer.c...
compiling GUI_X_embOS.c...
compiling USB_OS_embOS.c...
compiling JLINKDCC_Process.c...
linking...
Program Size: Code=166016 RO-data=25348 RW-data=608 ZI-data=8742076  
".\Output\LPC2478_EA\Debug_FLASH_J-Link\OBJ\Start_LPC2478_EA.axf" - 0 Error(s), 0 Warning(s).
*** Completed Cross-Module-Optimization after 3 iteration(s).
Load "C:\\Users\\l.scagnet\\Documents\\Progetti\\__Esempi\\Start\\Output\\LPC2478_EA\\Debug_FLASH_J-Link\\OBJ\\Start_LPC2478_EA.axf" 
ProjectFile = C:\Users\l.scagnet\Documents\Progetti\__Esempi\Start\JLinkArm_Debug_FLASH_J-Link.ini
Device = LPC2478
Info: Device "LPC2478" selected (504 KB flash, 64 KB RAM).
VTarget = 3.351V
Info: TotalIRLen = 4, IRPrint = 0x01
Info: TotalIRLen = 4, IRPrint = 0x01
Info: TotalIRLen = 4, IRPrint = 0x01
Info: TotalIRLen = 4, IRPrint = 0x01
DLL version V4.78j, compiled Nov 22 2013 20:08:33
Firmware: J-Link V9 compiled Jan 10 2014 19:51:25
Hardware: V9.00
Info: TotalIRLen = 4, IRPrint = 0x01
Info: TotalIRLen = 4, IRPrint = 0x01
Hardware-Breakpoints: 0
Software-Breakpoints: 0
Watchpoints:          0
Info: TotalIRLen = 4, IRPrint = 0x01
Invalid core Id. (0x00000000)
Trying to connect with 5 kHz !
Info: TotalIRLen = 4, IRPrint = 0x01
Found 1 JTAG device, Total IRLen = 4:
 Id of device #0: 0x4F1F0F0F
ARM7 identified.
JTAG speed: 5 kHz
***JLink Error: Can not read register 0 (R0) while CPU is running
***JLink Error: Can not read register 1 (R1) while CPU is running
***JLink Error: Can not read register 2 (R2) while CPU is running
***JLink Error: Can not read register 3 (R3) while CPU is running
***JLink Error: Can not read register 4 (R4) while CPU is running
***JLink Error: Can not read register 5 (R5) while CPU is running
***JLink Error: Can not read register 6 (R6) while CPU is running
***JLink Error: Can not read register 7 (R7) while CPU is running
***JLink Error: Can not read register 9 (R15 (PC)) while CPU is running
***JLink Error: Can not read register 8 (CPSR) while CPU is running
***JLink Error: Can not read register 10 (R8_USR) while CPU is running
***JLink Error: Can not read register 11 (R9_USR) while CPU is running
***JLink Error: Can not read register 12 (R10_USR) while CPU is running
***JLink Error: Can not read register 13 (R11_USR) while CPU is running
***JLink Error: Can not read register 14 (R12_USR) while CPU is running
***JLink Error: Can not read register 15 (R13_USR) while CPU is running
***JLink Error: Can not read register 16 (R14_USR) while CPU is running
***JLink Error: Can not read register 18 (R8_FIQ) while CPU is running
***JLink Error: Can not read register 19 (R9_FIQ) while CPU is running
***JLink Error: Can not read register 20 (R10_FIQ) while CPU is running
***JLink Error: Can not read register 21 (R11_FIQ) while CPU is running
***JLink Error: Can not read register 22 (R12_FIQ) while CPU is running
***JLink Error: Can not read register 23 (R13_FIQ) while CPU is running
***JLink Error: Can not read register 24 (R14_FIQ) while CPU is running
***JLink Error: Can not read register 17 (SPSR_FIQ) while CPU is running
***JLink Error: Can not read register 32 (R13_IRQ) while CPU is running
***JLink Error: Can not read register 33 (R14_IRQ) while CPU is running
***JLink Error: Can not read register 31 (SPSR_IRQ) while CPU is running
***JLink Error: Can not read register 26 (R13_SVC) while CPU is running
***JLink Error: Can not read register 27 (R14_SVC) while CPU is running
***JLink Error: Can not read register 25 (SPSR_SVC) while CPU is running
***JLink Error: Can not read register 29 (R13_ABT) while CPU is running
***JLink Error: Can not read register 30 (R14_ABT) while CPU is running
***JLink Error: Can not read register 28 (SPSR_ABT) while CPU is running
***JLink Error: Can not read register 35 (R13_UND) while CPU is running
***JLink Error: Can not read register 36 (R14_UND) while CPU is running
***JLink Error: Can not read register 34 (SPSR_UND) while CPU is running
Info: Core does not stop after Reset, setting WP to stop it.
***JLink Warning: PC of target system has unexpected value of 0x40000000 after reset.
Using adaptive clocking instead of fixed JTAG speed.
Erase Done.
Programming Failed!
Error: Flash Download failed  -  ARM7TDMI
Load "C:\\Users\\l.scagnet\\Documents\\Progetti\\__Esempi\\Start\\Output\\LPC2478_EA\\Debug_FLASH_J-Link\\OBJ\\Start_LPC2478_EA.axf" 
ProjectFile = C:\Users\l.scagnet\Documents\Progetti\__Esempi\Start\JLinkArm_Debug_FLASH_J-Link.ini
Device = LPC2478
Info: Device "LPC2478" selected (504 KB flash, 64 KB RAM).
VTarget = 3.353V
Info: TotalIRLen = 4, IRPrint = 0x01
Info: TotalIRLen = 4, IRPrint = 0x01
Info: TotalIRLen = 4, IRPrint = 0x01
Info: TotalIRLen = 4, IRPrint = 0x01
DLL version V4.78j, compiled Nov 22 2013 20:08:33
Firmware: J-Link V9 compiled Jan 10 2014 19:51:25
Hardware: V9.00
Info: TotalIRLen = 4, IRPrint = 0x01
Info: TotalIRLen = 4, IRPrint = 0x01
Hardware-Breakpoints: 0
Software-Breakpoints: 0
Watchpoints:          0
Info: TotalIRLen = 4, IRPrint = 0x01
Invalid core Id. (0x00000000)
Trying to connect with 5 kHz !
Info: TotalIRLen = 4, IRPrint = 0x01
Found 1 JTAG device, Total IRLen = 4:
 Id of device #0: 0x4F1F0F0F
ARM7 identified.
JTAG speed: 5 kHz
***JLink Error: Can not read register 0 (R0) while CPU is running
***JLink Error: Can not read register 1 (R1) while CPU is running
***JLink Error: Can not read register 2 (R2) while CPU is running
***JLink Error: Can not read register 3 (R3) while CPU is running
***JLink Error: Can not read register 4 (R4) while CPU is running
***JLink Error: Can not read register 5 (R5) while CPU is running
***JLink Error: Can not read register 6 (R6) while CPU is running
***JLink Error: Can not read register 7 (R7) while CPU is running
***JLink Error: Can not read register 9 (R15 (PC)) while CPU is running
***JLink Error: Can not read register 8 (CPSR) while CPU is running
***JLink Error: Can not read register 10 (R8_USR) while CPU is running
***JLink Error: Can not read register 11 (R9_USR) while CPU is running
***JLink Error: Can not read register 12 (R10_USR) while CPU is running
***JLink Error: Can not read register 13 (R11_USR) while CPU is running
***JLink Error: Can not read register 14 (R12_USR) while CPU is running
***JLink Error: Can not read register 15 (R13_USR) while CPU is running
***JLink Error: Can not read register 16 (R14_USR) while CPU is running
***JLink Error: Can not read register 18 (R8_FIQ) while CPU is running
***JLink Error: Can not read register 19 (R9_FIQ) while CPU is running
***JLink Error: Can not read register 20 (R10_FIQ) while CPU is running
***JLink Error: Can not read register 21 (R11_FIQ) while CPU is running
***JLink Error: Can not read register 22 (R12_FIQ) while CPU is running
***JLink Error: Can not read register 23 (R13_FIQ) while CPU is running
***JLink Error: Can not read register 24 (R14_FIQ) while CPU is running
***JLink Error: Can not read register 17 (SPSR_FIQ) while CPU is running
***JLink Error: Can not read register 32 (R13_IRQ) while CPU is running
***JLink Error: Can not read register 33 (R14_IRQ) while CPU is running
***JLink Error: Can not read register 31 (SPSR_IRQ) while CPU is running
***JLink Error: Can not read register 26 (R13_SVC) while CPU is running
***JLink Error: Can not read register 27 (R14_SVC) while CPU is running
***JLink Error: Can not read register 25 (SPSR_SVC) while CPU is running
***JLink Error: Can not read register 29 (R13_ABT) while CPU is running
***JLink Error: Can not read register 30 (R14_ABT) while CPU is running
***JLink Error: Can not read register 28 (SPSR_ABT) while CPU is running
***JLink Error: Can not read register 35 (R13_UND) while CPU is running
***JLink Error: Can not read register 36 (R14_UND) while CPU is running
***JLink Error: Can not read register 34 (SPSR_UND) while CPU is running
Info: Core does not stop after Reset, setting WP to stop it.
***JLink Warning: PC of target system has unexpected value of 0x40000000 after reset.
Using adaptive clocking instead of fixed JTAG speed.
***JLink Error: JTAG Timeout during adaptive clocking: RTCK did not respond.
***JLink Warning: Target system has been power-cycled
Info: TotalIRLen = 4, IRPrint = 0x01
Erase Failed!
Error: Flash Download failed  -  ARM7TDMI
