ARM Linker, 5.03 [Build 76] [MDK-ARM Standard]

==============================================================================

Section Cross References

    os_usbh_hid.o(.text) refers to OSPM.o(.text) for OS_PutMail
    os_usbh_hid.o(.text) refers to USBH_Core.o(.text) for USBH_Init
    os_usbh_hid.o(.text) refers to OSSETP.o(.text) for OS_SetPriority
    os_usbh_hid.o(.text) refers to OS_CreateTask.o(.text) for OS_CreateTask_R
    os_usbh_hid.o(.text) refers to USBH_HID.o(.text) for USBH_HID_Init
    os_usbh_hid.o(.text) refers to OSMAIL.o(.text) for OS_CreateMB
    os_usbh_hid.o(.text) refers to bsp.o(.text) for BSP_ToggleLED
    os_usbh_hid.o(.text) refers to OSGM.o(.text) for OS_GetMail
    os_usbh_hid.o(.text) refers to USBH_Log.o(.text) for USBH_Logf_Application
    os_usbh_hid.o(.text) refers to os_usbh_hid.o(.bss) for .bss
    os_usbh_hid.o(.text) refers to OSGLOBAL.o(.data) for OS_pCurrentTask
    os_usbh_hid.o(.text) refers to os_usbh_hid.o(.constdata) for .constdata
    os_usbh_hid.o(.constdata) refers to os_usbh_hid.o(.conststring) for .conststring
    vectors.o(Vect) refers to startup_lpc2xxx.o(Init) for Reset_Handler
    vectors.o(Vect) refers to RTOS.o(C$$code) for IRQ_Handler
    bsp.o(.text) refers to USBH_OS_embOS.o(i.__ARM_common_disable_irq) for __ARM_common_disable_irq
    bsp.o(.text) refers to i2cpca9532.o(.text) for I2CPCA9532_WriteRead
    bsp.o(.text) refers to USBH_OS_embOS.o(i.__ARM_common_enable_irq) for __ARM_common_enable_irq
    bsp.o(.text) refers to GUI_TOUCH_DriverAnalog.o(.text) for GUI_TOUCH_Exec
    bsp.o(.text) refers to OSTIME.o(.text) for OS_RetriggerTimer
    bsp.o(.text) refers to rtosinit.o(.text) for OS_ARM_InstallISRHandler
    bsp.o(.text) refers to LCD_GetEx.o(.text) for LCD_GetMirrorXEx
    bsp.o(.text) refers to OSGLOBAL.o(.data) for OS_Counters
    bsp.o(.text) refers to bsp.o(.bss) for .bss
    bsp.o(.text) refers to GUI_Device.o(.text) for GUI_DEVICE_CreateAndLink
    bsp.o(.text) refers to LCD_Set.o(.text) for LCD_SetSizeEx
    bsp.o(.text) refers to aeabi_sdivfast.o(.text_udiv) for __aeabi_uidivmod
    bsp.o(.text) refers to bsp.o(.data) for .data
    bsp.o(.text) refers to GUICC_565.o(.constdata) for LCD_API_ColorConv_565
    bsp.o(.text) refers to GUIDRV_Lin_OSX_16.o(.constdata) for GUIDRV_Lin_OSX_16_API
    fs_configramdisk.o(.text) refers to FS_Core.o(.text) for FS_AssignMemory
    fs_configramdisk.o(.text) refers to FS_Storage.o(.text) for FS_AddDevice
    fs_configramdisk.o(.text) refers to RAMDISK.o(.text) for FS_RAMDISK_Configure
    fs_configramdisk.o(.text) refers to fs_configramdisk.o(.bss) for .bss
    fs_configramdisk.o(.text) refers to RAMDISK.o(.constdata) for FS_RAMDISK_Driver
    ip_config_lpc24xx.o(.text) refers to IP_Core.o(.text) for IP_AssignMemory
    ip_config_lpc24xx.o(.text) refers to IP_DHCPC.o(.text) for IP_DHCPC_Activate
    ip_config_lpc24xx.o(.text) refers to IP_socket.o(.text) for IP_SOCKET_SetDefaultOptions
    ip_config_lpc24xx.o(.text) refers to IP_Log.o(.text) for IP_SetWarnFilter
    ip_config_lpc24xx.o(.text) refers to ip_config_lpc24xx.o(.bss) for .bss
    ip_config_lpc24xx.o(.text) refers to IP_NI_LPC24xx.o(.constdata) for IP_Driver_LPC24xx
    retarget.o(.text) refers (Special) to heapauxi.o(.text) for __use_two_region_memory
    retarget.o(.text) refers to _printf_percent.o(.ARM.Collect$$_printf_percent$$00000000) for _printf_percent
    retarget.o(.text) refers to noretval__2printf.o(.text) for __2printf
    retarget.o(.data) refers (Special) to heapauxi.o(.text) for __use_two_region_memory
    startup_lpc2xxx.o(Init) refers (Special) to use_no_semi.o(.text) for __use_no_semihosting_swi
    startup_lpc2xxx.o(Init) refers to rtosinit.o(.text) for __low_level_init
    startup_lpc2xxx.o(Init) refers to __main.o(!!!main) for __main
    usb_config_lpc2468_ea.o(.text) refers to USB_Main.o(.text) for USB_AddDriver
    usb_config_lpc2468_ea.o(.text) refers to usb_os_embos.o(.text) for USB_OS_IncDI
    usb_config_lpc2468_ea.o(.text) refers to USB_HW_LPC24xx.o(.constdata) for USB_Driver_NXPLPC24xx
    usbh_config_lpc24xx.o(.text) refers to USBH_Core.o(.text) for USBH_ServiceISR
    usbh_config_lpc24xx.o(.text) refers to USBH_MEM.o(.text) for USBH_AssignMemory
    usbh_config_lpc24xx.o(.text) refers to USBH_Log.o(.text) for USBH_SetWarnFilter
    usbh_config_lpc24xx.o(.text) refers to bsp.o(.text) for BSP_USBH_Init
    usbh_config_lpc24xx.o(.text) refers to USBH_OHC_Device.o(.text) for USBH_OHCI_Add
    usbh_config_lpc24xx.o(.text) refers to usbh_config_lpc24xx.o(.bss) for .bss
    rtosinit.o(.text) refers to USBH_OS_embOS.o(i.__ARM_common_disable_irq) for __ARM_common_disable_irq
    rtosinit.o(.text) refers to OSKERN.o(.text) for OS_RestoreI
    rtosinit.o(.text) refers to OS_HandleTick.o(.text) for OS_HandleTick
    rtosinit.o(.text) refers to aeabi_sdivfast.o(.text_udiv) for __aeabi_uidivmod
    rtosinit.o(.text) refers to OSCOM2.o(.text) for OS_COM_ClearTxActive
[...]
    GUI__GetOverlap                          0x00012b9d   Thumb Code    54  GUI_CharLine.o(.text)
    GUI__GetLineDistX                        0x00012bd3   Thumb Code   118  GUI_CharLine.o(.text)
    GUI__DispLine                            0x00012c49   Thumb Code   298  GUI_CharLine.o(.text)
    GUIMONO_DispChar                         0x00012d81   Thumb Code   310  GUI_CharM.o(.text)
    GUIMONO_GetCharDistX                     0x00012eb7   Thumb Code    10  GUI_CharM.o(.text)
    GUIMONO_GetFontInfo                      0x00012ec1   Thumb Code     6  GUI_CharM.o(.text)
    GUIMONO_IsInFont                         0x00012ec7   Thumb Code    58  GUI_CharM.o(.text)
    GUI_MergeRect                            0x00012f09   Thumb Code   108  GUI_MergeRect.o(.text)
    GUI_MoveRect                             0x00012f75   Thumb Code    30  GUI_MoveRect.o(.text)
    GUI_RectsIntersect                       0x00012f93   Thumb Code    56  GUI_RectsIntersect.o(.text)
    GUI_SaveContext_W                        0x00012fcd   Thumb Code    16  GUI_SaveContext.o(.text)
    GUI_RestoreContext                       0x00012fdd   Thumb Code    18  GUI_SaveContext.o(.text)
    GUI_SelectLCD                            0x00012ff5   Thumb Code    28  GUI_SelectLCD.o(.text)
    GUI_SetBkColor                           0x00013011   Thumb Code    24  GUI_SetColor.o(.text)
    GUI_SetColor                             0x00013029   Thumb Code    24  GUI_SetColor.o(.text)
    GL_SetDefault                            0x00013041   Thumb Code    56  GUI_SetDefault.o(.text)
    GUI_SetDefault                           0x00013079   Thumb Code    64  GUI_SetDefault.o(.text)
    GUI_TOUCH_GetState                       0x000130c1   Thumb Code    22  GUI_TOUCH.o(.text)
    GUI_TOUCH_StoreStateEx                   0x000130d7   Thumb Code    36  GUI_TOUCH.o(.text)
    GUI_UC_GetCharSize                       0x00013101   Thumb Code    34  GUI_UC.o(.text)
    GUI_UC_GetCharCode                       0x00013123   Thumb Code    34  GUI_UC.o(.text)
    GUI_UC_Encode                            0x00013145   Thumb Code    38  GUI_UC.o(.text)
    GUI_UC__CalcSizeOfChar                   0x0001316b   Thumb Code     8  GUI_UC.o(.text)
    GUI_UC__GetCharCodeInc                   0x00013173   Thumb Code    42  GUI_UC.o(.text)
    GUI_UC__NumChars2NumBytes                0x0001319d   Thumb Code    38  GUI_UC.o(.text)
    GUI_UC__NumBytes2NumChars                0x000131c3   Thumb Code    42  GUI_UC.o(.text)
    GUI__IntersectRect                       0x000131f1   Thumb Code    66  GUI__IntersectRect.o(.text)
    GUI__IntersectRects                      0x00013233   Thumb Code    86  GUI__IntersectRects.o(.text)
    LCD_SetClipRectEx                        0x00013289   Thumb Code    44  LCD_SetClipRectEx.o(.text)
    WM_BringToBottom                         0x000132bd   Thumb Code    88  WM_BringToBottom.o(.text)
    WM__AddCriticalHandle                    0x00013315   Thumb Code    10  WM_CriticalHandle.o(.text)
    WM__RemoveCriticalHandle                 0x0001331f   Thumb Code    48  WM_CriticalHandle.o(.text)
    WM_GetFirstChild                         0x00013355   Thumb Code    30  WM_GetFirstChild.o(.text)
    WM_NotifyParent                          0x00013373   Thumb Code    22  WM_NotifyParent.o(.text)
    WM_SendToParent                          0x00013389   Thumb Code    44  WM_SendToParent.o(.text)
    WM_DeleteTimer                           0x000133ed   Thumb Code    42  WM_Timer.o(.text)
    WM__DeleteAssocTimer                     0x00013417   Thumb Code   104  WM_Timer.o(.text)
    WM_CreateTimer                           0x0001347f   Thumb Code    88  WM_Timer.o(.text)
    WM_RestartTimer                          0x000134d7   Thumb Code    52  WM_Timer.o(.text)
    WM__IsInModalArea                        0x00013511   Thumb Code    60  WM_Touch.o(.text)
    WM__SendPIDMessage                       0x0001354d   Thumb Code    72  WM_Touch.o(.text)
    WM__SendTouchMessage                     0x00013595   Thumb Code   104  WM_Touch.o(.text)
    WM__SetLastTouched                       0x000135fd   Thumb Code    20  WM_Touch.o(.text)
    WM_HandlePID                             0x00013611   Thumb Code   874  WM_Touch.o(.text)
    GUI_MEMDEV_Clear                         0x00013985   Thumb Code    52  GUIDEV_Clear.o(.text)
    GUI_MEMDEV_GetYSize                      0x000139bd   Thumb Code    44  GUIDEV_GetYSize.o(.text)
    GUI_MEMDEV_ReduceYSize                   0x000139ed   Thumb Code    50  GUIDEV_ReduceYSize.o(.text)
    GUI_MEMDEV_SetOrg                        0x00013a25   Thumb Code    92  GUIDEV_SetOrg.o(.text)
    GUI_USAGE_BM_Create                      0x00013bf1   Thumb Code    78  GUIDEV_UsageBM.o(.text)
    GUI_CURSOR_SelectEx                      0x00013c45   Thumb Code   220  GUI_Curs1.o(.text)
    GUI_CURSOR_HideEx                        0x00013d21   Thumb Code    88  GUI_Curs1.o(.text)
    GUI_CURSOR_ShowEx                        0x00013d79   Thumb Code    80  GUI_Curs1.o(.text)
    GUI_CURSOR_GetStateEx                    0x00013dc9   Thumb Code    32  GUI_Curs1.o(.text)
    GUI_CURSOR_SetPositionEx                 0x00013de9   Thumb Code   106  GUI_Curs1.o(.text)
    GUI_CURSOR_Select                        0x00013e53   Thumb Code     6  GUI_Curs1.o(.text)
    GUI_CURSOR_Hide                          0x00013e59   Thumb Code     6  GUI_Curs1.o(.text)
    GUI_CURSOR_Show                          0x00013e5f   Thumb Code    82  GUI_Curs1.o(.text)
    GUI_CURSOR_GetState                      0x00013eb1   Thumb Code    34  GUI_Curs1.o(.text)
    GUI_CURSOR_SetPosition                   0x00013ed3   Thumb Code     6  GUI_Curs1.o(.text)
    GUI__GetOrg                              0x00013ee5   Thumb Code    18  GUI_GetOrg.o(.text)
    GUI_GetOrg                               0x00013ef7   Thumb Code    36  GUI_GetOrg.o(.text)
    GUI_GetPenSize                           0x00013f25   Thumb Code    22  GUI_Pen.o(.text)
    GUI_GetPenShape                          0x00013f3b   Thumb Code    22  GUI_Pen.o(.text)
    GUI_SetPenSize                           0x00013f51   Thumb Code    26  GUI_Pen.o(.text)
    GUI_SetPenShape                          0x00013f6b   Thumb Code    26  GUI_Pen.o(.text)
    GUI_SetDrawMode                          0x00013f89   Thumb Code    28  GUI_SetDrawMode.o(.text)
    GUI_SetFont                              0x00013fa5   Thumb Code    30  GUI_SetFont.o(.text)
    GUI_SetLineStyle                         0x00013fc9   Thumb Code    26  GUI_SetLineStyle.o(.text)
    GUI_SetTextAlign                         0x00013fe9   Thumb Code    28  GUI_SetTextAlign.o(.text)
    GUI_SetTextMode                          0x00014009   Thumb Code    28  GUI_SetTextMode.o(.text)
    GUI_GetTime                              0x00014029   Thumb Code    12  GUI_Time.o(.text)
    GUI_Delay                                0x00014035   Thumb Code    90  GUI_Time.o(.text)
    GUI_TIMER__IsActive                      0x00014095   Thumb Code    30  GUI_Timer.o(.text)
    GUI_TIMER__GetPeriod                     0x000140b3   Thumb Code    46  GUI_Timer.o(.text)
    GUI_TIMER__GetNextTimer                  0x000140e1   Thumb Code    50  GUI_Timer.o(.text)
    GUI_TIMER_Exec                           0x00014113   Thumb Code    80  GUI_Timer.o(.text)
    GUI_TIMER_Create                         0x00014163   Thumb Code    58  GUI_Timer.o(.text)
    GUI_TIMER_Delete                         0x0001419d   Thumb Code    72  GUI_Timer.o(.text)
    GUI_TIMER_SetPeriod                      0x000141e5   Thumb Code    28  GUI_Timer.o(.text)
    GUI_TIMER_SetTime                        0x00014201   Thumb Code    28  GUI_Timer.o(.text)
    GUI_TIMER_SetDelay                       0x0001421d   Thumb Code    82  GUI_Timer.o(.text)
    GUI_TIMER_Restart                        0x0001426f   Thumb Code    96  GUI_Timer.o(.text)
    GUI__memset                              0x0001433d   Thumb Code   106  GUI__memset.o(.text)
    LCD_SelectLCD                            0x000143ad   Thumb Code    60  LCD_SelectLCD.o(.text)
    LCD_UpdateColorIndices                   0x000143f5   Thumb Code    30  LCD_UpdateColorIndices.o(.text)
    WM_GetParent                             0x00014419   Thumb Code    30  WM_GetParent.o(.text)
    WM_IsWindow                              0x00014437   Thumb Code    28  WM_IsWindow.o(.text)
    WM_PID__GetPrevState                     0x00014455   Thumb Code    16  WM_PID__GetPrevState.o(.text)
    WM_PID__SetPrevState                     0x00014465   Thumb Code    20  WM_PID__GetPrevState.o(.text)
    WM__IsInWindow                           0x0001447d   Thumb Code    46  WM_Screen2Win.o(.text)
    WM_Screen2hWin                           0x000144ab   Thumb Code   128  WM_Screen2Win.o(.text)
    WM_Screen2hWinEx                         0x0001452b   Thumb Code   132  WM_Screen2Win.o(.text)
    WM_SetCapture                            0x0001462d   Thumb Code    70  WM_SetCapture.o(.text)
    WM_ReleaseCapture                        0x00014673   Thumb Code    52  WM_SetCapture.o(.text)
    WM__GetPrevSibling                       0x000146b5   Thumb Code    44  WM__GetPrevSibling.o(.text)
    WM__IsAncestor                           0x000146e1   Thumb Code    40  WM__IsAncestor.o(.text)
    WM__IsAncestorOrSelf                     0x00014709   Thumb Code    48  WM__IsAncestor.o(.text)
    WM__IsEnabled                            0x00014739   Thumb Code    24  WM__IsEnabled.o(.text)
    WM__SendMessageIfEnabled                 0x00014751   Thumb Code    28  WM__SendMessageIfEnabled.o(.text)
    GL_DrawBitmap                            0x0001476d   Thumb Code   142  GUI_DrawBitmap.o(.text)
    GUI_DrawBitmap                           0x000147fb   Thumb Code   210  GUI_DrawBitmap.o(.text)
    GUI_Exec1                                0x000148d5   Thumb Code    40  GUI_Exec.o(.text)
    GUI_Exec                                 0x000148fd   Thumb Code    50  GUI_Exec.o(.text)
    GUI_SPRITE__CreateEx                     0x00015409   Thumb Code   214  GUI_SPRITE.o(.text)
    GUI_SPRITE_CreateEx                      0x000154df   Thumb Code    20  GUI_SPRITE.o(.text)
    GUI_SPRITE_Create                        0x000154f3   Thumb Code    24  GUI_SPRITE.o(.text)
    GUI_SPRITE_Delete                        0x0001550b   Thumb Code    76  GUI_SPRITE.o(.text)
    GUI_SPRITE_SetPosition                   0x00015557   Thumb Code   808  GUI_SPRITE.o(.text)
    GUI_SPRITE_SetBitmap                     0x0001587f   Thumb Code   482  GUI_SPRITE.o(.text)
    GUI_SPRITE_SetBitmapAndPosition          0x00015a61   Thumb Code   742  GUI_SPRITE.o(.text)
    GUI_SPRITE_Hide                          0x00015d47   Thumb Code    72  GUI_SPRITE.o(.text)
    GUI_SPRITE_Show                          0x00015d8f   Thumb Code    72  GUI_SPRITE.o(.text)
    GUI_SPRITE_GetState                      0x00015dd7   Thumb Code    42  GUI_SPRITE.o(.text)
    WM_GetDesktopWindowEx                    0x000160e5   Thumb Code    16  WM_GetDesktopWindowEx.o(.text)
    WM__GetFirstSibling                      0x000160f9   Thumb Code    22  WM__GetFirstSibling.o(.text)
    GUI_GetBitmapPixelIndexEx                0x0001610f   Thumb Code   144  GUI_GetBitmapPixelIndex.o(.text)
    GUI_GetBitmapPixelIndex                  0x0001619f   Thumb Code   156  GUI_GetBitmapPixelIndex.o(.text)
    __I$use$semihosting                      0x0001623c   ARM Code       0  use_no_semi.o(.text)
    __use_no_semihosting_swi                 0x0001623c   ARM Code       4  use_no_semi.o(.text)
    __2printf                                0x00016241   Thumb Code    22  noretval__2printf.o(.text)
    __2sprintf                               0x0001625d   Thumb Code    36  noretval__2sprintf.o(.text)
    Inline ARM to Thumb Veneer to _printf_int_dec 0x00016284   ARM Code       8  _printf_dec.o(.text)
    _printf_int_dec                          0x0001628d   Thumb Code    94  _printf_dec.o(.text)
    __printf                                 0x000162fd   Thumb Code   286  __printf_wp.o(.text)
    putc                                     0x0001641b   Thumb Code    12  putc.o(.text)
    memcmp                                   0x00016427   Thumb Code   118  memcmp.o(.text)
    strcpy                                   0x0001649d   Thumb Code    74  strcpy.o(.text)
    Inline Thumb to ARM Veneer to __aeabi_memcpy 0x000164ed   Thumb Code     4  rt_memcpy.o(.text)
    __aeabi_memcpy                           0x000164f0   ARM Code       0  rt_memcpy.o(.text)
    __rt_memcpy                              0x000164f0   ARM Code     212  rt_memcpy.o(.text)
    _memcpy_lastbytes                        0x000165a4   ARM Code       0  rt_memcpy.o(.text)
    Inline Thumb to ARM Veneer to __aeabi_memmove 0x000165c5   Thumb Code     4  rt_memmove.o(.text)
    __aeabi_memmove                          0x000165c8   ARM Code       0  rt_memmove.o(.text)
    __rt_memmove                             0x000165c8   ARM Code     212  rt_memmove.o(.text)
    __memmove_lastfew                        0x0001667c   ARM Code       0  rt_memmove.o(.text)
    Inline Thumb to ARM Veneer to __aeabi_memcpy4 0x0001669d   Thumb Code     4  rt_memcpy_w.o(.text)
    __aeabi_memcpy4                          0x000166a0   ARM Code       0  rt_memcpy_w.o(.text)
    __aeabi_memcpy8                          0x000166a0   ARM Code       0  rt_memcpy_w.o(.text)
    __rt_memcpy_w                            0x000166a0   ARM Code     100  rt_memcpy_w.o(.text)
    _memcpy_lastbytes_aligned                0x000166ec   ARM Code       0  rt_memcpy_w.o(.text)
    Inline Thumb to ARM Veneer to __aeabi_memset 0x00016705   Thumb Code     4  aeabi_memset.o(.text)
    __aeabi_memset                           0x00016708   ARM Code      16  aeabi_memset.o(.text)
    Inline Thumb to ARM Veneer to __aeabi_memclr 0x00016719   Thumb Code     4  rt_memclr.o(.text)
    __aeabi_memclr                           0x0001671c   ARM Code       0  rt_memclr.o(.text)
    __rt_memclr                              0x0001671c   ARM Code      64  rt_memclr.o(.text)
    _memset                                  0x00016720   ARM Code       0  rt_memclr.o(.text)
    Inline Thumb to ARM Veneer to __aeabi_memclr4 0x0001675d   Thumb Code     4  rt_memclr_w.o(.text)
    __aeabi_memclr4                          0x00016760   ARM Code       0  rt_memclr_w.o(.text)
    __aeabi_memclr8                          0x00016760   ARM Code       0  rt_memclr_w.o(.text)
    __rt_memclr_w                            0x00016760   ARM Code      84  rt_memclr_w.o(.text)
    _memset_w                                0x00016764   ARM Code       0  rt_memclr_w.o(.text)
    Inline Thumb to ARM Veneer to strcmp     0x000167b5   Thumb Code     4  strcmpfast.o(.text)
    strcmp                                   0x000167b8   ARM Code     184  strcmpfast.o(.text)
    Inline Thumb to ARM Veneer to __aeabi_idivmod 0x00016875   Thumb Code     4  aeabi_sdivfast.o(.text)
    __aeabi_idiv                             0x00016878   ARM Code       0  aeabi_sdivfast.o(.text)
    __aeabi_idivmod                          0x00016878   ARM Code     556  aeabi_sdivfast.o(.text)
    __use_two_region_memory                  0x00016aa5   Thumb Code     2  heapauxi.o(.text)
    __rt_heap_escrow$2region                 0x00016aa7   Thumb Code     2  heapauxi.o(.text)
    __rt_heap_expand$2region                 0x00016aa9   Thumb Code     2  heapauxi.o(.text)
    __ARM_call_via_r0                        0x00016aad   Thumb Code     2  callvia.o(.text)
    __call_via_r0                            0x00016aad   Thumb Code     0  callvia.o(.text)
    __ARM_call_via_r1                        0x00016aaf   Thumb Code     2  callvia.o(.text)
    __call_via_r1                            0x00016aaf   Thumb Code     0  callvia.o(.text)
    __ARM_call_via_r2                        0x00016ab1   Thumb Code     2  callvia.o(.text)
    __call_via_r2                            0x00016ab1   Thumb Code     0  callvia.o(.text)
    __ARM_call_via_r3                        0x00016ab3   Thumb Code     2  callvia.o(.text)
    __call_via_r3                            0x00016ab3   Thumb Code     0  callvia.o(.text)
    __ARM_call_via_r4                        0x00016ab5   Thumb Code     2  callvia.o(.text)
    __call_via_r4                            0x00016ab5   Thumb Code     0  callvia.o(.text)
    __ARM_call_via_r5                        0x00016ab7   Thumb Code     2  callvia.o(.text)
    __call_via_r5                            0x00016ab7   Thumb Code     0  callvia.o(.text)
    __ARM_call_via_r6                        0x00016ab9   Thumb Code     2  callvia.o(.text)
    __call_via_r6                            0x00016ab9   Thumb Code     0  callvia.o(.text)
    __ARM_call_via_r7                        0x00016abb   Thumb Code     2  callvia.o(.text)
    __call_via_r7                            0x00016abb   Thumb Code     0  callvia.o(.text)
    _printf_int_common                       0x00016abd   Thumb Code   186  _printf_intcommon.o(.text)
    _printf_char_common                      0x00016b83   Thumb Code    34  _printf_char_common.o(.text)
    _sputc                                   0x00016ba9   Thumb Code    10  _sputc.o(.text)
    _printf_char_file                        0x00016bb5   Thumb Code    38  _printf_char_file.o(.text)
    __aeabi_memmove4                         0x00016be0   ARM Code       0  rt_memmove_w.o(.text)
    __aeabi_memmove8                         0x00016be0   ARM Code       0  rt_memmove_w.o(.text)
    __rt_memmove_w                           0x00016be0   ARM Code     128  rt_memmove_w.o(.text)
    __memmove_aligned                        0x00016c0c   ARM Code       0  rt_memmove_w.o(.text)
    __memmove_lastfew_aligned                0x00016c48   ARM Code       0  rt_memmove_w.o(.text)
    Inline Thumb to ARM Veneer to __rt_udiv10 0x00016c61   Thumb Code     4  rtudiv10.o(.text)
    __rt_udiv10                              0x00016c64   ARM Code      44  rtudiv10.o(.text)
    __user_libspace                          0x00016c90   ARM Code      12  libspace.o(.text)
    __user_perproc_libspace                  0x00016c90   ARM Code       0  libspace.o(.text)
    __user_perthread_libspace                0x00016c90   ARM Code       0  libspace.o(.text)
    __user_setup_stackheap                   0x00016c9c   ARM Code      96  sys_stackheap_outer.o(.text)
    exit                                     0x00016cfd   Thumb Code    12  exit.o(.text)
    Inline Thumb to ARM Veneer to __aeabi_uidivmod 0x00016d09   Thumb Code     4  aeabi_sdivfast.o(.text_udiv)
    __aeabi_uidiv                            0x00016d0c   ARM Code       0  aeabi_sdivfast.o(.text_udiv)
    __aeabi_uidivmod                         0x00016d0c   ARM Code      48  aeabi_sdivfast.o(.text_udiv)
    OS_StartTask                             0x00016d3c   ARM Code       0  RTOS.o(C$$code)
    OS_Switch                                0x00016d4c   ARM Code       0  RTOS.o(C$$code)
    OS_Start                                 0x00016d90   ARM Code       0  RTOS.o(C$$code)
    OS_SwitchFromInt                         0x00016d9c   ARM Code       0  RTOS.o(C$$code)
    OS_GetSysStackBase                       0x00016e1c   ARM Code       0  RTOS.o(C$$code)
    OS_GetSysStackSize                       0x00016e24   ARM Code       0  RTOS.o(C$$code)
    OS_GetIntStackBase                       0x00016e34   ARM Code       0  RTOS.o(C$$code)
    OS_GetIntStackSize                       0x00016e3c   ARM Code       0  RTOS.o(C$$code)
    OS_GetSP                                 0x00016e4c   ARM Code       0  RTOS.o(C$$code)
    IRQ_Handler                              0x00016e74   ARM Code       0  RTOS.o(C$$code)
    OS_IRQ_SERVICE                           0x00016e74   ARM Code       0  RTOS.o(C$$code)
    OS_IsInInt                               0x00016ea4   ARM Code       0  RTOS.o(C$$code)
    Reset_Handler                            0x00016eac   ARM Code       0  startup_lpc2xxx.o(Init)
    Short Thumb to ARM Veneer to OS_SwitchFromInt 0x00016efd   Thumb Code     8  anon$$obj.o(Veneer$$Code)
    Short Thumb to ARM Veneer to OS_Start    0x00016f05   Thumb Code     8  anon$$obj.o(Veneer$$Code)
    Short Thumb to ARM Veneer to OS_Switch   0x00016f0d   Thumb Code     8  anon$$obj.o(Veneer$$Code)
    Long ARM to Thumb Veneer to __user_initial_stackheap 0x00016f14   ARM Code      12  anon$$obj.o(Veneer$$Code)
    Long ARM to Thumb Veneer to OS_ChangeTask 0x00016f20   ARM Code      12  anon$$obj.o(Veneer$$Code)
    Long ARM to Thumb Veneer to OS_DecRegionCnt 0x00016f2c   ARM Code      12  anon$$obj.o(Veneer$$Code)
    Long ARM to Thumb Veneer to OS_irq_handler 0x00016f38   ARM Code      12  anon$$obj.o(Veneer$$Code)
    Long ARM to Thumb Veneer to __low_level_init 0x00016f44   ARM Code      12  anon$$obj.o(Veneer$$Code)
    __ARM_common_call_via_r1                 0x00016f51   Thumb Code     2  USBH_Core.o(i.__ARM_common_call_via_r1)
    __ARM_common_call_via_r2                 0x00016f53   Thumb Code     2  USBH_Core.o(i.__ARM_common_call_via_r2)
    __ARM_common_call_via_r3                 0x00016f55   Thumb Code     2  USBH_Core.o(i.__ARM_common_call_via_r3)
    __ARM_common_call_via_r4                 0x00016f57   Thumb Code     2  USBH_OHC_EP_Int.o(i.__ARM_common_call_via_r4)
    __ARM_common_call_via_r5                 0x00016f59   Thumb Code     2  USBH_OHC_EP_BulkInt.o(i.__ARM_common_call_via_r5)
    __ARM_common_call_via_r6                 0x00016f5b   Thumb Code     2  USBH_Core.o(i.__ARM_common_call_via_r6)
    __ARM_common_call_via_r7                 0x00016f5d   Thumb Code     2  USBH_HC.o(i.__ARM_common_call_via_r7)
    Inline Thumb to ARM Veneer to __ARM_common_disable_irq 0x00016f61   Thumb Code     4  USBH_OS_embOS.o(i.__ARM_common_disable_irq)
    __ARM_common_disable_irq                 0x00016f64   ARM Code      20  USBH_OS_embOS.o(i.__ARM_common_disable_irq)
    Inline Thumb to ARM Veneer to __ARM_common_enable_irq 0x00016f79   Thumb Code     4  USBH_OS_embOS.o(i.__ARM_common_enable_irq)
    __ARM_common_enable_irq                  0x00016f7c   ARM Code      16  USBH_OS_embOS.o(i.__ARM_common_enable_irq)
    Inline Thumb to ARM Veneer to __ARM_common_memcpy1_8 0x00016f8d   Thumb Code     4  USBH_HID.o(i.__ARM_common_memcpy1_8)
    __ARM_common_memcpy1_8                   0x00016f90   ARM Code      68  USBH_HID.o(i.__ARM_common_memcpy1_8)
    Inline Thumb to ARM Veneer to __ARM_common_udiv_10 0x00016fd5   Thumb Code     4  USBH_OHC_Device.o(i.__ARM_common_udiv_10)
    __ARM_common_udiv_10                     0x00016fd8   ARM Code      28  USBH_OHC_Device.o(i.__ARM_common_udiv_10)
    Inline Thumb to ARM Veneer to __ARM_disable_irq 0x00016ff5   Thumb Code     4  irq.o(i.__ARM_disable_irq)
    __ARM_disable_irq                        0x00016ff8   ARM Code      20  irq.o(i.__ARM_disable_irq)
    Inline Thumb to ARM Veneer to __ARM_enable_irq 0x0001700d   Thumb Code     4  irq.o(i.__ARM_enable_irq)
    __ARM_enable_irq                         0x00017010   ARM Code      16  irq.o(i.__ARM_enable_irq)
    __rt_sdiv_100                            0x00017021   Thumb Code    36  GUI_Alloc.o(i.__rt_sdiv_100)
    __rt_udiv_100                            0x00017045   Thumb Code    32  GUI_Alloc.o(i.__rt_udiv_100)
    __rt_udiv_255                            0x00017065   Thumb Code    32  GUI_Alloc.o(i.__rt_udiv_255)
    __rt_udiv_31                             0x00017085   Thumb Code    36  GUICC_565_Index2Color.o(i.__rt_udiv_31)
    __rt_udiv_63                             0x000170a9   Thumb Code    36  GUICC_565_Index2Color.o(i.__rt_udiv_63)
    _is_digit                                0x000170cd   Thumb Code    14  __printf_wp.o(i._is_digit)
    LCD_API_ColorConv_565                    0x000177b4   Data          12  GUICC_565.o(.constdata)
    GUIDRV_Lin_OSX_16_API                    0x000177c0   Data          52  GUIDRV_Lin_OSX_16.o(.constdata)
    GUI_MEMDEV_DEVICE_16                     0x000178bc   Data          52  GUIDEV_16.o(.constdata)
    gHccaIntFrameBalance                     0x00017968   Data          16  USBH_OHC_HCCA.o(.constdata)
    GUI_acFont6x8                            0x00017978   Data        1304  F6x8.o(.constdata)
    GUI_F6x8_TL8859_1                        0x00017e90   Data         448  F6x8.o(.constdata)
    GUI_F6x8_TI8859_1                        0x00018050   Data           8  F6x8.o(.constdata)
    GUI_F6x8_Mono                            0x00018058   Data          20  F6x8.o(.constdata)
    GUI_Font6x8                              0x0001806c   Data          36  F6x8.o(.constdata)
    LCD_API_ColorConv_0                      0x00018090   Data          12  GUICC_0.o(.constdata)
    GUI_UC_None                              0x000180a4   Data          16  GUI_UC_EncodeNone.o(.constdata)
    LCD_aMirror                              0x000180c0   Data         256  LCD_Mirror.o(.constdata)
    GUI_BitmapArrowM                         0x000181d8   Data          20  GUI_CursorArrowM.o(.constdata)
    GUI_CursorArrowM                         0x000181ec   Data          12  GUI_CursorArrowM.o(.constdata)
    GUI_Pixels_ArrowM                        0x0001822c   Data          60  GUI_CursorArrowMPx.o(.constdata)
    GUI_CursorPal                            0x00018274   Data          12  GUI_CursorPal.o(.constdata)
    Region$$Table$$Base                      0x00019634   Number         0  anon$$obj.o(Region$$Table)
    Region$$Table$$Limit                     0x00019654   Number         0  anon$$obj.o(Region$$Table)
    Image$$CSTACK$$ZI$$Base                  0x40000000   Number         0  anon$$obj.o(CSTACK.bss)
    Image$$CSTACK$$ZI$$Limit                 0x40000400   Number         0  anon$$obj.o(CSTACK.bss)
    Image$$IRQ_STACK$$ZI$$Base               0x40000400   Number         0  anon$$obj.o(IRQ_STACK.bss)
    Image$$IRQ_STACK$$ZI$$Limit              0x40000500   Number         0  anon$$obj.o(IRQ_STACK.bss)
    __stdout                                 0xa0000004   Data           4  retarget.o(.data)
    _LockCntHandles                          0xa0000018   Data           4  GUI_Alloc.o(.data)
    _NumFreeBytes                            0xa000001c   Data           4  GUI_Alloc.o(.data)
    OS_COM_cbRx                              0xa0000098   Data           4  OS_SetRxCallback.o(.data)
    OS_TimeDex                               0xa000009c   Data           4  OSGLOBAL.o(.data)
    OS_Time                                  0xa00000a0   Data           4  OSGLOBAL.o(.data)
    OS_Counters                              0xa00000a4   Data           4  OSGLOBAL.o(.data)
    OS_Pending                               0xa00000a8   Data           1  OSGLOBAL.o(.data)
    OS_Status                                0xa00000a9   Data           1  OSGLOBAL.o(.data)
    OS_TimeSlice                             0xa00000aa   Data           1  OSGLOBAL.o(.data)
    OS_TimeSliceAtStart                      0xa00000ab   Data           1  OSGLOBAL.o(.data)
    OS_pTask                                 0xa00000ac   Data           4  OSGLOBAL.o(.data)
    OS_pCurrentTask                          0xa00000b0   Data           4  OSGLOBAL.o(.data)
    OS_pActiveTask                           0xa00000b4   Data           4  OSGLOBAL.o(.data)
    OS_pTimer                                0xa00000b8   Data           4  OSGLOBAL.o(.data)
    OS_pCurrentTimer                         0xa00000bc   Data           4  OSGLOBAL.o(.data)
    OS_pRSema                                0xa00000c0   Data           4  OSGLOBAL.o(.data)
    OS_pTickHook                             0xa00000c4   Data           4  OSGLOBAL.o(.data)
    USBH_OHCI_Driver                         0xa00000ec   Data          84  USBH_OHC_Device.o(.data)
    GUI_DecChar                              0xa0000150   Data           1  GUI_Core.o(.data)
    GUI_pfTimerExec                          0xa0000158   Data           4  GUI_Core.o(.data)
    WM_pfHandlePID                           0xa000015c   Data           4  GUI_Core.o(.data)
    GUI_pfDispCharStyle                      0xa0000160   Data           4  GUI_Core.o(.data)
    GUI_pLCD_APIList                         0xa0000164   Data           4  GUI_Core.o(.data)
    GUI_OrgX                                 0xa0000168   Data           2  GUI_Core.o(.data)
    GUI_OrgY                                 0xa000016a   Data           2  GUI_Core.o(.data)
    GUITASK__EntranceCnt                     0xa0000174   Data           4  GUI_Task.o(.data)
    LCD_pBkColorIndex                        0xa0000180   Data           4  LCD_Color.o(.data)
    LCD_pColorIndex                          0xa0000184   Data           4  LCD_Color.o(.data)
    OS_COM_StringLen                         0xa0000188   Data           1  OSCOM1.o(.data)
    OS_TxActive                              0xa0000189   Data           1  OSCOM1.o(.data)
    OS_COM_pTask                             0xa000018c   Data           4  OSCOM1.o(.data)
    OS_pfOnTerminate                         0xa0000190   Data           4  OSTERM.o(.data)
    LCD__pSetColorAPI                        0xa000019c   Data           4  LCD.o(.data)
    WM_IsActive                              0xa00001a0   Data           1  WM.o(.data)
    WM__PaintCallbackCnt                     0xa00001a1   Data           1  WM.o(.data)
    WM__NumWindows                           0xa00001a4   Data           2  WM.o(.data)
    WM__NumInvalidWindows                    0xa00001a6   Data           2  WM.o(.data)
    WM__CreateFlags                          0xa00001a8   Data           2  WM.o(.data)
    WM__TouchedLayer                         0xa00001ac   Data           4  WM.o(.data)
    WM__FirstWin                             0xa00001b0   Data           4  WM.o(.data)
    WM__pFirstCriticalHandle                 0xa00001b4   Data           4  WM.o(.data)
    WM_pfPollPID                             0xa00001b8   Data           4  WM.o(.data)
    WM__TransWindowCnt                       0xa00001bc   Data           4  WM.o(.data)
    WM__hATransWindow                        0xa00001c0   Data           4  WM.o(.data)
    WM__CaptureReleaseAuto                   0xa00001d8   Data           1  WM.o(.data)
    _hFirstTimer                             0xa00001e4   Data           4  GUI_Timer.o(.data)
    _hActiveTimer                            0xa00001e8   Data           4  GUI_Timer.o(.data)
    GUI_Context                              0xa0854d88   Data         160  GUI_Core.o(.bss)
    LCD__aConvTable                          0xa08550b8   Data        1024  LCD_Color.o(.bss)
    USBH_Global                              0xa08554b8   Data          92  USBH_Global.o(.bss)
    WM__ahDesktopWin                         0xa08555a8   Data          64  WM.o(.bss)
    WM__aBkColor                             0xa08555e8   Data          64  WM.o(.bss)
    WM__ahCapture                            0xa0855628   Data          64  WM.o(.bss)
    WM__ahWinFocus                           0xa0855668   Data          64  WM.o(.bss)
    WM__aCHWinModal                          0xa085578c   Data         128  WM_Touch.o(.bss)
    WM__aCHWinLast                           0xa085580c   Data         128  WM_Touch.o(.bss)
    WM__aCHWinMouseOver                      0xa085588c   Data         128  WM_Touch.o(.bss)
    __libspace_start                         0xa0855b0c   Data          96  libspace.o(.bss)
    Image$$HEAP$$ZI$$Base                    0xa0855b6c   Number         0  anon$$obj.o(HEAP.bss)
    __temporary_stack_top$libspace           0xa0855b6c   Data           0  libspace.o(.bss)
    Image$$HEAP$$ZI$$Limit                   0xa0855c6c   Number         0  anon$$obj.o(HEAP.bss)



==============================================================================

Memory Map of the image

  Image Entry point : 0x00000000

  Load Region LPC2468_EA_ROM (Base: 0x00000000, Size: 0x00019840, Max: 0x00080000, ABSOLUTE, COMPRESSED[0x000196d4])

    Execution Region ROM (Base: 0x00000000, Size: 0x00019654, Max: 0x00080000, ABSOLUTE)

    Base Addr    Size         Type   Attr      Idx    E Section Name        Object

    0x00000000   0x00000038   Code   RO            8  * Vect                vectors.o
    0x00000038   0x00000008   Code   RO          538  * !!!main             c_t.l(__main.o)
    0x00000040   0x0000003c   Code   RO          682    !!!scatter          c_t.l(__scatter.o)
    0x0000007c   0x0000005c   Code   RO          681    !!dczerorl2         c_t.l(__dczerorl2.o)
    0x000000d8   0x0000002c   Code   RO          683    !!handler_zi        c_t.l(__scatter_zi.o)
    0x00000104   0x00000004   Ven    RO          514    .ARM.Collect$$_printf_percent$$00000000  c_t.l(_printf_percent.o)
    0x00000108   0x00000000   Code   RO          514    .ARM.Collect$$_printf_percent$$00000000  c_t.l(_printf_percent.o)
    0x00000108   0x00000008   Code   RO          513    .ARM.Collect$$_printf_percent$$00000009  c_t.l(_printf_d.o)
    0x00000110   0x00000008   Code   RO          553    .ARM.Collect$$_printf_percent$$00000017  c_t.l(_printf_percent_end.o)
    0x00000118   0x00000008   Ven    RO          587    .ARM.Collect$$libinit$$00000000  c_t.l(libinit.o)
    0x00000120   0x00000002   Code   RO          587    .ARM.Collect$$libinit$$00000000  c_t.l(libinit.o)
    0x00000122   0x00000000   Code   RO          589    .ARM.Collect$$libinit$$00000002  c_t.l(libinit2.o)
    0x00000122   0x00000000   Code   RO          592    .ARM.Collect$$libinit$$00000008  c_t.l(libinit2.o)
    0x00000122   0x00000000   Code   RO          594    .ARM.Collect$$libinit$$0000000A  c_t.l(libinit2.o)
    0x00000122   0x00000000   Code   RO          596    .ARM.Collect$$libinit$$0000000C  c_t.l(libinit2.o)
    0x00000122   0x00000000   Code   RO          599    .ARM.Collect$$libinit$$0000000F  c_t.l(libinit2.o)
    0x00000122   0x00000000   Code   RO          601    .ARM.Collect$$libinit$$00000011  c_t.l(libinit2.o)
    0x00000122   0x00000000   Code   RO          603    .ARM.Collect$$libinit$$00000013  c_t.l(libinit2.o)
    0x00000122   0x00000000   Code   RO          605    .ARM.Collect$$libinit$$00000015  c_t.l(libinit2.o)
    0x00000122   0x00000000   Code   RO          607    .ARM.Collect$$libinit$$00000017  c_t.l(libinit2.o)
    0x00000122   0x00000000   Code   RO          609    .ARM.Collect$$libinit$$00000019  c_t.l(libinit2.o)
    0x00000122   0x00000000   Code   RO          611    .ARM.Collect$$libinit$$0000001B  c_t.l(libinit2.o)
    0x00000122   0x00000000   Code   RO          613    .ARM.Collect$$libinit$$0000001D  c_t.l(libinit2.o)
    0x00000122   0x00000000   Code   RO          615    .ARM.Collect$$libinit$$0000001F  c_t.l(libinit2.o)
    0x00000122   0x00000000   Code   RO          617    .ARM.Collect$$libinit$$00000021  c_t.l(libinit2.o)
    0x00000122   0x00000000   Code   RO          619    .ARM.Collect$$libinit$$00000023  c_t.l(libinit2.o)
    0x00000122   0x00000000   Code   RO          623    .ARM.Collect$$libinit$$0000002A  c_t.l(libinit2.o)
    0x00000122   0x00000000   Code   RO          625    .ARM.Collect$$libinit$$0000002C  c_t.l(libinit2.o)
    0x00000122   0x00000000   Code   RO          627    .ARM.Collect$$libinit$$0000002E  c_t.l(libinit2.o)
    0x00000122   0x00000000   Code   RO          629    .ARM.Collect$$libinit$$00000030  c_t.l(libinit2.o)
    0x00000122   0x0000000c   Code   RO          630    .ARM.Collect$$libinit$$00000031  c_t.l(libinit2.o)
    0x0000012e   0x00000002   PAD
    0x00000130   0x00000008   Ven    RO          655    .ARM.Collect$$libshutdown$$00000000  c_t.l(libshutdown.o)
    0x00000138   0x00000004   Code   RO          655    .ARM.Collect$$libshutdown$$00000000  c_t.l(libshutdown.o)
    0x0000013c   0x00000000   Code   RO          667    .ARM.Collect$$libshutdown$$00000003  c_t.l(libshutdown2.o)
    0x0000013c   0x00000000   Code   RO          670    .ARM.Collect$$libshutdown$$00000006  c_t.l(libshutdown2.o)
    0x0000013c   0x00000000   Code   RO          673    .ARM.Collect$$libshutdown$$00000009  c_t.l(libshutdown2.o)
    0x0000013c   0x00000000   Code   RO          675    .ARM.Collect$$libshutdown$$0000000B  c_t.l(libshutdown2.o)
    0x0000013c   0x00000000   Code   RO          678    .ARM.Collect$$libshutdown$$0000000E  c_t.l(libshutdown2.o)
    0x0000013c   0x00000006   Code   RO          679    .ARM.Collect$$libshutdown$$0000000F  c_t.l(libshutdown2.o)
    0x00000142   0x00000002   PAD
    0x00000144   0x00000000   Code   RO          544    .ARM.Collect$$rtentry$$00000000  c_t.l(rtentry.o)
    0x00000144   0x00000000   Code   RO          557    .ARM.Collect$$rtentry$$00000002  c_t.l(rtentry2.o)
    0x00000144   0x00000008   Code   RO          569    .ARM.Collect$$rtentry$$00000004  c_t.l(rtentry4.o)
    0x0000014c   0x00000000   Code   RO          559    .ARM.Collect$$rtentry$$00000009  c_t.l(rtentry2.o)
    0x0000014c   0x00000004   Code   RO          560    .ARM.Collect$$rtentry$$0000000A  c_t.l(rtentry2.o)
    0x00000150   0x00000000   Code   RO          562    .ARM.Collect$$rtentry$$0000000C  c_t.l(rtentry2.o)
    0x00000150   0x00000028   Code   RO          563    .ARM.Collect$$rtentry$$0000000D  c_t.l(rtentry2.o)
    0x00000178   0x00000004   Ven    RO          631    .ARM.Collect$$rtexit$$00000000  c_t.l(rtexit.o)
    0x0000017c   0x00000004   Code   RO          631    .ARM.Collect$$rtexit$$00000000  c_t.l(rtexit.o)
    0x00000180   0x00000000   Code   RO          639    .ARM.Collect$$rtexit$$00000002  c_t.l(rtexit2.o)
    0x00000180   0x00000004   Code   RO          640    .ARM.Collect$$rtexit$$00000003  c_t.l(rtexit2.o)
    0x00000184   0x00000008   Code   RO          641    .ARM.Collect$$rtexit$$00000004  c_t.l(rtexit2.o)
    0x0000018c   0x000001c8   Code   RO            4    .text               os_usbh_hid.o
    0x00000354   0x00000694   Code   RO            9    .text               bsp.o
    0x000009e8   0x00000008   Ven    RO           20    .text               retarget.o
    0x000009f0   0x0000003c   Code   RO           20    .text               retarget.o
    0x00000a2c   0x00000064   Code   RO           24    .text               usbh_config_lpc24xx.o
    0x00000a90   0x0000021c   Code   RO           26    .text               i2cpca9532.o
    0x00000cac   0x00000348   Code   RO           27    .text               rtosinit.o
    0x00000ff4   0x0000012c   Code   RO           29    .text               gui_x_touch.o
    0x00001120   0x0000001c   Code   RO           30    .text               guiconf.o
    0x0000113c   0x00000144   Code   RO           34    .text               usbh_configio.o
    0x00001280   0x00000094   Code   RO           39    .text               gui_x_embos.o
    0x00001314   0x0000002c   Code   RO           65    .text               os_error.o
    0x00001340   0x00000060   Code   RO           66    .text               main.o
    0x000013a0   0x00000020   Code   RO           98    .text               GUIv5_4t_tl_i_trial.lib(GUICC_565.o)
    0x000013c0   0x000011b4   Code   RO          100    .text               GUIv5_4t_tl_i_trial.lib(GUIDRV_Lin_OSX_16.o)
    0x00002574   0x00000938   Code   RO          107    .text               GUIv5_4t_tl_i_trial.lib(GUI_Alloc.o)
    0x00002eac   0x00000248   Code   RO          113    .text               GUIv5_4t_tl_i_trial.lib(GUI_Device.o)
    0x000030f4   0x000000cc   Code   RO          114    .text               GUIv5_4t_tl_i_trial.lib(GUI_OnKey.o)
    0x000031c0   0x0000025c   Code   RO          117    .text               GUIv5_4t_tl_i_trial.lib(GUI_TOUCH_DriverAnalog.o)
    0x0000341c   0x000005c8   Code   RO          120    .text               GUIv5_4t_tl_i_trial.lib(LCD_GetEx.o)
    0x000039e4   0x00000480   Code   RO          121    .text               GUIv5_4t_tl_i_trial.lib(LCD_Set.o)
    0x00003e64   0x00000090   Code   RO          149    .text               osT4LR_trial.lib(OS_CreateTask.o)
    0x00003ef4   0x00000008   Code   RO          151    .text               osT4LR_trial.lib(OS_EVENT_Create.o)
    0x00003efc   0x0000004c   Code   RO          154    .text               osT4LR_trial.lib(OS_EVENT_Set.o)
    0x00003f48   0x00000038   Code   RO          155    .text               osT4LR_trial.lib(OS_EVENT_Wait.o)
    0x00003f80   0x00000060   Code   RO          156    .text               osT4LR_trial.lib(OS_EVENT_WaitTimed.o)
    0x00003fe0   0x00000078   Code   RO          157    .text               osT4LR_trial.lib(OS_HandleTick.o)
    0x00004058   0x00000010   Code   RO          158    .text               osT4LR_trial.lib(OS_SetRxCallback.o)
    0x00004068   0x0000001c   Code   RO          160    .text               osT4LR_trial.lib(OSCOM2.o)
    0x00004084   0x00000044   Code   RO          162    .text               osT4LR_trial.lib(OSEVENS.o)
    0x000040c8   0x00000058   Code   RO          163    .text               osT4LR_trial.lib(OSEVENW.o)
    0x00004120   0x00000040   Code   RO          183    .text               osT4LR_trial.lib(OSGM.o)
    0x00004160   0x00000060   Code   RO          184    .text               osT4LR_trial.lib(OSINFO.o)
    0x000041c0   0x00000574   Code   RO          186    .text               osT4LR_trial.lib(OSKERN.o)
    0x00004734   0x0000001e   Code   RO          187    .text               osT4LR_trial.lib(OSMAIL.o)
    0x00004752   0x00000002   PAD
    0x00004754   0x00000044   Code   RO          188    .text               osT4LR_trial.lib(OSPM.o)
    0x00004798   0x000000f0   Code   RO          189    .text               osT4LR_trial.lib(OSRSEM.o)
    0x00004888   0x0000005c   Code   RO          190    .text               osT4LR_trial.lib(OSSETP.o)
    0x000048e4   0x00000190   Code   RO          191    .text               osT4LR_trial.lib(OSTIME.o)
    0x00004a74   0x00000694   Code   RO          199    .text               USBH_4t_tl_ir_trial.lib(USBH_Core.o)
    0x00005108   0x00001538   Code   RO          207    .text               USBH_4t_tl_ir_trial.lib(USBH_HID.o)
    0x00006640   0x000002a0   Code   RO          211    .text               USBH_4t_tl_ir_trial.lib(USBH_Log.o)
    0x000068e0   0x000002c8   Code   RO          214    .text               USBH_4t_tl_ir_trial.lib(USBH_MEM.o)
    0x00006ba8   0x00000c4e   Code   RO          216    .text               USBH_4t_tl_ir_trial.lib(USBH_OHC_Device.o)
    0x000077f6   0x00000002   PAD
    0x000077f8   0x000001c4   Code   RO          219    .text               USBH_4t_tl_ir_trial.lib(USBH_OS_embOS.o)
    0x000079bc   0x00000038   Code   RO          248    .text               GUIv5_4t_tl_i_trial.lib(GUICC_565_Index2Color.o)
    0x000079f4   0x00000a48   Code   RO          257    .text               GUIv5_4t_tl_i_trial.lib(GUIDEV_16.o)
    0x0000843c   0x00000214   Code   RO          259    .text               GUIv5_4t_tl_i_trial.lib(GUI_Core.o)
    0x00008650   0x00000140   Code   RO          271    .text               GUIv5_4t_tl_i_trial.lib(GUI_Task.o)
    0x00008790   0x00000038   Code   RO          274    .text               GUIv5_4t_tl_i_trial.lib(GUI_TOUCH_StoreUnstable.o)
    0x000087c8   0x00000104   Code   RO          277    .text               GUIv5_4t_tl_i_trial.lib(LCD_Color.o)
    0x000088cc   0x00000048   Code   RO          283    .text               GUIv5_4t_tl_i_trial.lib(WM_OnKey.o)
    0x00008914   0x0000003c   Code   RO          319    .text               osT4LR_trial.lib(OS_DeactivateP.o)
    0x00008950   0x00000044   Code   RO          320    .text               osT4LR_trial.lib(OS_DeactivateTP.o)
    0x00008994   0x00000024   Code   RO          321    .text               osT4LR_trial.lib(OS_EVENT_Reset.o)
    0x000089b8   0x00000030   Code   RO          322    .text               osT4LR_trial.lib(OS_GetNumTasks.o)
    0x000089e8   0x0000002c   Code   RO          324    .text               osT4LR_trial.lib(OS_Wait.o)
    0x00008a14   0x000000ac   Code   RO          329    .text               osT4LR_trial.lib(OSMX.o)
    0x00008ac0   0x000010c8   Code   RO          335    .text               USBH_4t_tl_ir_trial.lib(USBH_Device.o)
    0x00009b88   0x00000364   Code   RO          336    .text               USBH_4t_tl_ir_trial.lib(USBH_Driver.o)
    0x00009eec   0x0000037c   Code   RO          338    .text               USBH_4t_tl_ir_trial.lib(USBH_HC.o)
    0x0000a268   0x0000073a   Code   RO          340    .text               USBH_4t_tl_ir_trial.lib(USBH_Interface.o)
    0x0000a9a2   0x00000254   Code   RO          341    .text               USBH_4t_tl_ir_trial.lib(USBH_OHC_EP.o)
    0x0000abf6   0x00000002   PAD
    0x0000abf8   0x00000af0   Code   RO          342    .text               USBH_4t_tl_ir_trial.lib(USBH_OHC_EP_BulkInt.o)
    0x0000b6e8   0x00000b54   Code   RO          344    .text               USBH_4t_tl_ir_trial.lib(USBH_OHC_EP_Control.o)
    0x0000c23c   0x00000588   Code   RO          345    .text               USBH_4t_tl_ir_trial.lib(USBH_OHC_EP_Int.o)
    0x0000c7c4   0x00000b10   Code   RO          347    .text               USBH_4t_tl_ir_trial.lib(USBH_OHC_EP_Iso.o)
    0x0000d2d4   0x00000084   Code   RO          348    .text               USBH_4t_tl_ir_trial.lib(USBH_OHC_HCCA.o)
    0x0000d358   0x00000466   Code   RO          350    .text               USBH_4t_tl_ir_trial.lib(USBH_OHC_RootHub.o)
    0x0000d7be   0x000001c6   Code   RO          351    .text               USBH_4t_tl_ir_trial.lib(USBH_OHC_td.o)
    0x0000d984   0x000000e8   Code   RO          352    .text               USBH_4t_tl_ir_trial.lib(USBH_OHC_Transfer.o)
    0x0000da6c   0x000007dc   Code   RO          353    .text               USBH_4t_tl_ir_trial.lib(USBH_RootHub.o)
    0x0000e248   0x0000014c   Code   RO          362    .text               GUIv5_4t_tl_i_trial.lib(GUICC_0.o)
    0x0000e394   0x00000074   Code   RO          364    .text               GUIv5_4t_tl_i_trial.lib(GUIDEV_Usage.o)
    0x0000e408   0x000002c8   Code   RO          365    .text               GUIv5_4t_tl_i_trial.lib(GUIDEV_WriteToActiveOpaque.o)
    0x0000e6d0   0x00000108   Code   RO          367    .text               GUIv5_4t_tl_i_trial.lib(GUI_DispString.o)
    0x0000e7d8   0x00000058   Code   RO          368    .text               GUIv5_4t_tl_i_trial.lib(GUI_Goto.o)
    0x0000e830   0x000000dc   Code   RO          369    .text               GUIv5_4t_tl_i_trial.lib(GUI_PID.o)
    0x0000e90c   0x0000011c   Code   RO          372    .text               GUIv5_4t_tl_i_trial.lib(GUI_SelectLayer.o)
    0x0000ea28   0x00000040   Code   RO          374    .text               GUIv5_4t_tl_i_trial.lib(GUI_SetOrg.o)
    0x0000ea68   0x00000030   Code   RO          375    .text               GUIv5_4t_tl_i_trial.lib(GUI_TOUCH_StoreState.o)
    0x0000ea98   0x00000030   Code   RO          377    .text               GUIv5_4t_tl_i_trial.lib(GUI_UC_EncodeNone.o)
    0x0000eac8   0x0000006e   Code   RO          379    .text               GUIv5_4t_tl_i_trial.lib(GUI__memset16.o)
    0x0000eb36   0x00000002   PAD
    0x0000eb38   0x00000608   Code   RO          380    .text               GUIv5_4t_tl_i_trial.lib(LCD.o)
    0x0000f140   0x0000002c   Code   RO          383    .text               GUIv5_4t_tl_i_trial.lib(LCD_GetNumDisplays.o)
    0x0000f16c   0x00001604   Code   RO          385    .text               GUIv5_4t_tl_i_trial.lib(WM.o)
    0x00010770   0x00000014   Code   RO          389    .text               GUIv5_4t_tl_i_trial.lib(WM_GetDesktopWindow.o)
    0x00010784   0x00000044   Code   RO          390    .text               GUIv5_4t_tl_i_trial.lib(WM__SendMessage.o)
    0x000107c8   0x000001a0   Code   RO          409    .text               USBH_4t_tl_ir_trial.lib(USBH_EndPoint.o)
    0x00010968   0x0000031c   Code   RO          410    .text               USBH_4t_tl_ir_trial.lib(USBH_Enum.o)
    0x00010c84   0x00001296   Code   RO          411    .text               USBH_4t_tl_ir_trial.lib(USBH_Hub.o)
    0x00011f1a   0x00000002   PAD
    0x00011f1c   0x000001b4   Code   RO          412    .text               USBH_4t_tl_ir_trial.lib(USBH_PnPNotification.o)
    0x000120d0   0x00000434   Code   RO          413    .text               USBH_4t_tl_ir_trial.lib(USBH_URB.o)
    0x00012504   0x000003ac   Code   RO          414    .text               GUIv5_4t_tl_i_trial.lib(GUIDEV.o)
    0x000128b0   0x00000120   Code   RO          416    .text               GUIv5_4t_tl_i_trial.lib(GUIDEV_Banding.o)
    0x000129d0   0x0000002c   Code   RO          417    .text               GUIv5_4t_tl_i_trial.lib(GUI_ALLOC_AllocZero.o)
    0x000129fc   0x00000058   Code   RO          418    .text               GUIv5_4t_tl_i_trial.lib(GUI_CalcColorDist.o)
    0x00012a54   0x000000fc   Code   RO          419    .text               GUIv5_4t_tl_i_trial.lib(GUI_Char.o)
    0x00012b50   0x00000230   Code   RO          420    .text               GUIv5_4t_tl_i_trial.lib(GUI_CharLine.o)
    0x00012d80   0x00000188   Code   RO          421    .text               GUIv5_4t_tl_i_trial.lib(GUI_CharM.o)
    0x00012f08   0x0000006c   Code   RO          422    .text               GUIv5_4t_tl_i_trial.lib(GUI_MergeRect.o)
    0x00012f74   0x0000001e   Code   RO          423    .text               GUIv5_4t_tl_i_trial.lib(GUI_MoveRect.o)
    0x00012f92   0x00000038   Code   RO          424    .text               GUIv5_4t_tl_i_trial.lib(GUI_RectsIntersect.o)
    0x00012fca   0x00000002   PAD
    0x00012fcc   0x00000028   Code   RO          425    .text               GUIv5_4t_tl_i_trial.lib(GUI_SaveContext.o)
    0x00012ff4   0x0000001c   Code   RO          426    .text               GUIv5_4t_tl_i_trial.lib(GUI_SelectLCD.o)
    0x00013010   0x00000030   Code   RO          427    .text               GUIv5_4t_tl_i_trial.lib(GUI_SetColor.o)
    0x00013040   0x00000080   Code   RO          428    .text               GUIv5_4t_tl_i_trial.lib(GUI_SetDefault.o)
    0x000130c0   0x00000040   Code   RO          429    .text               GUIv5_4t_tl_i_trial.lib(GUI_TOUCH.o)
    0x00013100   0x000000f0   Code   RO          431    .text               GUIv5_4t_tl_i_trial.lib(GUI_UC.o)
    0x000131f0   0x00000042   Code   RO          432    .text               GUIv5_4t_tl_i_trial.lib(GUI__IntersectRect.o)
    0x00013232   0x00000056   Code   RO          433    .text               GUIv5_4t_tl_i_trial.lib(GUI__IntersectRects.o)
    0x00013288   0x00000034   Code   RO          434    .text               GUIv5_4t_tl_i_trial.lib(LCD_SetClipRectEx.o)
    0x000132bc   0x00000058   Code   RO          435    .text               GUIv5_4t_tl_i_trial.lib(WM_BringToBottom.o)
    0x00013314   0x00000040   Code   RO          436    .text               GUIv5_4t_tl_i_trial.lib(WM_CriticalHandle.o)
    0x00013354   0x0000001e   Code   RO          437    .text               GUIv5_4t_tl_i_trial.lib(WM_GetFirstChild.o)
    0x00013372   0x00000016   Code   RO          438    .text               GUIv5_4t_tl_i_trial.lib(WM_NotifyParent.o)
    0x00013388   0x0000002c   Code   RO          439    .text               GUIv5_4t_tl_i_trial.lib(WM_SendToParent.o)
    0x000133b4   0x0000015c   Code   RO          440    .text               GUIv5_4t_tl_i_trial.lib(WM_Timer.o)
    0x00013510   0x00000474   Code   RO          441    .text               GUIv5_4t_tl_i_trial.lib(WM_Touch.o)
    0x00013984   0x00000038   Code   RO          446    .text               GUIv5_4t_tl_i_trial.lib(GUIDEV_Clear.o)
    0x000139bc   0x00000030   Code   RO          447    .text               GUIv5_4t_tl_i_trial.lib(GUIDEV_GetYSize.o)
    0x000139ec   0x00000038   Code   RO          448    .text               GUIv5_4t_tl_i_trial.lib(GUIDEV_ReduceYSize.o)
    0x00013a24   0x00000060   Code   RO          449    .text               GUIv5_4t_tl_i_trial.lib(GUIDEV_SetOrg.o)
    0x00013a84   0x000001c0   Code   RO          450    .text               GUIv5_4t_tl_i_trial.lib(GUIDEV_UsageBM.o)
    0x00013c44   0x000002a0   Code   RO          452    .text               GUIv5_4t_tl_i_trial.lib(GUI_Curs1.o)
    0x00013ee4   0x00000040   Code   RO          454    .text               GUIv5_4t_tl_i_trial.lib(GUI_GetOrg.o)
    0x00013f24   0x00000064   Code   RO          455    .text               GUIv5_4t_tl_i_trial.lib(GUI_Pen.o)
    0x00013f88   0x0000001c   Code   RO          456    .text               GUIv5_4t_tl_i_trial.lib(GUI_SetDrawMode.o)
    0x00013fa4   0x00000024   Code   RO          457    .text               GUIv5_4t_tl_i_trial.lib(GUI_SetFont.o)
    0x00013fc8   0x00000020   Code   RO          458    .text               GUIv5_4t_tl_i_trial.lib(GUI_SetLineStyle.o)
    0x00013fe8   0x00000020   Code   RO          459    .text               GUIv5_4t_tl_i_trial.lib(GUI_SetTextAlign.o)
    0x00014008   0x00000020   Code   RO          460    .text               GUIv5_4t_tl_i_trial.lib(GUI_SetTextMode.o)
    0x00014028   0x0000006c   Code   RO          461    .text               GUIv5_4t_tl_i_trial.lib(GUI_Time.o)
    0x00014094   0x000002a8   Code   RO          462    .text               GUIv5_4t_tl_i_trial.lib(GUI_Timer.o)
    0x0001433c   0x00000070   Code   RO          464    .text               GUIv5_4t_tl_i_trial.lib(GUI__memset.o)
    0x000143ac   0x00000048   Code   RO          465    .text               GUIv5_4t_tl_i_trial.lib(LCD_SelectLCD.o)
    0x000143f4   0x00000024   Code   RO          466    .text               GUIv5_4t_tl_i_trial.lib(LCD_UpdateColorIndices.o)
    0x00014418   0x0000001e   Code   RO          467    .text               GUIv5_4t_tl_i_trial.lib(WM_GetParent.o)
    0x00014436   0x0000001c   Code   RO          468    .text               GUIv5_4t_tl_i_trial.lib(WM_IsWindow.o)
    0x00014452   0x00000002   PAD
    0x00014454   0x00000028   Code   RO          469    .text               GUIv5_4t_tl_i_trial.lib(WM_PID__GetPrevState.o)
    0x0001447c   0x000001b0   Code   RO          471    .text               GUIv5_4t_tl_i_trial.lib(WM_Screen2Win.o)
    0x0001462c   0x00000088   Code   RO          472    .text               GUIv5_4t_tl_i_trial.lib(WM_SetCapture.o)
    0x000146b4   0x0000002c   Code   RO          473    .text               GUIv5_4t_tl_i_trial.lib(WM__GetPrevSibling.o)
    0x000146e0   0x00000058   Code   RO          474    .text               GUIv5_4t_tl_i_trial.lib(WM__IsAncestor.o)
    0x00014738   0x00000018   Code   RO          475    .text               GUIv5_4t_tl_i_trial.lib(WM__IsEnabled.o)
    0x00014750   0x0000001c   Code   RO          476    .text               GUIv5_4t_tl_i_trial.lib(WM__SendMessageIfEnabled.o)
    0x0001476c   0x00000168   Code   RO          479    .text               GUIv5_4t_tl_i_trial.lib(GUI_DrawBitmap.o)
    0x000148d4   0x00000060   Code   RO          480    .text               GUIv5_4t_tl_i_trial.lib(GUI_Exec.o)
    0x00014934   0x000017b0   Code   RO          481    .text               GUIv5_4t_tl_i_trial.lib(GUI_SPRITE.o)
    0x000160e4   0x00000014   Code   RO          483    .text               GUIv5_4t_tl_i_trial.lib(WM_GetDesktopWindowEx.o)
    0x000160f8   0x00000016   Code   RO          484    .text               GUIv5_4t_tl_i_trial.lib(WM__GetFirstSibling.o)
    0x0001610e   0x0000012c   Code   RO          488    .text               GUIv5_4t_tl_i_trial.lib(GUI_GetBitmapPixelIndex.o)
    0x0001623a   0x00000002   PAD
    0x0001623c   0x00000004   Code   RO          491    .text               c_t.l(use_no_semi.o)
    0x00016240   0x0000001c   Code   RO          495    .text               c_t.l(noretval__2printf.o)
    0x0001625c   0x00000028   Code   RO          496    .text               c_t.l(noretval__2sprintf.o)
    0x00016284   0x00000008   Ven    RO          499    .text               c_t.l(_printf_dec.o)
    0x0001628c   0x00000070   Code   RO          499    .text               c_t.l(_printf_dec.o)
    0x000162fc   0x0000011e   Code   RO          505    .text               c_t.l(__printf_wp.o)
    0x0001641a   0x0000000c   Code   RO          515    .text               c_t.l(putc.o)
    0x00016426   0x00000076   Code   RO          516    .text               c_t.l(memcmp.o)
    0x0001649c   0x00000050   Code   RO          517    .text               c_t.l(strcpy.o)
    0x000164ec   0x00000004   Ven    RO          521    .text               c_t.l(rt_memcpy.o)
    0x000164f0   0x000000d4   Code   RO          521    .text               c_t.l(rt_memcpy.o)
    0x000165c4   0x00000004   Ven    RO          522    .text               c_t.l(rt_memmove.o)
    0x000165c8   0x000000d4   Code   RO          522    .text               c_t.l(rt_memmove.o)
    0x0001669c   0x00000004   Ven    RO          523    .text               c_t.l(rt_memcpy_w.o)
    0x000166a0   0x00000064   Code   RO          523    .text               c_t.l(rt_memcpy_w.o)
    0x00016704   0x00000004   Ven    RO          524    .text               c_t.l(aeabi_memset.o)
    0x00016708   0x00000010   Code   RO          524    .text               c_t.l(aeabi_memset.o)
    0x00016718   0x00000004   Ven    RO          525    .text               c_t.l(rt_memclr.o)
    0x0001671c   0x00000040   Code   RO          525    .text               c_t.l(rt_memclr.o)
    0x0001675c   0x00000004   Ven    RO          526    .text               c_t.l(rt_memclr_w.o)
    0x00016760   0x00000054   Code   RO          526    .text               c_t.l(rt_memclr_w.o)
    0x000167b4   0x00000004   Ven    RO          528    .text               c_t.l(strcmpfast.o)
    0x000167b8   0x000000bc   Code   RO          528    .text               c_t.l(strcmpfast.o)
    0x00016874   0x00000004   Ven    RO          529    .text               c_t.l(aeabi_sdivfast.o)
    0x00016878   0x0000022c   Code   RO          529    .text               c_t.l(aeabi_sdivfast.o)
    0x00016aa4   0x00000006   Code   RO          537    .text               c_t.l(heapauxi.o)
    0x00016aaa   0x00000002   PAD
    0x00016aac   0x00000010   Code   RO          539    .text               h_t.l(callvia.o)
    0x00016abc   0x000000ba   Code   RO          548    .text               c_t.l(_printf_intcommon.o)
    0x00016b76   0x00000002   PAD
    0x00016b78   0x00000030   Code   RO          549    .text               c_t.l(_printf_char_common.o)
    0x00016ba8   0x0000000a   Code   RO          550    .text               c_t.l(_sputc.o)
    0x00016bb2   0x00000002   PAD
    0x00016bb4   0x0000002c   Code   RO          552    .text               c_t.l(_printf_char_file.o)
    0x00016be0   0x00000080   Code   RO          554    .text               c_t.l(rt_memmove_w.o)
    0x00016c60   0x00000004   Ven    RO          555    .text               c_t.l(rtudiv10.o)
    0x00016c64   0x0000002c   Code   RO          555    .text               c_t.l(rtudiv10.o)
    0x00016c90   0x0000000c   Code   RO          578    .text               c_t.l(libspace.o)
    0x00016c9c   0x00000060   Code   RO          580    .text               c_t.l(sys_stackheap_outer.o)
    0x00016cfc   0x0000000c   Code   RO          581    .text               c_t.l(exit.o)
    0x00016d08   0x00000004   Ven    RO          530    .text_udiv          c_t.l(aeabi_sdivfast.o)
    0x00016d0c   0x00000030   Code   RO          530    .text_udiv          c_t.l(aeabi_sdivfast.o)
    0x00016d3c   0x00000170   Code   RO          148    C$$code             osT4LR_trial.lib(RTOS.o)
    0x00016eac   0x00000050   Code   RO           22  * Init                startup_lpc2xxx.o
    0x00016efc   0x00000008   Ven    RO          706    Veneer$$Code        anon$$obj.o
    0x00016f04   0x00000008   Ven    RO          707    Veneer$$Code        anon$$obj.o
    0x00016f0c   0x00000008   Ven    RO          708    Veneer$$Code        anon$$obj.o
    0x00016f14   0x0000000c   Ven    RO          709    Veneer$$Code        anon$$obj.o
    0x00016f20   0x0000000c   Ven    RO          710    Veneer$$Code        anon$$obj.o
    0x00016f2c   0x0000000c   Ven    RO          711    Veneer$$Code        anon$$obj.o
    0x00016f38   0x0000000c   Ven    RO          712    Veneer$$Code        anon$$obj.o
    0x00016f44   0x0000000c   Ven    RO          713    Veneer$$Code        anon$$obj.o
    0x00016f50   0x00000002   Code   RO          206    i.__ARM_common_call_via_r1  USBH_4t_tl_ir_trial.lib(USBH_Core.o)
    0x00016f52   0x00000002   Code   RO          203    i.__ARM_common_call_via_r2  USBH_4t_tl_ir_trial.lib(USBH_Core.o)
    0x00016f54   0x00000002   Code   RO          204    i.__ARM_common_call_via_r3  USBH_4t_tl_ir_trial.lib(USBH_Core.o)
    0x00016f56   0x00000002   Code   RO          346    i.__ARM_common_call_via_r4  USBH_4t_tl_ir_trial.lib(USBH_OHC_EP_Int.o)
    0x00016f58   0x00000002   Code   RO          343    i.__ARM_common_call_via_r5  USBH_4t_tl_ir_trial.lib(USBH_OHC_EP_BulkInt.o)
    0x00016f5a   0x00000002   Code   RO          205    i.__ARM_common_call_via_r6  USBH_4t_tl_ir_trial.lib(USBH_Core.o)
    0x00016f5c   0x00000002   Code   RO          339    i.__ARM_common_call_via_r7  USBH_4t_tl_ir_trial.lib(USBH_HC.o)
    0x00016f5e   0x00000002   PAD
    0x00016f60   0x00000004   Ven    RO          223    i.__ARM_common_disable_irq  USBH_4t_tl_ir_trial.lib(USBH_OS_embOS.o)
    0x00016f64   0x00000014   Code   RO          223    i.__ARM_common_disable_irq  USBH_4t_tl_ir_trial.lib(USBH_OS_embOS.o)
    0x00016f78   0x00000004   Ven    RO          222    i.__ARM_common_enable_irq  USBH_4t_tl_ir_trial.lib(USBH_OS_embOS.o)
    0x00016f7c   0x00000010   Code   RO          222    i.__ARM_common_enable_irq  USBH_4t_tl_ir_trial.lib(USBH_OS_embOS.o)
    0x00016f8c   0x00000004   Ven    RO          210    i.__ARM_common_memcpy1_8  USBH_4t_tl_ir_trial.lib(USBH_HID.o)
    0x00016f90   0x00000044   Code   RO          210    i.__ARM_common_memcpy1_8  USBH_4t_tl_ir_trial.lib(USBH_HID.o)
    0x00016fd4   0x00000004   Ven    RO          218    i.__ARM_common_udiv_10  USBH_4t_tl_ir_trial.lib(USBH_OHC_Device.o)
    0x00016fd8   0x0000001c   Code   RO          218    i.__ARM_common_udiv_10  USBH_4t_tl_ir_trial.lib(USBH_OHC_Device.o)
    0x00016ff4   0x00000004   Ven    RO          541    i.__ARM_disable_irq  h_t.l(irq.o)
    0x00016ff8   0x00000014   Code   RO          541    i.__ARM_disable_irq  h_t.l(irq.o)
    0x0001700c   0x00000004   Ven    RO          543    i.__ARM_enable_irq  h_t.l(irq.o)
    0x00017010   0x00000010   Code   RO          543    i.__ARM_enable_irq  h_t.l(irq.o)
    0x00017020   0x00000024   Code   RO          111    i.__rt_sdiv_100     GUIv5_4t_tl_i_trial.lib(GUI_Alloc.o)
    0x00017044   0x00000020   Code   RO          110    i.__rt_udiv_100     GUIv5_4t_tl_i_trial.lib(GUI_Alloc.o)
    0x00017064   0x00000020   Code   RO          112    i.__rt_udiv_255     GUIv5_4t_tl_i_trial.lib(GUI_Alloc.o)
    0x00017084   0x00000024   Code   RO          250    i.__rt_udiv_31      GUIv5_4t_tl_i_trial.lib(GUICC_565_Index2Color.o)
    0x000170a8   0x00000024   Code   RO          249    i.__rt_udiv_63      GUIv5_4t_tl_i_trial.lib(GUICC_565_Index2Color.o)
    0x000170cc   0x0000000e   Code   RO          506    i._is_digit         c_t.l(__printf_wp.o)
    0x000170da   0x00000002   PAD
    0x000170dc   0x000006d8   Data   RO            6    .constdata          os_usbh_hid.o
    0x000177b4   0x0000000c   Data   RO           99    .constdata          GUIv5_4t_tl_i_trial.lib(GUICC_565.o)
    0x000177c0   0x00000034   Data   RO          101    .constdata          GUIv5_4t_tl_i_trial.lib(GUIDRV_Lin_OSX_16.o)
    0x000177f4   0x00000029   Data   RO          185    .constdata          osT4LR_trial.lib(OSINFO.o)
    0x0001781d   0x00000003   PAD
    0x00017820   0x0000004c   Data   RO          200    .constdata          USBH_4t_tl_ir_trial.lib(USBH_Core.o)
    0x0001786c   0x00000010   Data   RO          212    .constdata          USBH_4t_tl_ir_trial.lib(USBH_Log.o)
    0x0001787c   0x00000074   Data   RO          258    .constdata          GUIv5_4t_tl_i_trial.lib(GUIDEV_16.o)
    0x000178f0   0x00000078   Data   RO          261    .constdata          GUIv5_4t_tl_i_trial.lib(GUI_Core.o)
    0x00017968   0x00000010   Data   RO          349    .constdata          USBH_4t_tl_ir_trial.lib(USBH_OHC_HCCA.o)
    0x00017978   0x00000518   Data   RO          356    .constdata          GUIv5_4t_tl_i_trial.lib(F6x8.o)
    0x00017e90   0x000001c0   Data   RO          357    .constdata          GUIv5_4t_tl_i_trial.lib(F6x8.o)
    0x00018050   0x00000008   Data   RO          358    .constdata          GUIv5_4t_tl_i_trial.lib(F6x8.o)
    0x00018058   0x00000014   Data   RO          359    .constdata          GUIv5_4t_tl_i_trial.lib(F6x8.o)
    0x0001806c   0x00000024   Data   RO          360    .constdata          GUIv5_4t_tl_i_trial.lib(F6x8.o)
    0x00018090   0x0000000c   Data   RO          363    .constdata          GUIv5_4t_tl_i_trial.lib(GUICC_0.o)
    0x0001809c   0x00000008   Data   RO          366    .constdata          GUIv5_4t_tl_i_trial.lib(GUIDEV_WriteToActiveOpaque.o)
    0x000180a4   0x00000010   Data   RO          378    .constdata          GUIv5_4t_tl_i_trial.lib(GUI_UC_EncodeNone.o)
    0x000180b4   0x0000000c   Data   RO          382    .constdata          GUIv5_4t_tl_i_trial.lib(LCD.o)
    0x000180c0   0x00000100   Data   RO          384    .constdata          GUIv5_4t_tl_i_trial.lib(LCD_Mirror.o)
    0x000181c0   0x00000018   Data   RO          451    .constdata          GUIv5_4t_tl_i_trial.lib(GUIDEV_UsageBM.o)
    0x000181d8   0x00000014   Data   RO          477    .constdata          GUIv5_4t_tl_i_trial.lib(GUI_CursorArrowM.o)
    0x000181ec   0x0000000c   Data   RO          478    .constdata          GUIv5_4t_tl_i_trial.lib(GUI_CursorArrowM.o)
    0x000181f8   0x00000034   Data   RO          482    .constdata          GUIv5_4t_tl_i_trial.lib(GUI_SPRITE.o)
    0x0001822c   0x0000003c   Data   RO          485    .constdata          GUIv5_4t_tl_i_trial.lib(GUI_CursorArrowMPx.o)
    0x00018268   0x0000000c   Data   RO          486    .constdata          GUIv5_4t_tl_i_trial.lib(GUI_CursorPal.o)
    0x00018274   0x0000000c   Data   RO          487    .constdata          GUIv5_4t_tl_i_trial.lib(GUI_CursorPal.o)
    0x00018280   0x000013b3   Data   RO            7    .conststring        os_usbh_hid.o
    0x00019633   0x00000001   PAD
    0x00019634   0x00000020   Data   RO          680    Region$$Table       anon$$obj.o


    Execution Region CSTACK (Base: 0x40000000, Size: 0x00000400, Max: 0x00000400, ABSOLUTE, UNINIT)

    Base Addr    Size         Type   Attr      Idx    E Section Name        Object

    0x40000000   0x00000400   Zero   RW            1    CSTACK.bss          anon$$obj.o


    Execution Region IRQ_STACK (Base: 0x40000400, Size: 0x00000100, Max: 0x00000100, ABSOLUTE, UNINIT)

    Base Addr    Size         Type   Attr      Idx    E Section Name        Object

    0x40000400   0x00000100   Zero   RW            2    IRQ_STACK.bss       anon$$obj.o


    Execution Region SDRAM (Base: 0xa0000000, Size: 0x00855b6c, Max: 0x01000000, ABSOLUTE, COMPRESSED[0x00000080])

    Base Addr    Size         Type   Attr      Idx    E Section Name        Object

    0xa0000000   0x00000004   Data   RW           11    .data               bsp.o
    0xa0000004   0x00000004   Data   RW           21    .data               retarget.o
    0xa0000008   0x00000004   Data   RW           41    .data               gui_x_embos.o
    0xa000000c   0x0000004c   Data   RW          108    .data               GUIv5_4t_tl_i_trial.lib(GUI_Alloc.o)
    0xa0000058   0x0000000c   Data   RW          115    .data               GUIv5_4t_tl_i_trial.lib(GUI_OnKey.o)
    0xa0000064   0x00000030   Data   RW          118    .data               GUIv5_4t_tl_i_trial.lib(GUI_TOUCH_DriverAnalog.o)
    0xa0000094   0x00000001   Data   RW          150    .data               osT4LR_trial.lib(OS_CreateTask.o)
    0xa0000095   0x00000003   PAD
    0xa0000098   0x00000004   Data   RW          159    .data               osT4LR_trial.lib(OS_SetRxCallback.o)
    0xa000009c   0x00000004   Data   RW          164    .data               osT4LR_trial.lib(OSGLOBAL.o)
    0xa00000a0   0x00000004   Data   RW          166    .data               osT4LR_trial.lib(OSGLOBAL.o)
    0xa00000a4   0x00000004   Data   RW          167    .data               osT4LR_trial.lib(OSGLOBAL.o)
    0xa00000a8   0x00000001   Data   RW          168    .data               osT4LR_trial.lib(OSGLOBAL.o)
    0xa00000a9   0x00000001   Data   RW          169    .data               osT4LR_trial.lib(OSGLOBAL.o)
    0xa00000aa   0x00000001   Data   RW          170    .data               osT4LR_trial.lib(OSGLOBAL.o)
    0xa00000ab   0x00000001   Data   RW          171    .data               osT4LR_trial.lib(OSGLOBAL.o)
    0xa00000ac   0x00000004   Data   RW          175    .data               osT4LR_trial.lib(OSGLOBAL.o)
    0xa00000b0   0x00000004   Data   RW          176    .data               osT4LR_trial.lib(OSGLOBAL.o)
    0xa00000b4   0x00000004   Data   RW          177    .data               osT4LR_trial.lib(OSGLOBAL.o)
    0xa00000b8   0x00000004   Data   RW          178    .data               osT4LR_trial.lib(OSGLOBAL.o)
    0xa00000bc   0x00000004   Data   RW          179    .data               osT4LR_trial.lib(OSGLOBAL.o)
    0xa00000c0   0x00000004   Data   RW          180    .data               osT4LR_trial.lib(OSGLOBAL.o)
    0xa00000c4   0x00000004   Data   RW          182    .data               osT4LR_trial.lib(OSGLOBAL.o)
    0xa00000c8   0x0000000c   Data   RW          201    .data               USBH_4t_tl_ir_trial.lib(USBH_Core.o)
    0xa00000d4   0x00000010   Data   RW          209    .data               USBH_4t_tl_ir_trial.lib(USBH_HID.o)
    0xa00000e4   0x00000008   Data   RW          213    .data               USBH_4t_tl_ir_trial.lib(USBH_Log.o)
    0xa00000ec   0x00000054   Data   RW          217    .data               USBH_4t_tl_ir_trial.lib(USBH_OHC_Device.o)
    0xa0000140   0x00000010   Data   RW          221    .data               USBH_4t_tl_ir_trial.lib(USBH_OS_embOS.o)
    0xa0000150   0x00000008   Data   RW          260    .data               GUIv5_4t_tl_i_trial.lib(GUI_Core.o)
    0xa0000158   0x00000004   Data   RW          263    .data               GUIv5_4t_tl_i_trial.lib(GUI_Core.o)
    0xa000015c   0x00000004   Data   RW          264    .data               GUIv5_4t_tl_i_trial.lib(GUI_Core.o)
    0xa0000160   0x00000004   Data   RW          265    .data               GUIv5_4t_tl_i_trial.lib(GUI_Core.o)
    0xa0000164   0x00000004   Data   RW          266    .data               GUIv5_4t_tl_i_trial.lib(GUI_Core.o)
    0xa0000168   0x00000002   Data   RW          267    .data               GUIv5_4t_tl_i_trial.lib(GUI_Core.o)
    0xa000016a   0x00000002   Data   RW          268    .data               GUIv5_4t_tl_i_trial.lib(GUI_Core.o)
    0xa000016c   0x0000000c   Data   RW          272    .data               GUIv5_4t_tl_i_trial.lib(GUI_Task.o)
    0xa0000178   0x00000008   Data   RW          275    .data               GUIv5_4t_tl_i_trial.lib(GUI_TOUCH_StoreUnstable.o)
    0xa0000180   0x00000004   Data   RW          279    .data               GUIv5_4t_tl_i_trial.lib(LCD_Color.o)
    0xa0000184   0x00000004   Data   RW          280    .data               GUIv5_4t_tl_i_trial.lib(LCD_Color.o)
    0xa0000188   0x00000001   Data   RW          325    .data               osT4LR_trial.lib(OSCOM1.o)
    0xa0000189   0x00000001   Data   RW          326    .data               osT4LR_trial.lib(OSCOM1.o)
    0xa000018a   0x00000002   PAD
    0xa000018c   0x00000004   Data   RW          328    .data               osT4LR_trial.lib(OSCOM1.o)
    0xa0000190   0x00000004   Data   RW          331    .data               osT4LR_trial.lib(OSTERM.o)
    0xa0000194   0x00000008   Data   RW          370    .data               GUIv5_4t_tl_i_trial.lib(GUI_PID.o)
    0xa000019c   0x00000004   Data   RW          381    .data               GUIv5_4t_tl_i_trial.lib(LCD.o)
    0xa00001a0   0x00000038   Data   RW          386    .data               GUIv5_4t_tl_i_trial.lib(WM.o)
    0xa00001d8   0x00000001   Data   RW          388    .data               GUIv5_4t_tl_i_trial.lib(WM.o)
    0xa00001d9   0x00000003   PAD
    0xa00001dc   0x00000004   Data   RW          391    .data               GUIv5_4t_tl_i_trial.lib(WM__SendMessage.o)
    0xa00001e0   0x00000004   Data   RW          415    .data               GUIv5_4t_tl_i_trial.lib(GUIDEV.o)
    0xa00001e4   0x00000008   Data   RW          463    .data               GUIv5_4t_tl_i_trial.lib(GUI_Timer.o)
    0xa00001ec   0x00000928   Zero   RW            5    .bss                os_usbh_hid.o
    0xa0000b14   0x0004b034   Zero   RW           10    .bss                bsp.o
    0xa004bb48   0x00008000   Zero   RW           25    .bss                usbh_config_lpc24xx.o
    0xa0053b48   0x00800000   Zero   RW           31    .bss                guiconf.o
    0xa0853b48   0x00000010   Zero   RW           40    .bss                gui_x_embos.o
    0xa0853b58   0x00001024   Zero   RW           67    .bss                main.o
    0xa0854b7c   0x00000080   Zero   RW          109    .bss                GUIv5_4t_tl_i_trial.lib(GUI_Alloc.o)
    0xa0854bfc   0x00000058   Zero   RW          116    .bss                GUIv5_4t_tl_i_trial.lib(GUI_OnKey.o)
    0xa0854c54   0x00000010   Zero   RW          119    .bss                GUIv5_4t_tl_i_trial.lib(GUI_TOUCH_DriverAnalog.o)
    0xa0854c64   0x00000028   Zero   RW          208    .bss                USBH_4t_tl_ir_trial.lib(USBH_HID.o)
    0xa0854c8c   0x000000a0   Zero   RW          215    .bss                USBH_4t_tl_ir_trial.lib(USBH_MEM.o)
    0xa0854d2c   0x0000005c   Zero   RW          220    .bss                USBH_4t_tl_ir_trial.lib(USBH_OS_embOS.o)
    0xa0854d88   0x000000a0   Zero   RW          262    .bss                GUIv5_4t_tl_i_trial.lib(GUI_Core.o)
    0xa0854e28   0x00000290   Zero   RW          273    .bss                GUIv5_4t_tl_i_trial.lib(GUI_Task.o)
    0xa08550b8   0x00000400   Zero   RW          278    .bss                GUIv5_4t_tl_i_trial.lib(LCD_Color.o)
    0xa08554b8   0x0000005c   Zero   RW          337    .bss                USBH_4t_tl_ir_trial.lib(USBH_Global.o)
    0xa0855514   0x00000048   Zero   RW          371    .bss                GUIv5_4t_tl_i_trial.lib(GUI_PID.o)
    0xa085555c   0x00000040   Zero   RW          373    .bss                GUIv5_4t_tl_i_trial.lib(GUI_SelectLayer.o)
    0xa085559c   0x0000000c   Zero   RW          376    .bss                GUIv5_4t_tl_i_trial.lib(GUI_TOUCH_StoreState.o)
    0xa08555a8   0x00000118   Zero   RW          387    .bss                GUIv5_4t_tl_i_trial.lib(WM.o)
    0xa08556c0   0x0000000c   Zero   RW          430    .bss                GUIv5_4t_tl_i_trial.lib(GUI_TOUCH.o)
    0xa08556cc   0x00000240   Zero   RW          442    .bss                GUIv5_4t_tl_i_trial.lib(WM_Touch.o)
    0xa085590c   0x00000140   Zero   RW          453    .bss                GUIv5_4t_tl_i_trial.lib(GUI_Curs1.o)
    0xa0855a4c   0x000000c0   Zero   RW          470    .bss                GUIv5_4t_tl_i_trial.lib(WM_PID__GetPrevState.o)
    0xa0855b0c   0x00000060   Zero   RW          579    .bss                c_t.l(libspace.o)


    Execution Region HEAP (Base: 0xa0855b6c, Size: 0x00000100, Max: 0x00000100, ABSOLUTE, UNINIT)

    Base Addr    Size         Type   Attr      Idx    E Section Name        Object

    0xa0855b6c   0x00000100   Zero   RW            3    HEAP.bss            anon$$obj.o


==============================================================================

Image component sizes


      Code (inc. data)   RO Data    RW Data    ZI Data      Debug   Object Name

      1684        182          0          4     307252          0   bsp.o
       148         22          0          4         16          0   gui_x_embos.o
       300         18          0          0          0          0   gui_x_touch.o
        28          4          0          0    8388608          0   guiconf.o
       540         22          0          0          0          0   i2cpca9532.o
        96         30          0          0       4132          0   main.o
        44          8          0          0          0          0   os_error.o
       456        194       6795          0       2344          0   os_usbh_hid.o
        60         18          0          4          0          0   retarget.o
       840         90          0          0          0          0   rtosinit.o
        80         16          0          0          0          0   startup_lpc2xxx.o
       100         24          0          0      32768          0   usbh_config_lpc24xx.o
       324         42          0          0          0          0   usbh_configio.o
        56         24          0          0          0          0   vectors.o

    ----------------------------------------------------------------------
      4848        714       6828         12    8736656          0   Object Totals
        92         20         32          0       1536          0   (incl. Generated)
         0          0          1          0          0          0   (incl. Padding)

    ----------------------------------------------------------------------

      Code (inc. data)   RO Data    RW Data    ZI Data      Debug   Library Member Name

         0          0       1816          0          0          0   F6x8.o
       332         10         12          0          0          0   GUICC_0.o
        32          6         12          0          0          0   GUICC_565.o
       128         12          0          0          0          0   GUICC_565_Index2Color.o
       940         18          0          4          0          0   GUIDEV.o
      2632         54        116          0          0          0   GUIDEV_16.o
       288          6          0          0          0          0   GUIDEV_Banding.o
        56          4          0          0          0          0   GUIDEV_Clear.o
        48          4          0          0          0          0   GUIDEV_GetYSize.o
        56          6          0          0          0          0   GUIDEV_ReduceYSize.o
        96          4          0          0          0          0   GUIDEV_SetOrg.o
       116          6          0          0          0          0   GUIDEV_Usage.o
       448          6         24          0          0          0   GUIDEV_UsageBM.o
       712          8          8          0          0          0   GUIDEV_WriteToActiveOpaque.o
      4532        124         52          0          0          0   GUIDRV_Lin_OSX_16.o
        44          0          0          0          0          0   GUI_ALLOC_AllocZero.o
      2460         56          0         76        128          0   GUI_Alloc.o
        88          0          0          0          0          0   GUI_CalcColorDist.o
       252         10          0          0          0          0   GUI_Char.o
       560         14          0          0          0          0   GUI_CharLine.o
       392          8          0          0          0          0   GUI_CharM.o
       532         46        120         28        160          0   GUI_Core.o
       672         12          0          0        320          0   GUI_Curs1.o
         0          0         32          0          0          0   GUI_CursorArrowM.o
         0          0         60          0          0          0   GUI_CursorArrowMPx.o
         0          0         24          0          0          0   GUI_CursorPal.o
       584          4          0          0          0          0   GUI_Device.o
       264         10          0          0          0          0   GUI_DispString.o
       360          8          0          0          0          0   GUI_DrawBitmap.o
        96          6          0          0          0          0   GUI_Exec.o
       300          0          0          0          0          0   GUI_GetBitmapPixelIndex.o
        64         10          0          0          0          0   GUI_GetOrg.o
        88          6          0          0          0          0   GUI_Goto.o
       108          0          0          0          0          0   GUI_MergeRect.o
        30          0          0          0          0          0   GUI_MoveRect.o
       204         14          0         12         88          0   GUI_OnKey.o
       220         20          0          8         72          0   GUI_PID.o
       100          4          0          0          0          0   GUI_Pen.o
        56          0          0          0          0          0   GUI_RectsIntersect.o
      6064         30         52          0          0          0   GUI_SPRITE.o
        40          6          0          0          0          0   GUI_SaveContext.o
        28          0          0          0          0          0   GUI_SelectLCD.o
       284         12          0          0         64          0   GUI_SelectLayer.o
        48          0          0          0          0          0   GUI_SetColor.o
       128          8          0          0          0          0   GUI_SetDefault.o
        28          0          0          0          0          0   GUI_SetDrawMode.o
        36          6          0          0          0          0   GUI_SetFont.o
        32          6          0          0          0          0   GUI_SetLineStyle.o
        64         14          0          0          0          0   GUI_SetOrg.o
        32          4          0          0          0          0   GUI_SetTextAlign.o
        32          4          0          0          0          0   GUI_SetTextMode.o
        64          6          0          0         12          0   GUI_TOUCH.o
       604         12          0         48         16          0   GUI_TOUCH_DriverAnalog.o
        48          6          0          0         12          0   GUI_TOUCH_StoreState.o
        56          6          0          8          0          0   GUI_TOUCH_StoreUnstable.o
       320         36          0         12        656          0   GUI_Task.o
       108          6          0          0          0          0   GUI_Time.o
       680         14          0          8          0          0   GUI_Timer.o
       240          4          0          0          0          0   GUI_UC.o
        48          8         16          0          0          0   GUI_UC_EncodeNone.o
        66          0          0          0          0          0   GUI__IntersectRect.o
        86          0          0          0          0          0   GUI__IntersectRects.o
       112          6          0          0          0          0   GUI__memset.o
       110          0          0          0          0          0   GUI__memset16.o
      1544         40         12          4          0          0   LCD.o
       260         12          0          8       1024          0   LCD_Color.o
      1480          4          0          0          0          0   LCD_GetEx.o
        44          0          0          0          0          0   LCD_GetNumDisplays.o
         0          0        256          0          0          0   LCD_Mirror.o
        72         12          0          0          0          0   LCD_SelectLCD.o
      1152          4          0          0          0          0   LCD_Set.o
        52          8          0          0          0          0   LCD_SetClipRectEx.o
        36          6          0          0          0          0   LCD_UpdateColorIndices.o
      5636        154          0         57        280          0   WM.o
        88          0          0          0          0          0   WM_BringToBottom.o
        64          6          0          0          0          0   WM_CriticalHandle.o
        20          8          0          0          0          0   WM_GetDesktopWindow.o
        20          4          0          0          0          0   WM_GetDesktopWindowEx.o
        30          0          0          0          0          0   WM_GetFirstChild.o
        30          0          0          0          0          0   WM_GetParent.o
        28          0          0          0          0          0   WM_IsWindow.o
        22          0          0          0          0          0   WM_NotifyParent.o
        72         10          0          0          0          0   WM_OnKey.o
        40          4          0          0        192          0   WM_PID__GetPrevState.o
       432          4          0          0          0          0   WM_Screen2Win.o
        44          0          0          0          0          0   WM_SendToParent.o
       136         14          0          0          0          0   WM_SetCapture.o
       348          6          0          0          0          0   WM_Timer.o
      1140         46          0          0        576          0   WM_Touch.o
        22          0          0          0          0          0   WM__GetFirstSibling.o
        44          0          0          0          0          0   WM__GetPrevSibling.o
        88          0          0          0          0          0   WM__IsAncestor.o
        24          0          0          0          0          0   WM__IsEnabled.o
        68          4          0          4          0          0   WM__SendMessage.o
        28          0          0          0          0          0   WM__SendMessageIfEnabled.o
      1692         52         76         12          0          0   USBH_Core.o
      4296         48          0          0          0          0   USBH_Device.o
       868         38          0          0          0          0   USBH_Driver.o
       416          4          0          0          0          0   USBH_EndPoint.o
       796         16          0          0          0          0   USBH_Enum.o
         0          0          0          0         92          0   USBH_Global.o
       894         18          0          0          0          0   USBH_HC.o
      5504        106          0         16         40          0   USBH_HID.o
      4758         62          0          0          0          0   USBH_Hub.o
      1850         36          0          0          0          0   USBH_Interface.o
       672          8         16          8          0          0   USBH_Log.o
       712          8          0          0        160          0   USBH_MEM.o
      3182         80          0         84          0          0   USBH_OHC_Device.o
       596          0          0          0          0          0   USBH_OHC_EP.o
      2802         12          0          0          0          0   USBH_OHC_EP_BulkInt.o
      2900         26          0          0          0          0   USBH_OHC_EP_Control.o
      1418          4          0          0          0          0   USBH_OHC_EP_Int.o
      2832         12          0          0          0          0   USBH_OHC_EP_Iso.o
       132          6         16          0          0          0   USBH_OHC_HCCA.o
      1126         12          0          0          0          0   USBH_OHC_RootHub.o
       232          0          0          0          0          0   USBH_OHC_Transfer.o
       454          0          0          0          0          0   USBH_OHC_td.o
       496         48          0         16         92          0   USBH_OS_embOS.o
       436         14          0          0          0          0   USBH_PnPNotification.o
      2012         32          0          0          0          0   USBH_RootHub.o
      1076         16          0          0          0          0   USBH_URB.o
        92          0          0          0          0          0   __dczerorl2.o
         8          0          0          0          0          0   __main.o
       300          0          0          0          0          0   __printf_wp.o
        60          8          0          0          0          0   __scatter.o
        44          0          0          0          0          0   __scatter_zi.o
        48          4          0          0          0          0   _printf_char_common.o
        44          6          0          0          0          0   _printf_char_file.o
         8          0          0          0          0          0   _printf_d.o
       120         18          0          0          0          0   _printf_dec.o
       186          0          0          0          0          0   _printf_intcommon.o
         4          0          0          0          0          0   _printf_percent.o
         8          0          0          0          0          0   _printf_percent_end.o
        10          0          0          0          0          0   _sputc.o
        20          0          0          0          0          0   aeabi_memset.o
       612          0          0          0          0          0   aeabi_sdivfast.o
        12          0          0          0          0          0   exit.o
         6          0          0          0          0          0   heapauxi.o
        10          0          0          0          0          0   libinit.o
        12          0          0          0          0          0   libinit2.o
        12          0          0          0          0          0   libshutdown.o
         6          0          0          0          0          0   libshutdown2.o
        12          4          0          0         96          0   libspace.o
       118          0          0          0          0          0   memcmp.o
        28          6          0          0          0          0   noretval__2printf.o
        40          4          0          0          0          0   noretval__2sprintf.o
        12          0          0          0          0          0   putc.o
        68          0          0          0          0          0   rt_memclr.o
        88          0          0          0          0          0   rt_memclr_w.o
       216          0          0          0          0          0   rt_memcpy.o
       104          0          0          0          0          0   rt_memcpy_w.o
       216          0          0          0          0          0   rt_memmove.o
       128          0          0          0          0          0   rt_memmove_w.o
         0          0          0          0          0          0   rtentry.o
        44          4          0          0          0          0   rtentry2.o
         8          0          0          0          0          0   rtentry4.o
         8          0          0          0          0          0   rtexit.o
        12          0          0          0          0          0   rtexit2.o
        48          0          0          0          0          0   rtudiv10.o
       192          4          0          0          0          0   strcmpfast.o
        80          6          0          0          0          0   strcpy.o
        96          0          0          0          0          0   sys_stackheap_outer.o
         4          0          0          0          0          0   use_no_semi.o
        16          0          0          0          0          0   callvia.o
        44          0          0          0          0          0   irq.o
         0          0          0          6          0          0   OSCOM1.o
        28         12          0          0          0          0   OSCOM2.o
        68          6          0          0          0          0   OSEVENS.o
        88          8          0          0          0          0   OSEVENW.o
         0          0          0         44          0          0   OSGLOBAL.o
        64          4          0          0          0          0   OSGM.o
        96         38         41          0          0          0   OSINFO.o
      1396         64          0          0          0          0   OSKERN.o
        30          0          0          0          0          0   OSMAIL.o
       172          6          0          0          0          0   OSMX.o
        68          4          0          0          0          0   OSPM.o
       240         22          0          0          0          0   OSRSEM.o
        92         16          0          0          0          0   OSSETP.o
         0          0          0          4          0          0   OSTERM.o
       400         16          0          0          0          0   OSTIME.o
       144         22          0          1          0          0   OS_CreateTask.o
        60          4          0          0          0          0   OS_DeactivateP.o
        68          4          0          0          0          0   OS_DeactivateTP.o
         8          0          0          0          0          0   OS_EVENT_Create.o
        36          6          0          0          0          0   OS_EVENT_Reset.o
        76          6          0          0          0          0   OS_EVENT_Set.o
        56          6          0          0          0          0   OS_EVENT_Wait.o
        96         10          0          0          0          0   OS_EVENT_WaitTimed.o
        48         10          0          0          0          0   OS_GetNumTasks.o
       120         24          0          0          0          0   OS_HandleTick.o
        16          6          0          4          0          0   OS_SetRxCallback.o
        44          4          0          0          0          0   OS_Wait.o
       368         32          0          0          0          0   RTOS.o

    ----------------------------------------------------------------------
     89580       2088       2764        480       4080          0   Library Totals
        30          0          3          8          0          0   (incl. Padding)

    ----------------------------------------------------------------------

      Code (inc. data)   RO Data    RW Data    ZI Data      Debug   Library Name

     40312       1036       2612        277       3600          0   GUIv5_4t_tl_i_trial.lib
     42152        658        108        136        384          0   USBH_4t_tl_ir_trial.lib
      3144         64          0          0         96          0   c_t.l
        60          0          0          0          0          0   h_t.l
      3882        330         41         59          0          0   osT4LR_trial.lib

    ----------------------------------------------------------------------
     89580       2088       2764        480       4080          0   Library Totals

    ----------------------------------------------------------------------

==============================================================================


      Code (inc. data)   RO Data    RW Data    ZI Data      Debug   

     94428       2802       9592        492    8740736          0   Grand Totals
     94428       2802       9592        128    8740736          0   ELF Image Totals (compressed)
     94428       2802       9592        128          0          0   ROM Totals

==============================================================================

    Total RO  Size (Code + RO Data)               104020 ( 101.58kB)
    Total RW  Size (RW Data + ZI Data)           8741228 (8536.36kB)
    Total ROM Size (Code + RO Data + RW Data)     104148 ( 101.71kB)

==============================================================================

