<!doctype html public "-//w3c//dtd html 4.0 transitional//en">
<html><head>
<title>Static Call Graph - [.\Output\LPC2478_EA\Release_FLASH_J-Link\OBJ\Start_LPC2478_EA.axf]</title></head>
<body><HR>
<H1>Static Call Graph for image .\Output\LPC2478_EA\Release_FLASH_J-Link\OBJ\Start_LPC2478_EA.axf</H1><HR>
<BR><P>#&#060CALLGRAPH&#062# ARM Linker, 5.03 [Build 76]: Last Updated: Wed Feb 12 11:41:44 2014
<BR><P>
<H3>Maximum Stack Usage =          0 bytes + Unknown(Cycles, Untraceable Function Pointers)</H3><H3>
Call chain for Maximum Stack Depth:</H3>

<P>
<H3>
Mutually Recursive functions
</H3> <LI><a href="#[fb]">OS_Idle</a>&nbsp;&nbsp;&nbsp;&rArr;&nbsp;&nbsp;&nbsp;<a href="#[fb]">OS_Idle</a><BR>
 <LI><a href="#[17d]">OS_LeaveRegion</a>&nbsp;&nbsp;&nbsp;&rArr;&nbsp;&nbsp;&nbsp;<a href="#[187]">OS_Switch</a><BR>
 <LI><a href="#[18a]">OS_ChangeTask</a>&nbsp;&nbsp;&nbsp;&rArr;&nbsp;&nbsp;&nbsp;<a href="#[186]">OS_MakeTaskReady</a><BR>
 <LI><a href="#[2c9]">_ISO_CompleteUrb</a>&nbsp;&nbsp;&nbsp;&rArr;&nbsp;&nbsp;&nbsp;<a href="#[2c7]">USBH_OHCI_ISO_SubmitUrbsFromList</a><BR>
 <LI><a href="#[2af]">_BULK_INT_OnCompleteUrb</a>&nbsp;&nbsp;&nbsp;&rArr;&nbsp;&nbsp;&nbsp;<a href="#[203]">USBH_OHCI_BULK_INT_SubmitUrbsFromList</a><BR>
 <LI><a href="#[57]">_ProcessPortResetSetAddress</a>&nbsp;&nbsp;&nbsp;&rArr;&nbsp;&nbsp;&nbsp;<a href="#[267]">USBH_HC_ServicePorts</a><BR>
 <LI><a href="#[275]">USBH_StartEnumeration</a>&nbsp;&nbsp;&nbsp;&rArr;&nbsp;&nbsp;&nbsp;<a href="#[4f]">USBH_BD_ProcessEnum</a><BR>
 <LI><a href="#[33f]">_HubPortResetSetIdleServicePorts</a>&nbsp;&nbsp;&nbsp;&rArr;&nbsp;&nbsp;&nbsp;<a href="#[267]">USBH_HC_ServicePorts</a><BR>
 <LI><a href="#[308]">WM__InvalidateRect</a>&nbsp;&nbsp;&nbsp;&rArr;&nbsp;&nbsp;&nbsp;<a href="#[308]">WM__InvalidateRect</a><BR>
 <LI><a href="#[305]">WM_InvalidateWindowAndDescsEx</a>&nbsp;&nbsp;&nbsp;&rArr;&nbsp;&nbsp;&nbsp;<a href="#[305]">WM_InvalidateWindowAndDescsEx</a><BR>
 <LI><a href="#[32e]">WM_SendToParent</a>&nbsp;&nbsp;&nbsp;&rArr;&nbsp;&nbsp;&nbsp;<a href="#[258]">WM__SendMessage</a><BR>
 <LI><a href="#[3a8]">_Screen2hWin</a>&nbsp;&nbsp;&nbsp;&rArr;&nbsp;&nbsp;&nbsp;<a href="#[3a8]">_Screen2hWin</a><BR>
 <LI><a href="#[31f]">_Findx1</a>&nbsp;&nbsp;&nbsp;&rArr;&nbsp;&nbsp;&nbsp;<a href="#[31f]">_Findx1</a><BR>
 <LI><a href="#[31e]">_Findx0</a>&nbsp;&nbsp;&nbsp;&rArr;&nbsp;&nbsp;&nbsp;<a href="#[31e]">_Findx0</a><BR>
 <LI><a href="#[31c]">_Findy1</a>&nbsp;&nbsp;&nbsp;&rArr;&nbsp;&nbsp;&nbsp;<a href="#[31c]">_Findy1</a><BR>
 <LI><a href="#[333]">_PaintTransChildren</a>&nbsp;&nbsp;&nbsp;&rArr;&nbsp;&nbsp;&nbsp;<a href="#[333]">_PaintTransChildren</a><BR>
 <LI><a href="#[b9]">_sys_exit</a>&nbsp;&nbsp;&nbsp;&rArr;&nbsp;&nbsp;&nbsp;<a href="#[b9]">_sys_exit</a><BR>
</UL>
<P>
<H3>
Function Pointers
</H3><UL>
 <LI><a href="#[21]">FIQ_Handler</a> from vectors.o(Vect) referenced from vectors.o(Vect)
 <LI><a href="#[89]">GUIMONO_DispChar</a> from GUI_CharM.o(.text) referenced from F6x8.o(.constdata)
 <LI><a href="#[8a]">GUIMONO_GetCharDistX</a> from GUI_CharM.o(.text) referenced from F6x8.o(.constdata)
 <LI><a href="#[8b]">GUIMONO_GetFontInfo</a> from GUI_CharM.o(.text) referenced from F6x8.o(.constdata)
 <LI><a href="#[8c]">GUIMONO_IsInFont</a> from GUI_CharM.o(.text) referenced from F6x8.o(.constdata)
 <LI><a href="#[4d]">GUI_MEMDEV__WriteToActiveOpaque</a> from GUIDEV_WriteToActiveOpaque.o(.text) referenced from GUIDEV_16.o(.text)
 <LI><a href="#[66]">GUI_TIMER_Exec</a> from GUI_Timer.o(.text) referenced from GUI_Timer.o(.text)
 <LI><a href="#[98]">GUI_USAGE_BM_AddHLine</a> from GUIDEV_UsageBM.o(.text) referenced from GUIDEV_UsageBM.o(.constdata)
 <LI><a href="#[97]">GUI_USAGE_BM_AddPixel</a> from GUIDEV_UsageBM.o(.text) referenced from GUIDEV_UsageBM.o(.constdata)
 <LI><a href="#[99]">GUI_USAGE_BM_Clear</a> from GUIDEV_UsageBM.o(.text) referenced from GUIDEV_UsageBM.o(.constdata)
 <LI><a href="#[9b]">GUI_USAGE_BM_GetNextDirty</a> from GUIDEV_UsageBM.o(.text) referenced from GUIDEV_UsageBM.o(.constdata)
 <LI><a href="#[20]">IRQ_Handler</a> from RTOS.o(C$$code) referenced from vectors.o(Vect)
 <LI><a href="#[87]">LCD_DrawHLine</a> from LCD.o(.text) referenced from GUI_Core.o(.constdata)
 <LI><a href="#[88]">LCD_DrawPixel</a> from LCD.o(.text) referenced from GUI_Core.o(.constdata)
 <LI><a href="#[6d]">LCD_Index2Color_565</a> from GUICC_565_Index2Color.o(.text) referenced from GUICC_565.o(.constdata)
 <LI><a href="#[2b]">MainTask</a> from os_usbh_hid.o(.text) referenced from main.o(.text)
 <LI><a href="#[3b]">OS_StartTask</a> from RTOS.o(C$$code) referenced from OS_CreateTask.o(.text)
 <LI><a href="#[6b]">OS_SwitchAfterISR</a> from RTOS.o(C$$code) referenced from RTOS.o(C$$code)
 <LI><a href="#[6a]">OS_SwitchAfterISR_Idle</a> from RTOS.o(C$$code) referenced from RTOS.o(C$$code)
 <LI><a href="#[1f]">Prefetch_Handler</a> from vectors.o(Vect) referenced from vectors.o(Vect)
 <LI><a href="#[a9]">Reset_Handler</a> from startup_lpc2xxx.o(Init) referenced from vectors.o(Vect)
 <LI><a href="#[1e]">SWI_Handler</a> from vectors.o(Vect) referenced from vectors.o(Vect)
 <LI><a href="#[52]">USBH_BD_DefaultEpUrbCompletion</a> from USBH_Core.o(.text) referenced from USBH_Interface.o(.text)
 <LI><a href="#[53]">USBH_BD_EpUrbCompletion</a> from USBH_EndPoint.o(.text) referenced from USBH_Interface.o(.text)
 <LI><a href="#[4f]">USBH_BD_ProcessEnum</a> from USBH_Device.o(.text) referenced from USBH_Device.o(.text)
 <LI><a href="#[56]">USBH_CreateInterfaces</a> from USBH_Device.o(.text) referenced 2 times from USBH_RootHub.o(.text)
 <LI><a href="#[3d]">USBH_DefaultReleaseEpCompletion</a> from USBH_HC.o(.text) referenced 3 times from USBH_Core.o(.text)
 <LI><a href="#[24]">USBH_ISRTask</a> from USBH_Core.o(.text) referenced from os_usbh_hid.o(.text)
 <LI><a href="#[b]">USBH_OHCI_AddEndpoint</a> from USBH_OHC_Device.o(.text) referenced 2 times from USBH_OHC_Device.o(.data)
 <LI><a href="#[46]">USBH_OHCI_BULK_INT_OnRemoveEpTimer</a> from USBH_OHC_EP_BulkInt.o(.text) referenced from USBH_OHC_Device.o(.text)
 <LI><a href="#[47]">USBH_OHCI_BULK_OnAbortUrbTimer</a> from USBH_OHC_EP_BulkInt.o(.text) referenced from USBH_OHC_Device.o(.text)
 <LI><a href="#[45]">USBH_OHCI_EP0_OnAbortUrbTimer</a> from USBH_OHC_EP_Control.o(.text) referenced from USBH_OHC_Device.o(.text)
 <LI><a href="#[44]">USBH_OHCI_EP0_OnReleaseEpTimer</a> from USBH_OHC_EP_Control.o(.text) referenced from USBH_OHC_Device.o(.text)
 <LI><a href="#[a]">USBH_OHCI_GetFrameNumber</a> from USBH_OHC_Device.o(.text) referenced 2 times from USBH_OHC_Device.o(.data)
 <LI><a href="#[8]">USBH_OHCI_HostExit</a> from USBH_OHC_Device.o(.text) referenced 2 times from USBH_OHC_Device.o(.data)
 <LI><a href="#[7]">USBH_OHCI_HostInit</a> from USBH_OHC_Device.o(.text) referenced 2 times from USBH_OHC_Device.o(.data)
 <LI><a href="#[49]">USBH_OHCI_INT_OnAbortUrbTimer</a> from USBH_OHC_EP_Int.o(.text) referenced from USBH_OHC_Device.o(.text)
 <LI><a href="#[48]">USBH_OHCI_INT_OnReleaseEpTimer</a> from USBH_OHC_EP_Int.o(.text) referenced from USBH_OHC_Device.o(.text)
 <LI><a href="#[4b]">USBH_OHCI_ISO_OnAbortUrbTimer</a> from USBH_OHC_EP_Iso.o(.text) referenced from USBH_OHC_Device.o(.text)
 <LI><a href="#[4a]">USBH_OHCI_ISO_OnRemoveEpTimer</a> from USBH_OHC_EP_Iso.o(.text) referenced from USBH_OHC_Device.o(.text)
 <LI><a href="#[1b]">USBH_OHCI_ProcessInterrupt</a> from USBH_OHC_Device.o(.text) referenced 2 times from USBH_OHC_Device.o(.data)
 <LI><a href="#[13]">USBH_OHCI_ROOTHUB_ClearHubStatus</a> from USBH_OHC_RootHub.o(.text) referenced 2 times from USBH_OHC_Device.o(.data)
 <LI><a href="#[15]">USBH_OHCI_ROOTHUB_ClearPortStatus</a> from USBH_OHC_RootHub.o(.text) referenced 2 times from USBH_OHC_Device.o(.data)
 <LI><a href="#[18]">USBH_OHCI_ROOTHUB_DisablePort</a> from USBH_OHC_RootHub.o(.text) referenced 2 times from USBH_OHC_Device.o(.data)
 <LI><a href="#[12]">USBH_OHCI_ROOTHUB_GetHubStatus</a> from USBH_OHC_RootHub.o(.text) referenced 2 times from USBH_OHC_Device.o(.data)
 <LI><a href="#[10]">USBH_OHCI_ROOTHUB_GetPortCount</a> from USBH_OHC_RootHub.o(.text) referenced 2 times from USBH_OHC_Device.o(.data)
 <LI><a href="#[14]">USBH_OHCI_ROOTHUB_GetPortStatus</a> from USBH_OHC_RootHub.o(.text) referenced 2 times from USBH_OHC_Device.o(.data)
 <LI><a href="#[11]">USBH_OHCI_ROOTHUB_GetPowerGoodTime</a> from USBH_OHC_RootHub.o(.text) referenced 2 times from USBH_OHC_Device.o(.data)
 <LI><a href="#[17]">USBH_OHCI_ROOTHUB_ResetPort</a> from USBH_OHC_RootHub.o(.text) referenced 2 times from USBH_OHC_Device.o(.data)
 <LI><a href="#[16]">USBH_OHCI_ROOTHUB_SetPortPower</a> from USBH_OHC_RootHub.o(.text) referenced 2 times from USBH_OHC_Device.o(.data)
 <LI><a href="#[19]">USBH_OHCI_ROOTHUB_SetPortSuspend</a> from USBH_OHC_RootHub.o(.text) referenced 2 times from USBH_OHC_Device.o(.data)
 <LI><a href="#[c]">USBH_OHCI_ReleaseEndpoint</a> from USBH_OHC_Device.o(.text) referenced 2 times from USBH_OHC_Device.o(.data)
 <LI><a href="#[1a]">USBH_OHCI_ServiceISR</a> from USBH_OHC_Device.o(.text) referenced 2 times from USBH_OHC_Device.o(.data)
 <LI><a href="#[9]">USBH_OHCI_SetHcState</a> from USBH_OHC_Device.o(.text) referenced 2 times from USBH_OHC_Device.o(.data)
 <LI><a href="#[f]">USBH_OHCI_TRANSFER_SubmitRequest</a> from USBH_OHC_Transfer.o(.text) referenced 2 times from USBH_OHC_Device.o(.data)
 <LI><a href="#[51]">USBH_PNP_NotifyWrapperCallbackRoutine</a> from USBH_PnPNotification.o(.text) referenced from USBH_Driver.o(.text)
 <LI><a href="#[4c]">USBH_ROOTHUB_OnNotification</a> from USBH_RootHub.o(.text) referenced 2 times from USBH_OHC_Device.o(.text)
 <LI><a href="#[23]">USBH_Task</a> from USBH_Core.o(.text) referenced from os_usbh_hid.o(.text)
 <LI><a href="#[1d]">Undefined_Handler</a> from vectors.o(Vect) referenced from vectors.o(Vect)
 <LI><a href="#[59]">WM_HandlePID</a> from WM_Touch.o(.text) referenced from GUI_PID.o(.text)
 <LI><a href="#[5c]">WM__InvalidateRectEx</a> from WM.o(.text) referenced from WM.o(.text)
 <LI><a href="#[d]">_AbortEndpoint</a> from USBH_OHC_Device.o(.text) referenced 2 times from USBH_OHC_Device.o(.data)
 <LI><a href="#[92]">_CalcSizeOfChar</a> from GUI_UC_EncodeNone.o(.text) referenced from GUI_UC_EncodeNone.o(.constdata)
 <LI><a href="#[8d]">_Color2Index_0</a> from GUICC_0.o(.text) referenced from GUICC_0.o(.constdata)
 <LI><a href="#[6c]">_Color2Index_565</a> from GUICC_565.o(.text) referenced from GUICC_565.o(.constdata)
 <LI><a href="#[34]">_ControlCache</a> from GUIDRV_Lin_OSX_16.o(.text) referenced from GUIDRV_Lin_OSX_16.o(.text)
 <LI><a href="#[6f]">_DrawBitmap</a> from GUIDRV_Lin_OSX_16.o(.text) referenced 3 times from GUIDRV_Lin_OSX_16.o(.constdata)
 <LI><a href="#[70]">_DrawHLine</a> from GUIDRV_Lin_OSX_16.o(.text) referenced 3 times from GUIDRV_Lin_OSX_16.o(.constdata)
 <LI><a href="#[71]">_DrawVLine</a> from GUIDRV_Lin_OSX_16.o(.text) referenced 3 times from GUIDRV_Lin_OSX_16.o(.constdata)
 <LI><a href="#[93]">_Encode</a> from GUI_UC_EncodeNone.o(.text) referenced from GUI_UC_EncodeNone.o(.constdata)
 <LI><a href="#[27]">_ExecTouch</a> from bsp.o(.text) referenced from bsp.o(.text)
 <LI><a href="#[72]">_FillRect</a> from GUIDRV_Lin_OSX_16.o(.text) referenced 3 times from GUIDRV_Lin_OSX_16.o(.constdata)
 <LI><a href="#[9a]">_GUI_USAGE_BM_Delete</a> from GUIDEV_UsageBM.o(.text) referenced from GUIDEV_UsageBM.o(.constdata)
 <LI><a href="#[90]">_GetCharCode</a> from GUI_UC_EncodeNone.o(.text) referenced from GUI_UC_EncodeNone.o(.constdata)
 <LI><a href="#[91]">_GetCharSize</a> from GUI_UC_EncodeNone.o(.text) referenced from GUI_UC_EncodeNone.o(.constdata)
 <LI><a href="#[79]">_GetDevData</a> from GUIDRV_Lin_OSX_16.o(.text) referenced 3 times from GUIDRV_Lin_OSX_16.o(.constdata)
 <LI><a href="#[77]">_GetDevFunc</a> from GUIDRV_Lin_OSX_16.o(.text) referenced 3 times from GUIDRV_Lin_OSX_16.o(.constdata)
 <LI><a href="#[78]">_GetDevProp</a> from GUIDRV_Lin_OSX_16.o(.text) referenced 3 times from GUIDRV_Lin_OSX_16.o(.constdata)
 <LI><a href="#[8f]">_GetIndexMask_0</a> from GUICC_0.o(.text) referenced from GUICC_0.o(.constdata)
 <LI><a href="#[6e]">_GetIndexMask_565</a> from GUICC_565.o(.text) referenced from GUICC_565.o(.constdata)
 <LI><a href="#[73]">_GetPixelIndex</a> from GUIDRV_Lin_OSX_16.o(.text) referenced 3 times from GUIDRV_Lin_OSX_16.o(.constdata)
 <LI><a href="#[30]">_GetPos</a> from GUIDRV_Lin_OSX_16.o(.text) referenced from GUIDRV_Lin_OSX_16.o(.text)
 <LI><a href="#[7a]">_GetRect</a> from GUIDRV_Lin_OSX_16.o(.text) referenced 3 times from GUIDRV_Lin_OSX_16.o(.constdata)
 <LI><a href="#[5e]">_HubNotifyClearEndpointStallCompletion</a> from USBH_Hub.o(.text) referenced from USBH_Hub.o(.text)
 <LI><a href="#[62]">_HubProcessPortResetSetAddress</a> from USBH_Hub.o(.text) referenced from USBH_Hub.o(.text)
 <LI><a href="#[5f]">_HubStatusRequestCompletion</a> from USBH_Hub.o(.text) referenced from USBH_Hub.o(.text)
 <LI><a href="#[28]">_ISR</a> from usbh_config_lpc24xx.o(.text) referenced from usbh_config_lpc24xx.o(.text)
 <LI><a href="#[8e]">_Index2Color_0</a> from GUICC_0.o(.text) referenced from GUICC_0.o(.constdata)
 <LI><a href="#[33]">_Init</a> from GUIDRV_Lin_OSX_16.o(.text) referenced from GUIDRV_Lin_OSX_16.o(.text)
 <LI><a href="#[58]">_InitPortsCompletion</a> from USBH_RootHub.o(.text) referenced from USBH_RootHub.o(.text)
 <LI><a href="#[29]">_OS_ISR_Tick</a> from rtosinit.o(.text) referenced from rtosinit.o(.text)
 <LI><a href="#[3c]">_OS_RSema_OnTerminate</a> from OSRSEM.o(.text) referenced from OSRSEM.o(.text)
 <LI><a href="#[36]">_Off</a> from GUIDRV_Lin_OSX_16.o(.text) referenced from GUIDRV_Lin_OSX_16.o(.text)
 <LI><a href="#[35]">_On</a> from GUIDRV_Lin_OSX_16.o(.text) referenced from GUIDRV_Lin_OSX_16.o(.text)
 <LI><a href="#[41]">_OnAbortCompletion</a> from USBH_HID.o(.text) referenced from USBH_HID.o(.text)
 <LI><a href="#[3e]">_OnGeneralCompletion</a> from USBH_HID.o(.text) referenced 2 times from USBH_HID.o(.text)
 <LI><a href="#[40]">_OnGeneralDeviceNotification</a> from USBH_HID.o(.text) referenced from USBH_HID.o(.text)
 <LI><a href="#[42]">_OnIntInCompletion</a> from USBH_HID.o(.text) referenced from USBH_HID.o(.text)
 <LI><a href="#[26]">_OnKeyboardChange</a> from os_usbh_hid.o(.text) referenced from os_usbh_hid.o(.text)
 <LI><a href="#[25]">_OnMouseChange</a> from os_usbh_hid.o(.text) referenced from os_usbh_hid.o(.text)
 <LI><a href="#[43]">_OnOutCompletion</a> from USBH_HID.o(.text) referenced from USBH_HID.o(.text)
 <LI><a href="#[3f]">_OnResetReadEndpointCompletion</a> from USBH_HID.o(.text) referenced from USBH_HID.o(.text)
 <LI><a href="#[2a]">_OnRx</a> from gui_x_embos.o(.text) referenced from gui_x_embos.o(.text)
 <LI><a href="#[64]">_OnSubStateCompletion</a> from USBH_URB.o(.text) referenced from USBH_URB.o(.text)
 <LI><a href="#[50]">_OnSubmitUrbCompletion</a> from USBH_Device.o(.text) referenced from USBH_Device.o(.text)
 <LI><a href="#[5b]">_Paint1</a> from WM.o(.text) referenced from WM.o(.text)
 <LI><a href="#[4]">_Parser4GlobalItem</a> from USBH_HID.o(.text) referenced 2 times from USBH_HID.o(.data)
 <LI><a href="#[5]">_Parser4LocalItem</a> from USBH_HID.o(.text) referenced 2 times from USBH_HID.o(.data)
 <LI><a href="#[3]">_Parser4MainItem</a> from USBH_HID.o(.text) referenced 2 times from USBH_HID.o(.data)
 <LI><a href="#[6]">_Parser4Reserved</a> from USBH_HID.o(.text) referenced 2 times from USBH_HID.o(.data)
 <LI><a href="#[4e]">_ProcessEnumDisableParentHubPortCompletion</a> from USBH_Device.o(.text) referenced from USBH_Device.o(.text)
 <LI><a href="#[60]">_ProcessEnumHub</a> from USBH_Hub.o(.text) referenced from USBH_Hub.o(.text)
 <LI><a href="#[61]">_ProcessHubNotification</a> from USBH_Hub.o(.text) referenced from USBH_Hub.o(.text)
 <LI><a href="#[57]">_ProcessPortResetSetAddress</a> from USBH_RootHub.o(.text) referenced from USBH_RootHub.o(.text)
 <LI><a href="#[e]">_ResetEndpoint</a> from USBH_OHC_Device.o(.text) referenced 2 times from USBH_OHC_Device.o(.data)
 <LI><a href="#[54]">_ResetPipeCompletion</a> from USBH_Interface.o(.text) referenced from USBH_Interface.o(.text)
 <LI><a href="#[31]">_SetAlpha</a> from GUIDRV_Lin_OSX_16.o(.text) referenced from GUIDRV_Lin_OSX_16.o(.text)
 <LI><a href="#[38]">_SetAlphaMode</a> from GUIDRV_Lin_OSX_16.o(.text) referenced from GUIDRV_Lin_OSX_16.o(.text)
 <LI><a href="#[95]">_SetBkColor</a> from LCD.o(.text) referenced from LCD.o(.constdata)
 <LI><a href="#[3a]">_SetChroma</a> from GUIDRV_Lin_OSX_16.o(.text) referenced from GUIDRV_Lin_OSX_16.o(.text)
 <LI><a href="#[39]">_SetChromaMode</a> from GUIDRV_Lin_OSX_16.o(.text) referenced from GUIDRV_Lin_OSX_16.o(.text)
 <LI><a href="#[94]">_SetColor</a> from LCD.o(.text) referenced from LCD.o(.constdata)
 <LI><a href="#[96]">_SetDrawMode</a> from LCD.o(.text) referenced from LCD.o(.constdata)
 <LI><a href="#[55]">_SetInterfaceCompletion</a> from USBH_Interface.o(.text) referenced from USBH_Interface.o(.text)
 <LI><a href="#[37]">_SetLUTEntry</a> from GUIDRV_Lin_OSX_16.o(.text) referenced from GUIDRV_Lin_OSX_16.o(.text)
 <LI><a href="#[76]">_SetOrg</a> from GUIDRV_Lin_OSX_16.o(.text) referenced 3 times from GUIDRV_Lin_OSX_16.o(.constdata)
 <LI><a href="#[74]">_SetPixelIndex</a> from GUIDRV_Lin_OSX_16.o(.text) referenced 3 times from GUIDRV_Lin_OSX_16.o(.constdata)
 <LI><a href="#[2f]">_SetPos</a> from GUIDRV_Lin_OSX_16.o(.text) referenced from GUIDRV_Lin_OSX_16.o(.text)
 <LI><a href="#[2e]">_SetSize</a> from GUIDRV_Lin_OSX_16.o(.text) referenced from GUIDRV_Lin_OSX_16.o(.text)
 <LI><a href="#[2c]">_SetVRAMAddr</a> from GUIDRV_Lin_OSX_16.o(.text) referenced from GUIDRV_Lin_OSX_16.o(.text)
 <LI><a href="#[2d]">_SetVSize</a> from GUIDRV_Lin_OSX_16.o(.text) referenced from GUIDRV_Lin_OSX_16.o(.text)
 <LI><a href="#[32]">_SetVis</a> from GUIDRV_Lin_OSX_16.o(.text) referenced from GUIDRV_Lin_OSX_16.o(.text)
 <LI><a href="#[63]">_SubStateTimerRoutine</a> from USBH_URB.o(.text) referenced from USBH_URB.o(.text)
 <LI><a href="#[75]">_XorPixel</a> from GUIDRV_Lin_OSX_16.o(.text) referenced 3 times from GUIDRV_Lin_OSX_16.o(.constdata)
 <LI><a href="#[5a]">_cbPaintMemDev</a> from WM.o(.text) referenced from WM.o(.text)
 <LI><a href="#[65]">_cbTimer</a> from WM_Timer.o(.text) referenced from WM_Timer.o(.text)
 <LI><a href="#[68]">_printf_input_char</a> from _printf_char_common.o(.text) referenced from _printf_char_common.o(.text)
 <LI><a href="#[67]">_sputc</a> from _sputc.o(.text) referenced from noretval__2sprintf.o(.text)
 <LI><a href="#[5d]">cbBackWin</a> from WM.o(.text) referenced from WM.o(.text)
 <LI><a href="#[69]">fputc</a> from retarget.o(.text) referenced from _printf_char_file.o(.text)
 <LI><a href="#[22]">main</a> from main.o(.text) referenced from rtentry2.o(.ARM.Collect$$rtentry$$0000000D)
</UL>
<P>
<H3>
Global Symbols
</H3>
<P><STRONG><a name="[a8]"></a>__program_start</STRONG> (ARM, 0 bytes, Stack size 0 bytes, vectors.o(Vect))

<P><STRONG><a name="[aa]"></a>__main</STRONG> (ARM, 8 bytes, Stack size 0 bytes, __main.o(!!!main))
<BR><BR>[Calls]<UL><LI><a href="#[ab]">&gt;&gt;</a>&nbsp;&nbsp;&nbsp;__scatterload
<LI><a href="#[ac]">&gt;&gt;</a>&nbsp;&nbsp;&nbsp;__rt_entry
</UL>
<BR>[Called By]<UL><LI><a href="#[a9]">&gt;&gt;</a>&nbsp;&nbsp;&nbsp;Reset_Handler
</UL>

<P><STRONG><a name="[ab]"></a>__scatterload</STRONG> (ARM, 0 bytes, Stack size 0 bytes, __scatter.o(!!!scatter))
<BR><BR>[Called By]<UL><LI><a href="#[aa]">&gt;&gt;</a>&nbsp;&nbsp;&nbsp;__main
</UL>

<P><STRONG><a name="[ad]"></a>__scatterload_rt2</STRONG> (ARM, 52 bytes, Stack size 0 bytes, __scatter.o(!!!scatter), UNUSED)
<BR><BR>[Calls]<UL><LI><a href="#[ac]">&gt;&gt;</a>&nbsp;&nbsp;&nbsp;__rt_entry
</UL>

<P><STRONG><a name="[ae]"></a>_printf_d</STRONG> (ARM, 0 bytes, Stack size 0 bytes, _printf_d.o(.ARM.Collect$$_printf_percent$$00000009))
<BR><BR>[Calls]<UL><LI><a href="#[af]">&gt;&gt;</a>&nbsp;&nbsp;&nbsp;_printf_int_dec (via Veneer)
</UL>

<P><STRONG><a name="[3c3]"></a>_printf_percent</STRONG> (ARM, 0 bytes, Stack size 0 bytes, _printf_percent.o(.ARM.Collect$$_printf_percent$$00000000))
<BR><BR>[Called By]<UL><LI><a href="#[3c1]">&gt;&gt;</a>&nbsp;&nbsp;&nbsp;__printf (via Veneer)
</UL>

<P><STRONG><a name="[b3]"></a>__rt_lib_init</STRONG> (Thumb, 0 bytes, Stack size 0 bytes, libinit.o(.ARM.Collect$$libinit$$00000000))
<BR><BR>[Called By]<UL><LI><a href="#[b2]">&gt;&gt;</a>&nbsp;&nbsp;&nbsp;__rt_entry_li (via Veneer)
</UL>

<P><STRONG><a name="[b7]"></a>__rt_lib_shutdown</STRONG> (Thumb, 0 bytes, Stack size 0 bytes, libshutdown.o(.ARM.Collect$$libshutdown$$00000000))
<BR><BR>[Called By]<UL><LI><a href="#[b6]">&gt;&gt;</a>&nbsp;&nbsp;&nbsp;__rt_exit_ls (via Veneer)
</UL>

<P><STRONG><a name="[ac]"></a>__rt_entry</STRONG> (ARM, 0 bytes, Stack size 0 bytes, rtentry.o(.ARM.Collect$$rtentry$$00000000))
<BR><BR>[Called By]<UL><LI><a href="#[ad]">&gt;&gt;</a>&nbsp;&nbsp;&nbsp;__scatterload_rt2
<LI><a href="#[aa]">&gt;&gt;</a>&nbsp;&nbsp;&nbsp;__main
</UL>

<P><STRONG><a name="[b0]"></a>__rt_entry_sh</STRONG> (ARM, 0 bytes, Stack size 0 bytes, rtentry4.o(.ARM.Collect$$rtentry$$00000004))
<BR><BR>[Calls]<UL><LI><a href="#[b1]">&gt;&gt;</a>&nbsp;&nbsp;&nbsp;__user_setup_stackheap
</UL>

<P><STRONG><a name="[b2]"></a>__rt_entry_li</STRONG> (ARM, 0 bytes, Stack size 0 bytes, rtentry2.o(.ARM.Collect$$rtentry$$0000000A))
<BR><BR>[Calls]<UL><LI><a href="#[b3]">&gt;&gt;</a>&nbsp;&nbsp;&nbsp;__rt_lib_init (via Veneer)
</UL>

<P><STRONG><a name="[b4]"></a>__rt_entry_main</STRONG> (ARM, 0 bytes, Stack size 0 bytes, rtentry2.o(.ARM.Collect$$rtentry$$0000000D))
<BR><BR>[Calls]<UL><LI><a href="#[b5]">&gt;&gt;</a>&nbsp;&nbsp;&nbsp;exit (via BX)
</UL>

<P><STRONG><a name="[3d1]"></a>__rt_exit</STRONG> (ARM, 0 bytes, Stack size 0 bytes, rtexit.o(.ARM.Collect$$rtexit$$00000000))
<BR><BR>[Called By]<UL><LI><a href="#[b5]">&gt;&gt;</a>&nbsp;&nbsp;&nbsp;exit (via Veneer)
</UL>

<P><STRONG><a name="[b6]"></a>__rt_exit_ls</STRONG> (ARM, 0 bytes, Stack size 0 bytes, rtexit2.o(.ARM.Collect$$rtexit$$00000003))
<BR><BR>[Calls]<UL><LI><a href="#[b7]">&gt;&gt;</a>&nbsp;&nbsp;&nbsp;__rt_lib_shutdown (via Veneer)
</UL>

<P><STRONG><a name="[b8]"></a>__rt_exit_exit</STRONG> (ARM, 0 bytes, Stack size 0 bytes, rtexit2.o(.ARM.Collect$$rtexit$$00000004))
<BR><BR>[Calls]<UL><LI><a href="#[b9]">&gt;&gt;</a>&nbsp;&nbsp;&nbsp;_sys_exit (via Veneer)
</UL>

<P><STRONG><a name="[2b]"></a>MainTask</STRONG> (Thumb, 198 bytes, Stack size 0 bytes, os_usbh_hid.o(.text))
<BR><BR>[Calls]<UL><LI><a href="#[c4]">&gt;&gt;</a>&nbsp;&nbsp;&nbsp;USBH_Logf_Application
<LI><a href="#[bb]">&gt;&gt;</a>&nbsp;&nbsp;&nbsp;USBH_Init
<LI><a href="#[bf]">&gt;&gt;</a>&nbsp;&nbsp;&nbsp;USBH_HID_SetOnMouseStateChange
<LI><a href="#[c0]">&gt;&gt;</a>&nbsp;&nbsp;&nbsp;USBH_HID_SetOnKeyboardStateChange
<LI><a href="#[be]">&gt;&gt;</a>&nbsp;&nbsp;&nbsp;USBH_HID_Init
<LI><a href="#[bc]">&gt;&gt;</a>&nbsp;&nbsp;&nbsp;OS_SetPriority
<LI><a href="#[c3]">&gt;&gt;</a>&nbsp;&nbsp;&nbsp;OS_GetMail
<LI><a href="#[bd]">&gt;&gt;</a>&nbsp;&nbsp;&nbsp;OS_CreateTask_R
<LI><a href="#[c1]">&gt;&gt;</a>&nbsp;&nbsp;&nbsp;OS_CreateMB
<LI><a href="#[c2]">&gt;&gt;</a>&nbsp;&nbsp;&nbsp;BSP_ToggleLED
</UL>
<BR>[Address Reference Count : 1]<UL><LI> main.o(.text)
</UL>
<P><STRONG><a name="[cf]"></a>BSP_ETH_InstallISR</STRONG> (Thumb, 26 bytes, Stack size 0 bytes, bsp.o(.text), UNUSED)
<BR><BR>[Calls]<UL><LI><a href="#[d0]">&gt;&gt;</a>&nbsp;&nbsp;&nbsp;OS_ARM_InstallISRHandler
<LI><a href="#[d2]">&gt;&gt;</a>&nbsp;&nbsp;&nbsp;OS_ARM_ISRSetPrio
<LI><a href="#[d1]">&gt;&gt;</a>&nbsp;&nbsp;&nbsp;OS_ARM_EnableISR
</UL>

<P><STRONG><a name="[d3]"></a>BSP_Init</STRONG> (Thumb, 8 bytes, Stack size 0 bytes, bsp.o(.text))
<BR><BR>[Calls]<UL><LI><a href="#[d4]">&gt;&gt;</a>&nbsp;&nbsp;&nbsp;I2CPCA9532_Init
</UL>
<BR>[Called By]<UL><LI><a href="#[22]">&gt;&gt;</a>&nbsp;&nbsp;&nbsp;main
</UL>

<P><STRONG><a name="[d5]"></a>BSP_SetLED</STRONG> (Thumb, 8 bytes, Stack size 0 bytes, bsp.o(.text))
<BR><BR>[Calls]<UL><LI><a href="#[c5]">&gt;&gt;</a>&nbsp;&nbsp;&nbsp;_SetLEDState
</UL>
<BR>[Called By]<UL><LI><a href="#[22]">&gt;&gt;</a>&nbsp;&nbsp;&nbsp;main
</UL>

<P><STRONG><a name="[d6]"></a>BSP_ClrLED</STRONG> (Thumb, 8 bytes, Stack size 0 bytes, bsp.o(.text), UNUSED)
<BR><BR>[Calls]<UL><LI><a href="#[c5]">&gt;&gt;</a>&nbsp;&nbsp;&nbsp;_SetLEDState
</UL>

<P><STRONG><a name="[c2]"></a>BSP_ToggleLED</STRONG> (Thumb, 8 bytes, Stack size 0 bytes, bsp.o(.text))
<BR><BR>[Calls]<UL><LI><a href="#[c5]">&gt;&gt;</a>&nbsp;&nbsp;&nbsp;_SetLEDState
</UL>
<BR>[Called By]<UL><LI><a href="#[2b]">&gt;&gt;</a>&nbsp;&nbsp;&nbsp;MainTask
</UL>

<P><STRONG><a name="[e2]"></a>LCD_X_DisplayDriver</STRONG> (Thumb, 40 bytes, Stack size 0 bytes, bsp.o(.text))
<BR><BR>[Calls]<UL><LI><a href="#[d7]">&gt;&gt;</a>&nbsp;&nbsp;&nbsp;_InitLCDController
</UL>
<BR>[Called By]<UL><LI><a href="#[3a]">&gt;&gt;</a>&nbsp;&nbsp;&nbsp;_SetChroma
<LI><a href="#[39]">&gt;&gt;</a>&nbsp;&nbsp;&nbsp;_SetChromaMode
<LI><a href="#[38]">&gt;&gt;</a>&nbsp;&nbsp;&nbsp;_SetAlphaMode
<LI><a href="#[37]">&gt;&gt;</a>&nbsp;&nbsp;&nbsp;_SetLUTEntry
<LI><a href="#[36]">&gt;&gt;</a>&nbsp;&nbsp;&nbsp;_Off
<LI><a href="#[35]">&gt;&gt;</a>&nbsp;&nbsp;&nbsp;_On
<LI><a href="#[33]">&gt;&gt;</a>&nbsp;&nbsp;&nbsp;_Init
<LI><a href="#[32]">&gt;&gt;</a>&nbsp;&nbsp;&nbsp;_SetVis
<LI><a href="#[31]">&gt;&gt;</a>&nbsp;&nbsp;&nbsp;_SetAlpha
<LI><a href="#[2f]">&gt;&gt;</a>&nbsp;&nbsp;&nbsp;_SetPos
<LI><a href="#[2e]">&gt;&gt;</a>&nbsp;&nbsp;&nbsp;_SetSize
<LI><a href="#[2c]">&gt;&gt;</a>&nbsp;&nbsp;&nbsp;_SetVRAMAddr
<LI><a href="#[76]">&gt;&gt;</a>&nbsp;&nbsp;&nbsp;_SetOrg
</UL>

<P><STRONG><a name="[e3]"></a>LCD_X_Config</STRONG> (Thumb, 60 bytes, Stack size 0 bytes, bsp.o(.text), UNUSED)
<BR><BR>[Calls]<UL><LI><a href="#[e6]">&gt;&gt;</a>&nbsp;&nbsp;&nbsp;LCD_SetVSizeEx
<LI><a href="#[e7]">&gt;&gt;</a>&nbsp;&nbsp;&nbsp;LCD_SetVRAMAddrEx
<LI><a href="#[e5]">&gt;&gt;</a>&nbsp;&nbsp;&nbsp;LCD_SetSizeEx
<LI><a href="#[e4]">&gt;&gt;</a>&nbsp;&nbsp;&nbsp;GUI_DEVICE_CreateAndLink
<LI><a href="#[dd]">&gt;&gt;</a>&nbsp;&nbsp;&nbsp;_Align
</UL>
<BR>[Called By]<UL><LI><a href="#[244]">&gt;&gt;</a>&nbsp;&nbsp;&nbsp;GUI_Init
<LI><a href="#[243]">&gt;&gt;</a>&nbsp;&nbsp;&nbsp;GUI__Config
</UL>

<P><STRONG><a name="[e8]"></a>BSP_USBH_InstallISR</STRONG> (Thumb, 26 bytes, Stack size 0 bytes, bsp.o(.text))
<BR><BR>[Calls]<UL><LI><a href="#[d0]">&gt;&gt;</a>&nbsp;&nbsp;&nbsp;OS_ARM_InstallISRHandler
<LI><a href="#[d2]">&gt;&gt;</a>&nbsp;&nbsp;&nbsp;OS_ARM_ISRSetPrio
<LI><a href="#[d1]">&gt;&gt;</a>&nbsp;&nbsp;&nbsp;OS_ARM_EnableISR
</UL>
<BR>[Called By]<UL><LI><a href="#[ed]">&gt;&gt;</a>&nbsp;&nbsp;&nbsp;USBH_X_Config
</UL>

<P><STRONG><a name="[f2]"></a>BSP_USBH_Init</STRONG> (Thumb, 100 bytes, Stack size 0 bytes, bsp.o(.text))
<BR><BR>[Called By]<UL><LI><a href="#[ed]">&gt;&gt;</a>&nbsp;&nbsp;&nbsp;USBH_X_Config
</UL>

<P><STRONG><a name="[69]"></a>fputc</STRONG> (Thumb, 2 bytes, Stack size 0 bytes, retarget.o(.text))
<BR><BR>[Called By]<UL><LI><a href="#[117]">&gt;&gt;</a>&nbsp;&nbsp;&nbsp;putc
</UL>
<BR>[Address Reference Count : 1]<UL><LI> _printf_char_file.o(.text)
</UL>
<P><STRONG><a name="[3cc]"></a>ferror</STRONG> (Thumb, 6 bytes, Stack size 0 bytes, retarget.o(.text), UNUSED)
<BR><BR>[Called By]<UL><LI><a href="#[3bb]">&gt;&gt;</a>&nbsp;&nbsp;&nbsp;_printf_char_file
</UL>

<P><STRONG><a name="[b9]"></a>_sys_exit</STRONG> (Thumb, 2 bytes, Stack size 0 bytes, retarget.o(.text))
<BR><BR>[Calls]<UL><LI><a href="#[b9]">&gt;&gt;</a>&nbsp;&nbsp;&nbsp;_sys_exit
</UL>
<BR>[Called By]<UL><LI><a href="#[b9]">&gt;&gt;</a>&nbsp;&nbsp;&nbsp;_sys_exit
<LI><a href="#[b8]">&gt;&gt;</a>&nbsp;&nbsp;&nbsp;__rt_exit_exit (via Veneer)
</UL>

<P><STRONG><a name="[ea]"></a>_ttywrch</STRONG> (Thumb, 18 bytes, Stack size 0 bytes, retarget.o(.text), UNUSED)
<BR><BR>[Calls]<UL><LI><a href="#[eb]">&gt;&gt;</a>&nbsp;&nbsp;&nbsp;__2printf
</UL>

<P><STRONG><a name="[3cf]"></a>__user_initial_stackheap</STRONG> (Thumb, 14 bytes, Stack size 0 bytes, retarget.o(.text))
<BR><BR>[Called By]<UL><LI><a href="#[b1]">&gt;&gt;</a>&nbsp;&nbsp;&nbsp;__user_setup_stackheap (via Veneer)
</UL>

<P><STRONG><a name="[ed]"></a>USBH_X_Config</STRONG> (Thumb, 54 bytes, Stack size 0 bytes, usbh_config_lpc24xx.o(.text))
<BR><BR>[Calls]<UL><LI><a href="#[f0]">&gt;&gt;</a>&nbsp;&nbsp;&nbsp;USBH_SetWarnFilter
<LI><a href="#[f1]">&gt;&gt;</a>&nbsp;&nbsp;&nbsp;USBH_SetLogFilter
<LI><a href="#[f3]">&gt;&gt;</a>&nbsp;&nbsp;&nbsp;USBH_OHCI_Add
<LI><a href="#[ef]">&gt;&gt;</a>&nbsp;&nbsp;&nbsp;USBH_AssignTransferMemory
<LI><a href="#[ee]">&gt;&gt;</a>&nbsp;&nbsp;&nbsp;USBH_AssignMemory
<LI><a href="#[f2]">&gt;&gt;</a>&nbsp;&nbsp;&nbsp;BSP_USBH_Init
<LI><a href="#[e8]">&gt;&gt;</a>&nbsp;&nbsp;&nbsp;BSP_USBH_InstallISR
</UL>
<BR>[Called By]<UL><LI><a href="#[bb]">&gt;&gt;</a>&nbsp;&nbsp;&nbsp;USBH_Init
</UL>

<P><STRONG><a name="[c7]"></a>I2CPCA9532_WriteRead</STRONG> (Thumb, 280 bytes, Stack size 0 bytes, i2cpca9532.o(.text))
<BR><BR>[Calls]<UL><LI><a href="#[f5]">&gt;&gt;</a>&nbsp;&nbsp;&nbsp;_I2C_PutChar
<LI><a href="#[f6]">&gt;&gt;</a>&nbsp;&nbsp;&nbsp;_I2C_CheckStatus
<LI><a href="#[f7]">&gt;&gt;</a>&nbsp;&nbsp;&nbsp;_I2C_GetChar
<LI><a href="#[f4]">&gt;&gt;</a>&nbsp;&nbsp;&nbsp;_I2C_WriteWithWait
</UL>
<BR>[Called By]<UL><LI><a href="#[d4]">&gt;&gt;</a>&nbsp;&nbsp;&nbsp;I2CPCA9532_Init
<LI><a href="#[c5]">&gt;&gt;</a>&nbsp;&nbsp;&nbsp;_SetLEDState
</UL>

<P><STRONG><a name="[d4]"></a>I2CPCA9532_Init</STRONG> (Thumb, 92 bytes, Stack size 0 bytes, i2cpca9532.o(.text))
<BR><BR>[Calls]<UL><LI><a href="#[c7]">&gt;&gt;</a>&nbsp;&nbsp;&nbsp;I2CPCA9532_WriteRead
</UL>
<BR>[Called By]<UL><LI><a href="#[d3]">&gt;&gt;</a>&nbsp;&nbsp;&nbsp;BSP_Init
</UL>

<P><STRONG><a name="[d0]"></a>OS_ARM_InstallISRHandler</STRONG> (Thumb, 30 bytes, Stack size 0 bytes, rtosinit.o(.text))
<BR><BR>[Calls]<UL><LI><a href="#[f8]">&gt;&gt;</a>&nbsp;&nbsp;&nbsp;OS_RestoreI
<LI><a href="#[c6]">&gt;&gt;</a>&nbsp;&nbsp;&nbsp;__ARM_common_disable_irq (via Veneer)
</UL>
<BR>[Called By]<UL><LI><a href="#[fa]">&gt;&gt;</a>&nbsp;&nbsp;&nbsp;OS_InitHW
<LI><a href="#[e8]">&gt;&gt;</a>&nbsp;&nbsp;&nbsp;BSP_USBH_InstallISR
<LI><a href="#[cf]">&gt;&gt;</a>&nbsp;&nbsp;&nbsp;BSP_ETH_InstallISR
</UL>

<P><STRONG><a name="[d2]"></a>OS_ARM_ISRSetPrio</STRONG> (Thumb, 38 bytes, Stack size 0 bytes, rtosinit.o(.text))
<BR><BR>[Calls]<UL><LI><a href="#[f8]">&gt;&gt;</a>&nbsp;&nbsp;&nbsp;OS_RestoreI
<LI><a href="#[c6]">&gt;&gt;</a>&nbsp;&nbsp;&nbsp;__ARM_common_disable_irq (via Veneer)
</UL>
<BR>[Called By]<UL><LI><a href="#[fa]">&gt;&gt;</a>&nbsp;&nbsp;&nbsp;OS_InitHW
<LI><a href="#[e8]">&gt;&gt;</a>&nbsp;&nbsp;&nbsp;BSP_USBH_InstallISR
<LI><a href="#[cf]">&gt;&gt;</a>&nbsp;&nbsp;&nbsp;BSP_ETH_InstallISR
</UL>

<P><STRONG><a name="[d1]"></a>OS_ARM_EnableISR</STRONG> (Thumb, 22 bytes, Stack size 0 bytes, rtosinit.o(.text))
<BR><BR>[Calls]<UL><LI><a href="#[f8]">&gt;&gt;</a>&nbsp;&nbsp;&nbsp;OS_RestoreI
<LI><a href="#[c6]">&gt;&gt;</a>&nbsp;&nbsp;&nbsp;__ARM_common_disable_irq (via Veneer)
</UL>
<BR>[Called By]<UL><LI><a href="#[fa]">&gt;&gt;</a>&nbsp;&nbsp;&nbsp;OS_InitHW
<LI><a href="#[e8]">&gt;&gt;</a>&nbsp;&nbsp;&nbsp;BSP_USBH_InstallISR
<LI><a href="#[cf]">&gt;&gt;</a>&nbsp;&nbsp;&nbsp;BSP_ETH_InstallISR
</UL>

<P><STRONG><a name="[fa]"></a>OS_InitHW</STRONG> (Thumb, 114 bytes, Stack size 0 bytes, rtosinit.o(.text))
<BR><BR>[Calls]<UL><LI><a href="#[f8]">&gt;&gt;</a>&nbsp;&nbsp;&nbsp;OS_RestoreI
<LI><a href="#[d0]">&gt;&gt;</a>&nbsp;&nbsp;&nbsp;OS_ARM_InstallISRHandler
<LI><a href="#[d2]">&gt;&gt;</a>&nbsp;&nbsp;&nbsp;OS_ARM_ISRSetPrio
<LI><a href="#[d1]">&gt;&gt;</a>&nbsp;&nbsp;&nbsp;OS_ARM_EnableISR
<LI><a href="#[c6]">&gt;&gt;</a>&nbsp;&nbsp;&nbsp;__ARM_common_disable_irq (via Veneer)
</UL>
<BR>[Called By]<UL><LI><a href="#[22]">&gt;&gt;</a>&nbsp;&nbsp;&nbsp;main
</UL>

<P><STRONG><a name="[fb]"></a>OS_Idle</STRONG> (Thumb, 2 bytes, Stack size 0 bytes, rtosinit.o(.text))
<BR><BR>[Calls]<UL><LI><a href="#[fb]">&gt;&gt;</a>&nbsp;&nbsp;&nbsp;OS_Idle
</UL>
<BR>[Called By]<UL><LI><a href="#[fb]">&gt;&gt;</a>&nbsp;&nbsp;&nbsp;OS_Idle
<LI><a href="#[18a]">&gt;&gt;</a>&nbsp;&nbsp;&nbsp;OS_ChangeTask
</UL>

<P><STRONG><a name="[fc]"></a>OS_ConvertCycles2us</STRONG> (Thumb, 10 bytes, Stack size 0 bytes, rtosinit.o(.text), UNUSED)
<BR><BR>[Calls]<UL><LI><a href="#[e9]">&gt;&gt;</a>&nbsp;&nbsp;&nbsp;__aeabi_uidivmod (via Veneer)
</UL>

<P><STRONG><a name="[fd]"></a>OS_COM_Send1</STRONG> (Thumb, 8 bytes, Stack size 0 bytes, rtosinit.o(.text), UNUSED)
<BR><BR>[Calls]<UL><LI><a href="#[fe]">&gt;&gt;</a>&nbsp;&nbsp;&nbsp;OS_COM_ClearTxActive
</UL>

<P><STRONG><a name="[ff]"></a>OS_irq_handler</STRONG> (Thumb, 76 bytes, Stack size 0 bytes, rtosinit.o(.text))
<BR><BR>[Calls]<UL><LI><a href="#[101]">&gt;&gt;</a>&nbsp;&nbsp;&nbsp;OS_SwitchFromInt (via Veneer)
<LI><a href="#[c8]">&gt;&gt;</a>&nbsp;&nbsp;&nbsp;__ARM_common_enable_irq (via Veneer)
<LI><a href="#[c6]">&gt;&gt;</a>&nbsp;&nbsp;&nbsp;__ARM_common_disable_irq (via Veneer)
<LI><a href="#[100]">&gt;&gt;</a>&nbsp;&nbsp;&nbsp;__ARM_common_call_via_r5
</UL>
<BR>[Called By]<UL><LI><a href="#[20]">&gt;&gt;</a>&nbsp;&nbsp;&nbsp;IRQ_Handler (via Veneer)
</UL>

<P><STRONG><a name="[102]"></a>OS_ARM_DisableISR</STRONG> (Thumb, 22 bytes, Stack size 0 bytes, rtosinit.o(.text), UNUSED)
<BR><BR>[Calls]<UL><LI><a href="#[f8]">&gt;&gt;</a>&nbsp;&nbsp;&nbsp;OS_RestoreI
<LI><a href="#[c6]">&gt;&gt;</a>&nbsp;&nbsp;&nbsp;__ARM_common_disable_irq (via Veneer)
</UL>

<P><STRONG><a name="[103]"></a>__low_level_init</STRONG> (Thumb, 30 bytes, Stack size 0 bytes, rtosinit.o(.text))
<BR><BR>[Calls]<UL><LI><a href="#[104]">&gt;&gt;</a>&nbsp;&nbsp;&nbsp;_InitPLL
<LI><a href="#[105]">&gt;&gt;</a>&nbsp;&nbsp;&nbsp;_EMC_Init
</UL>
<BR>[Called By]<UL><LI><a href="#[a9]">&gt;&gt;</a>&nbsp;&nbsp;&nbsp;Reset_Handler (via Veneer)
</UL>

<P><STRONG><a name="[14a]"></a>GUI_TOUCH_X_ActivateX</STRONG> (Thumb, 2 bytes, Stack size 0 bytes, gui_x_touch.o(.text))
<BR><BR>[Called By]<UL><LI><a href="#[cd]">&gt;&gt;</a>&nbsp;&nbsp;&nbsp;GUI_TOUCH_Exec
</UL>

<P><STRONG><a name="[149]"></a>GUI_TOUCH_X_ActivateY</STRONG> (Thumb, 2 bytes, Stack size 0 bytes, gui_x_touch.o(.text))
<BR><BR>[Called By]<UL><LI><a href="#[cd]">&gt;&gt;</a>&nbsp;&nbsp;&nbsp;GUI_TOUCH_Exec
</UL>

<P><STRONG><a name="[108]"></a>GUI_TOUCH_X_MeasureX</STRONG> (Thumb, 56 bytes, Stack size 0 bytes, gui_x_touch.o(.text))
<BR><BR>[Calls]<UL><LI><a href="#[106]">&gt;&gt;</a>&nbsp;&nbsp;&nbsp;_IsTouch
<LI><a href="#[107]">&gt;&gt;</a>&nbsp;&nbsp;&nbsp;_SPI_Send
</UL>
<BR>[Called By]<UL><LI><a href="#[cd]">&gt;&gt;</a>&nbsp;&nbsp;&nbsp;GUI_TOUCH_Exec
</UL>

<P><STRONG><a name="[109]"></a>GUI_TOUCH_X_MeasureY</STRONG> (Thumb, 52 bytes, Stack size 0 bytes, gui_x_touch.o(.text))
<BR><BR>[Calls]<UL><LI><a href="#[106]">&gt;&gt;</a>&nbsp;&nbsp;&nbsp;_IsTouch
<LI><a href="#[107]">&gt;&gt;</a>&nbsp;&nbsp;&nbsp;_SPI_Send
</UL>
<BR>[Called By]<UL><LI><a href="#[cd]">&gt;&gt;</a>&nbsp;&nbsp;&nbsp;GUI_TOUCH_Exec
</UL>

<P><STRONG><a name="[10a]"></a>GUI_X_Config</STRONG> (Thumb, 24 bytes, Stack size 0 bytes, guiconf.o(.text), UNUSED)
<BR><BR>[Calls]<UL><LI><a href="#[10c]">&gt;&gt;</a>&nbsp;&nbsp;&nbsp;GUI_ALLOC_SetAvBlockSize
<LI><a href="#[10b]">&gt;&gt;</a>&nbsp;&nbsp;&nbsp;GUI_ALLOC_AssignMemory
</UL>
<BR>[Called By]<UL><LI><a href="#[244]">&gt;&gt;</a>&nbsp;&nbsp;&nbsp;GUI_Init
<LI><a href="#[243]">&gt;&gt;</a>&nbsp;&nbsp;&nbsp;GUI__Config
</UL>

<P><STRONG><a name="[112]"></a>USBH_Panic</STRONG> (Thumb, 6 bytes, Stack size 0 bytes, usbh_configio.o(.text), UNUSED)
<BR><BR>[Calls]<UL><LI><a href="#[113]">&gt;&gt;</a>&nbsp;&nbsp;&nbsp;USBH_OS_DisableInterrupt
</UL>
<BR>[Called By]<UL><LI><a href="#[1b6]">&gt;&gt;</a>&nbsp;&nbsp;&nbsp;USBH_ConfigRootHub
</UL>

<P><STRONG><a name="[114]"></a>USBH_Log</STRONG> (Thumb, 34 bytes, Stack size 0 bytes, usbh_configio.o(.text))
<BR><BR>[Calls]<UL><LI><a href="#[115]">&gt;&gt;</a>&nbsp;&nbsp;&nbsp;USBH_OS_EnableInterrupt
<LI><a href="#[113]">&gt;&gt;</a>&nbsp;&nbsp;&nbsp;USBH_OS_DisableInterrupt
<LI><a href="#[110]">&gt;&gt;</a>&nbsp;&nbsp;&nbsp;_puts
<LI><a href="#[10e]">&gt;&gt;</a>&nbsp;&nbsp;&nbsp;_ShowStamp
</UL>
<BR>[Called By]<UL><LI><a href="#[c4]">&gt;&gt;</a>&nbsp;&nbsp;&nbsp;USBH_Logf_Application
<LI><a href="#[1e9]">&gt;&gt;</a>&nbsp;&nbsp;&nbsp;USBH_Logf
</UL>

<P><STRONG><a name="[116]"></a>USBH_Warn</STRONG> (Thumb, 36 bytes, Stack size 0 bytes, usbh_configio.o(.text), UNUSED)
<BR><BR>[Calls]<UL><LI><a href="#[115]">&gt;&gt;</a>&nbsp;&nbsp;&nbsp;USBH_OS_EnableInterrupt
<LI><a href="#[113]">&gt;&gt;</a>&nbsp;&nbsp;&nbsp;USBH_OS_DisableInterrupt
<LI><a href="#[110]">&gt;&gt;</a>&nbsp;&nbsp;&nbsp;_puts
<LI><a href="#[10e]">&gt;&gt;</a>&nbsp;&nbsp;&nbsp;_ShowStamp
</UL>
<BR>[Called By]<UL><LI><a href="#[1eb]">&gt;&gt;</a>&nbsp;&nbsp;&nbsp;USBH_Warnf_Application
<LI><a href="#[1ea]">&gt;&gt;</a>&nbsp;&nbsp;&nbsp;USBH_Warnf
</UL>

<P><STRONG><a name="[39a]"></a>GUI_X_GetTime</STRONG> (Thumb, 6 bytes, Stack size 0 bytes, gui_x_embos.o(.text))
<BR><BR>[Called By]<UL><LI><a href="#[39b]">&gt;&gt;</a>&nbsp;&nbsp;&nbsp;GUI_Delay
<LI><a href="#[374]">&gt;&gt;</a>&nbsp;&nbsp;&nbsp;GUI_GetTime
</UL>

<P><STRONG><a name="[118]"></a>GUI_X_Delay</STRONG> (Thumb, 12 bytes, Stack size 0 bytes, gui_x_embos.o(.text), UNUSED)
<BR><BR>[Calls]<UL><LI><a href="#[119]">&gt;&gt;</a>&nbsp;&nbsp;&nbsp;OS_Delay
</UL>
<BR>[Called By]<UL><LI><a href="#[244]">&gt;&gt;</a>&nbsp;&nbsp;&nbsp;GUI_Init
<LI><a href="#[39b]">&gt;&gt;</a>&nbsp;&nbsp;&nbsp;GUI_Delay
</UL>

<P><STRONG><a name="[11a]"></a>GUI_X_ExecIdle</STRONG> (Thumb, 10 bytes, Stack size 0 bytes, gui_x_embos.o(.text), UNUSED)
<BR><BR>[Calls]<UL><LI><a href="#[119]">&gt;&gt;</a>&nbsp;&nbsp;&nbsp;OS_Delay
</UL>

<P><STRONG><a name="[11b]"></a>GUI_X_InitOS</STRONG> (Thumb, 10 bytes, Stack size 0 bytes, gui_x_embos.o(.text), UNUSED)
<BR><BR>[Calls]<UL><LI><a href="#[11c]">&gt;&gt;</a>&nbsp;&nbsp;&nbsp;OS_CreateRSema
</UL>
<BR>[Called By]<UL><LI><a href="#[248]">&gt;&gt;</a>&nbsp;&nbsp;&nbsp;GUITASK_Init
</UL>

<P><STRONG><a name="[11d]"></a>GUI_X_Unlock</STRONG> (Thumb, 10 bytes, Stack size 0 bytes, gui_x_embos.o(.text))
<BR><BR>[Calls]<UL><LI><a href="#[11e]">&gt;&gt;</a>&nbsp;&nbsp;&nbsp;OS_Unuse
</UL>
<BR>[Called By]<UL><LI><a href="#[135]">&gt;&gt;</a>&nbsp;&nbsp;&nbsp;GUI_Unlock
<LI><a href="#[24f]">&gt;&gt;</a>&nbsp;&nbsp;&nbsp;GUITASK_GetpContext
</UL>

<P><STRONG><a name="[11f]"></a>GUI_X_Lock</STRONG> (Thumb, 10 bytes, Stack size 0 bytes, gui_x_embos.o(.text))
<BR><BR>[Calls]<UL><LI><a href="#[120]">&gt;&gt;</a>&nbsp;&nbsp;&nbsp;OS_Use
</UL>
<BR>[Called By]<UL><LI><a href="#[133]">&gt;&gt;</a>&nbsp;&nbsp;&nbsp;GUI_Lock
</UL>

<P><STRONG><a name="[24e]"></a>GUI_X_GetTaskId</STRONG> (Thumb, 6 bytes, Stack size 0 bytes, gui_x_embos.o(.text))
<BR><BR>[Called By]<UL><LI><a href="#[133]">&gt;&gt;</a>&nbsp;&nbsp;&nbsp;GUI_Lock
</UL>

<P><STRONG><a name="[121]"></a>GUI_X_WaitEvent</STRONG> (Thumb, 18 bytes, Stack size 0 bytes, gui_x_embos.o(.text), UNUSED)
<BR><BR>[Calls]<UL><LI><a href="#[122]">&gt;&gt;</a>&nbsp;&nbsp;&nbsp;OS_WaitEvent
</UL>

<P><STRONG><a name="[123]"></a>GUI_X_SignalEvent</STRONG> (Thumb, 18 bytes, Stack size 0 bytes, gui_x_embos.o(.text), UNUSED)
<BR><BR>[Calls]<UL><LI><a href="#[124]">&gt;&gt;</a>&nbsp;&nbsp;&nbsp;OS_SignalEvent
</UL>

<P><STRONG><a name="[126]"></a>GUI_X_Init</STRONG> (Thumb, 10 bytes, Stack size 0 bytes, gui_x_embos.o(.text), UNUSED)
<BR><BR>[Calls]<UL><LI><a href="#[127]">&gt;&gt;</a>&nbsp;&nbsp;&nbsp;OS_SetRxCallback
</UL>
<BR>[Called By]<UL><LI><a href="#[244]">&gt;&gt;</a>&nbsp;&nbsp;&nbsp;GUI_Init
</UL>

<P><STRONG><a name="[128]"></a>OS_Error</STRONG> (Thumb, 36 bytes, Stack size 0 bytes, os_error.o(.text))
<BR><BR>[Calls]<UL><LI><a href="#[c8]">&gt;&gt;</a>&nbsp;&nbsp;&nbsp;__ARM_common_enable_irq (via Veneer)
</UL>
<BR>[Called By]<UL><LI><a href="#[bd]">&gt;&gt;</a>&nbsp;&nbsp;&nbsp;OS_CreateTask_R
<LI><a href="#[18a]">&gt;&gt;</a>&nbsp;&nbsp;&nbsp;OS_ChangeTask
</UL>

<P><STRONG><a name="[22]"></a>main</STRONG> (Thumb, 66 bytes, Stack size 0 bytes, main.o(.text))
<BR><BR>[Calls]<UL><LI><a href="#[12a]">&gt;&gt;</a>&nbsp;&nbsp;&nbsp;OS_Start (via Veneer)
<LI><a href="#[129]">&gt;&gt;</a>&nbsp;&nbsp;&nbsp;OS_InitKern
<LI><a href="#[fa]">&gt;&gt;</a>&nbsp;&nbsp;&nbsp;OS_InitHW
<LI><a href="#[d5]">&gt;&gt;</a>&nbsp;&nbsp;&nbsp;BSP_SetLED
<LI><a href="#[d3]">&gt;&gt;</a>&nbsp;&nbsp;&nbsp;BSP_Init
<LI><a href="#[bd]">&gt;&gt;</a>&nbsp;&nbsp;&nbsp;OS_CreateTask_R
<LI><a href="#[c6]">&gt;&gt;</a>&nbsp;&nbsp;&nbsp;__ARM_common_disable_irq (via Veneer)
</UL>
<BR>[Address Reference Count : 1]<UL><LI> rtentry2.o(.ARM.Collect$$rtentry$$0000000D)
</UL>
<P><STRONG><a name="[142]"></a>GUI_ALLOC_FreeFixedBlock</STRONG> (Thumb, 16 bytes, Stack size 0 bytes, GUI_Alloc.o(.text), UNUSED)
<BR><BR>[Called By]<UL><LI><a href="#[141]">&gt;&gt;</a>&nbsp;&nbsp;&nbsp;GUI_DEVICE_Delete
<LI><a href="#[38b]">&gt;&gt;</a>&nbsp;&nbsp;&nbsp;GUI_SPRITE_Delete
</UL>

<P><STRONG><a name="[12c]"></a>GUI_ALLOC_GetFixedBlock</STRONG> (Thumb, 238 bytes, Stack size 0 bytes, GUI_Alloc.o(.text))
<BR><BR>[Calls]<UL><LI><a href="#[131]">&gt;&gt;</a>&nbsp;&nbsp;&nbsp;_RemoveHoles
<LI><a href="#[12e]">&gt;&gt;</a>&nbsp;&nbsp;&nbsp;_RemoveFreeMemory
<LI><a href="#[12f]">&gt;&gt;</a>&nbsp;&nbsp;&nbsp;_InitOnce
<LI><a href="#[12d]">&gt;&gt;</a>&nbsp;&nbsp;&nbsp;_AddFreeMemory
</UL>
<BR>[Called By]<UL><LI><a href="#[143]">&gt;&gt;</a>&nbsp;&nbsp;&nbsp;GUI_DEVICE_Create
<LI><a href="#[33]">&gt;&gt;</a>&nbsp;&nbsp;&nbsp;_Init
<LI><a href="#[32]">&gt;&gt;</a>&nbsp;&nbsp;&nbsp;_SetVis
<LI><a href="#[31]">&gt;&gt;</a>&nbsp;&nbsp;&nbsp;_SetAlpha
<LI><a href="#[30]">&gt;&gt;</a>&nbsp;&nbsp;&nbsp;_GetPos
<LI><a href="#[2f]">&gt;&gt;</a>&nbsp;&nbsp;&nbsp;_SetPos
<LI><a href="#[2e]">&gt;&gt;</a>&nbsp;&nbsp;&nbsp;_SetSize
<LI><a href="#[2d]">&gt;&gt;</a>&nbsp;&nbsp;&nbsp;_SetVSize
<LI><a href="#[2c]">&gt;&gt;</a>&nbsp;&nbsp;&nbsp;_SetVRAMAddr
<LI><a href="#[e4]">&gt;&gt;</a>&nbsp;&nbsp;&nbsp;GUI_DEVICE_CreateAndLink
</UL>

<P><STRONG><a name="[132]"></a>GUI_ALLOC_AllocNoInit</STRONG> (Thumb, 468 bytes, Stack size 0 bytes, GUI_Alloc.o(.text))
<BR><BR>[Calls]<UL><LI><a href="#[12e]">&gt;&gt;</a>&nbsp;&nbsp;&nbsp;_RemoveFreeMemory
<LI><a href="#[12f]">&gt;&gt;</a>&nbsp;&nbsp;&nbsp;_InitOnce
<LI><a href="#[12d]">&gt;&gt;</a>&nbsp;&nbsp;&nbsp;_AddFreeMemory
<LI><a href="#[135]">&gt;&gt;</a>&nbsp;&nbsp;&nbsp;GUI_Unlock
<LI><a href="#[133]">&gt;&gt;</a>&nbsp;&nbsp;&nbsp;GUI_Lock
<LI><a href="#[134]">&gt;&gt;</a>&nbsp;&nbsp;&nbsp;__aeabi_memmove (via Veneer)
</UL>
<BR>[Called By]<UL><LI><a href="#[4d]">&gt;&gt;</a>&nbsp;&nbsp;&nbsp;GUI_MEMDEV__WriteToActiveOpaque
<LI><a href="#[348]">&gt;&gt;</a>&nbsp;&nbsp;&nbsp;GUI_MEMDEV__CreateFixed
<LI><a href="#[319]">&gt;&gt;</a>&nbsp;&nbsp;&nbsp;GUI_ALLOC_AllocZero
</UL>

<P><STRONG><a name="[238]"></a>GUI_ALLOC_h2p</STRONG> (Thumb, 18 bytes, Stack size 0 bytes, GUI_Alloc.o(.text))
<BR><BR>[Called By]<UL><LI><a href="#[258]">&gt;&gt;</a>&nbsp;&nbsp;&nbsp;WM__SendMessage
<LI><a href="#[23e]">&gt;&gt;</a>&nbsp;&nbsp;&nbsp;WM__InitIVRSearch
<LI><a href="#[240]">&gt;&gt;</a>&nbsp;&nbsp;&nbsp;WM__GetNextIVR
<LI><a href="#[4d]">&gt;&gt;</a>&nbsp;&nbsp;&nbsp;GUI_MEMDEV__WriteToActiveOpaque
<LI><a href="#[86]">&gt;&gt;</a>&nbsp;&nbsp;&nbsp;_GetRect
<LI><a href="#[7f]">&gt;&gt;</a>&nbsp;&nbsp;&nbsp;_GetPixelIndex
<LI><a href="#[81]">&gt;&gt;</a>&nbsp;&nbsp;&nbsp;_XorPixel
<LI><a href="#[80]">&gt;&gt;</a>&nbsp;&nbsp;&nbsp;_SetPixelIndex
<LI><a href="#[7d]">&gt;&gt;</a>&nbsp;&nbsp;&nbsp;_DrawVLine
<LI><a href="#[7c]">&gt;&gt;</a>&nbsp;&nbsp;&nbsp;_DrawHLine
<LI><a href="#[7e]">&gt;&gt;</a>&nbsp;&nbsp;&nbsp;_FillRect
<LI><a href="#[7b]">&gt;&gt;</a>&nbsp;&nbsp;&nbsp;_DrawBitmap
<LI><a href="#[3ac]">&gt;&gt;</a>&nbsp;&nbsp;&nbsp;WM__IsAncestorOrSelf
<LI><a href="#[3ab]">&gt;&gt;</a>&nbsp;&nbsp;&nbsp;WM__GetFirstSibling
<LI><a href="#[3a9]">&gt;&gt;</a>&nbsp;&nbsp;&nbsp;WM_Screen2hWinEx
<LI><a href="#[3a8]">&gt;&gt;</a>&nbsp;&nbsp;&nbsp;_Screen2hWin
<LI><a href="#[3a3]">&gt;&gt;</a>&nbsp;&nbsp;&nbsp;GUI_TIMER_SetDelay
<LI><a href="#[3a2]">&gt;&gt;</a>&nbsp;&nbsp;&nbsp;GUI_TIMER_SetTime
<LI><a href="#[66]">&gt;&gt;</a>&nbsp;&nbsp;&nbsp;GUI_TIMER_Exec
<LI><a href="#[3a0]">&gt;&gt;</a>&nbsp;&nbsp;&nbsp;GUI_TIMER__GetPeriod
<LI><a href="#[3a1]">&gt;&gt;</a>&nbsp;&nbsp;&nbsp;_Link
<LI><a href="#[382]">&gt;&gt;</a>&nbsp;&nbsp;&nbsp;WM__IsEnabled
<LI><a href="#[37a]">&gt;&gt;</a>&nbsp;&nbsp;&nbsp;WM__IsAncestor
<LI><a href="#[381]">&gt;&gt;</a>&nbsp;&nbsp;&nbsp;WM_Screen2hWin
<LI><a href="#[37e]">&gt;&gt;</a>&nbsp;&nbsp;&nbsp;WM__SendTouchMessage
<LI><a href="#[372]">&gt;&gt;</a>&nbsp;&nbsp;&nbsp;GUI_TIMER__GetNextTimer
<LI><a href="#[376]">&gt;&gt;</a>&nbsp;&nbsp;&nbsp;GUI_TIMER_SetPeriod
<LI><a href="#[378]">&gt;&gt;</a>&nbsp;&nbsp;&nbsp;GUI_TIMER_Restart
<LI><a href="#[371]">&gt;&gt;</a>&nbsp;&nbsp;&nbsp;GUI_TIMER_Delete
<LI><a href="#[375]">&gt;&gt;</a>&nbsp;&nbsp;&nbsp;GUI_TIMER_Create
<LI><a href="#[377]">&gt;&gt;</a>&nbsp;&nbsp;&nbsp;WM_RestartTimer
<LI><a href="#[373]">&gt;&gt;</a>&nbsp;&nbsp;&nbsp;WM_CreateTimer
<LI><a href="#[370]">&gt;&gt;</a>&nbsp;&nbsp;&nbsp;WM_DeleteTimer
<LI><a href="#[65]">&gt;&gt;</a>&nbsp;&nbsp;&nbsp;_cbTimer
<LI><a href="#[36e]">&gt;&gt;</a>&nbsp;&nbsp;&nbsp;WM__GetPrevSibling
<LI><a href="#[36f]">&gt;&gt;</a>&nbsp;&nbsp;&nbsp;WM_GetParent
<LI><a href="#[359]">&gt;&gt;</a>&nbsp;&nbsp;&nbsp;GUI_MEMDEV_SetOrg
<LI><a href="#[358]">&gt;&gt;</a>&nbsp;&nbsp;&nbsp;GUI_MEMDEV_ReduceYSize
<LI><a href="#[357]">&gt;&gt;</a>&nbsp;&nbsp;&nbsp;GUI_MEMDEV_GetYSize
<LI><a href="#[35a]">&gt;&gt;</a>&nbsp;&nbsp;&nbsp;GUI_MEMDEV_Clear
<LI><a href="#[34a]">&gt;&gt;</a>&nbsp;&nbsp;&nbsp;GUI_USAGE_BM_Create
<LI><a href="#[352]">&gt;&gt;</a>&nbsp;&nbsp;&nbsp;GUI_MEMDEV_CopyToLCDAt
<LI><a href="#[34f]">&gt;&gt;</a>&nbsp;&nbsp;&nbsp;GUI_MEMDEV_Select
<LI><a href="#[34c]">&gt;&gt;</a>&nbsp;&nbsp;&nbsp;GUI_MEMDEV_Delete
<LI><a href="#[34b]">&gt;&gt;</a>&nbsp;&nbsp;&nbsp;GUI_MEMDEV_GetBitsPerPixel
<LI><a href="#[348]">&gt;&gt;</a>&nbsp;&nbsp;&nbsp;GUI_MEMDEV__CreateFixed
<LI><a href="#[347]">&gt;&gt;</a>&nbsp;&nbsp;&nbsp;GUI_MEMDEV__WriteToActiveAt
<LI><a href="#[312]">&gt;&gt;</a>&nbsp;&nbsp;&nbsp;WM__DeleteAssocTimer
<LI><a href="#[307]">&gt;&gt;</a>&nbsp;&nbsp;&nbsp;WM_GetFirstChild
<LI><a href="#[31a]">&gt;&gt;</a>&nbsp;&nbsp;&nbsp;WM_BringToBottom
<LI><a href="#[319]">&gt;&gt;</a>&nbsp;&nbsp;&nbsp;GUI_ALLOC_AllocZero
<LI><a href="#[32d]">&gt;&gt;</a>&nbsp;&nbsp;&nbsp;WM_DefaultProc
<LI><a href="#[327]">&gt;&gt;</a>&nbsp;&nbsp;&nbsp;WM_Exec1
<LI><a href="#[326]">&gt;&gt;</a>&nbsp;&nbsp;&nbsp;WM__DeleteSecure
<LI><a href="#[323]">&gt;&gt;</a>&nbsp;&nbsp;&nbsp;WM__Paint
<LI><a href="#[318]">&gt;&gt;</a>&nbsp;&nbsp;&nbsp;WM_CreateWindowAsChild
<LI><a href="#[317]">&gt;&gt;</a>&nbsp;&nbsp;&nbsp;WM_InvalidateWindow
<LI><a href="#[316]">&gt;&gt;</a>&nbsp;&nbsp;&nbsp;WM_InvalidateRect
<LI><a href="#[311]">&gt;&gt;</a>&nbsp;&nbsp;&nbsp;WM_DeleteWindow
<LI><a href="#[310]">&gt;&gt;</a>&nbsp;&nbsp;&nbsp;WM__IsWindow
<LI><a href="#[30e]">&gt;&gt;</a>&nbsp;&nbsp;&nbsp;WM__RemoveFromLinList
<LI><a href="#[30c]">&gt;&gt;</a>&nbsp;&nbsp;&nbsp;WM_SelectWindow
<LI><a href="#[30b]">&gt;&gt;</a>&nbsp;&nbsp;&nbsp;WM__SelectTopLevelLayer
<LI><a href="#[30a]">&gt;&gt;</a>&nbsp;&nbsp;&nbsp;WM__GetTopLevelLayer
<LI><a href="#[309]">&gt;&gt;</a>&nbsp;&nbsp;&nbsp;WM__DetachWindow
<LI><a href="#[308]">&gt;&gt;</a>&nbsp;&nbsp;&nbsp;WM__InvalidateRect
<LI><a href="#[305]">&gt;&gt;</a>&nbsp;&nbsp;&nbsp;WM_InvalidateWindowAndDescsEx
<LI><a href="#[304]">&gt;&gt;</a>&nbsp;&nbsp;&nbsp;WM__RemoveWindowFromList
<LI><a href="#[303]">&gt;&gt;</a>&nbsp;&nbsp;&nbsp;WM__InsertWindowIntoList
<LI><a href="#[301]">&gt;&gt;</a>&nbsp;&nbsp;&nbsp;WM__ActivateClipRect
<LI><a href="#[2ff]">&gt;&gt;</a>&nbsp;&nbsp;&nbsp;WM__ClipAtParentBorders
<LI><a href="#[333]">&gt;&gt;</a>&nbsp;&nbsp;&nbsp;_PaintTransChildren
<LI><a href="#[322]">&gt;&gt;</a>&nbsp;&nbsp;&nbsp;WM__PaintWinAndOverlays
<LI><a href="#[31f]">&gt;&gt;</a>&nbsp;&nbsp;&nbsp;_Findx1
<LI><a href="#[31e]">&gt;&gt;</a>&nbsp;&nbsp;&nbsp;_Findx0
<LI><a href="#[31c]">&gt;&gt;</a>&nbsp;&nbsp;&nbsp;_Findy1
<LI><a href="#[2fe]">&gt;&gt;</a>&nbsp;&nbsp;&nbsp;_Invalidate1Abs
<LI><a href="#[5d]">&gt;&gt;</a>&nbsp;&nbsp;&nbsp;cbBackWin
<LI><a href="#[5a]">&gt;&gt;</a>&nbsp;&nbsp;&nbsp;_cbPaintMemDev
<LI><a href="#[59]">&gt;&gt;</a>&nbsp;&nbsp;&nbsp;WM_HandlePID
<LI><a href="#[2e2]">&gt;&gt;</a>&nbsp;&nbsp;&nbsp;GUI_USAGE_DecUseCnt
<LI><a href="#[2e1]">&gt;&gt;</a>&nbsp;&nbsp;&nbsp;GUI_USAGE_Select
</UL>

<P><STRONG><a name="[2e3]"></a>GUI_ALLOC_LockH</STRONG> (Thumb, 24 bytes, Stack size 0 bytes, GUI_Alloc.o(.text))
<BR><BR>[Called By]<UL><LI><a href="#[4d]">&gt;&gt;</a>&nbsp;&nbsp;&nbsp;GUI_MEMDEV__WriteToActiveOpaque
<LI><a href="#[3ba]">&gt;&gt;</a>&nbsp;&nbsp;&nbsp;GUI_SPRITE_GetState
<LI><a href="#[3b9]">&gt;&gt;</a>&nbsp;&nbsp;&nbsp;GUI_SPRITE_SetBitmapAndPosition
<LI><a href="#[3b8]">&gt;&gt;</a>&nbsp;&nbsp;&nbsp;GUI_SPRITE_SetBitmap
<LI><a href="#[3b3]">&gt;&gt;</a>&nbsp;&nbsp;&nbsp;_DoColorConversion
<LI><a href="#[3b4]">&gt;&gt;</a>&nbsp;&nbsp;&nbsp;_SpriteDraw
<LI><a href="#[3b7]">&gt;&gt;</a>&nbsp;&nbsp;&nbsp;_Undraw
<LI><a href="#[a2]">&gt;&gt;</a>&nbsp;&nbsp;&nbsp;_XorPixel
<LI><a href="#[a1]">&gt;&gt;</a>&nbsp;&nbsp;&nbsp;_SetPixelIndex
<LI><a href="#[a0]">&gt;&gt;</a>&nbsp;&nbsp;&nbsp;_GetPixelIndex
<LI><a href="#[9f]">&gt;&gt;</a>&nbsp;&nbsp;&nbsp;_FillRect
<LI><a href="#[9e]">&gt;&gt;</a>&nbsp;&nbsp;&nbsp;_DrawVLine
<LI><a href="#[9d]">&gt;&gt;</a>&nbsp;&nbsp;&nbsp;_DrawHLine
<LI><a href="#[9c]">&gt;&gt;</a>&nbsp;&nbsp;&nbsp;_DrawBitmap
<LI><a href="#[38c]">&gt;&gt;</a>&nbsp;&nbsp;&nbsp;GUI_SPRITE__CreateEx
<LI><a href="#[38a]">&gt;&gt;</a>&nbsp;&nbsp;&nbsp;GUI_SPRITE_Show
<LI><a href="#[38e]">&gt;&gt;</a>&nbsp;&nbsp;&nbsp;GUI_SPRITE_SetPosition
<LI><a href="#[38f]">&gt;&gt;</a>&nbsp;&nbsp;&nbsp;GUI_SPRITE_Hide
<LI><a href="#[38b]">&gt;&gt;</a>&nbsp;&nbsp;&nbsp;GUI_SPRITE_Delete
</UL>

<P><STRONG><a name="[2e6]"></a>GUI_ALLOC_UnlockH</STRONG> (Thumb, 16 bytes, Stack size 0 bytes, GUI_Alloc.o(.text))
<BR><BR>[Called By]<UL><LI><a href="#[4d]">&gt;&gt;</a>&nbsp;&nbsp;&nbsp;GUI_MEMDEV__WriteToActiveOpaque
<LI><a href="#[3ba]">&gt;&gt;</a>&nbsp;&nbsp;&nbsp;GUI_SPRITE_GetState
<LI><a href="#[3b9]">&gt;&gt;</a>&nbsp;&nbsp;&nbsp;GUI_SPRITE_SetBitmapAndPosition
<LI><a href="#[3b8]">&gt;&gt;</a>&nbsp;&nbsp;&nbsp;GUI_SPRITE_SetBitmap
<LI><a href="#[3b3]">&gt;&gt;</a>&nbsp;&nbsp;&nbsp;_DoColorConversion
<LI><a href="#[3b4]">&gt;&gt;</a>&nbsp;&nbsp;&nbsp;_SpriteDraw
<LI><a href="#[3b7]">&gt;&gt;</a>&nbsp;&nbsp;&nbsp;_Undraw
<LI><a href="#[a2]">&gt;&gt;</a>&nbsp;&nbsp;&nbsp;_XorPixel
<LI><a href="#[a1]">&gt;&gt;</a>&nbsp;&nbsp;&nbsp;_SetPixelIndex
<LI><a href="#[a0]">&gt;&gt;</a>&nbsp;&nbsp;&nbsp;_GetPixelIndex
<LI><a href="#[9f]">&gt;&gt;</a>&nbsp;&nbsp;&nbsp;_FillRect
<LI><a href="#[9e]">&gt;&gt;</a>&nbsp;&nbsp;&nbsp;_DrawVLine
<LI><a href="#[9d]">&gt;&gt;</a>&nbsp;&nbsp;&nbsp;_DrawHLine
<LI><a href="#[9c]">&gt;&gt;</a>&nbsp;&nbsp;&nbsp;_DrawBitmap
<LI><a href="#[38c]">&gt;&gt;</a>&nbsp;&nbsp;&nbsp;GUI_SPRITE__CreateEx
<LI><a href="#[38a]">&gt;&gt;</a>&nbsp;&nbsp;&nbsp;GUI_SPRITE_Show
<LI><a href="#[38e]">&gt;&gt;</a>&nbsp;&nbsp;&nbsp;GUI_SPRITE_SetPosition
<LI><a href="#[38f]">&gt;&gt;</a>&nbsp;&nbsp;&nbsp;GUI_SPRITE_Hide
<LI><a href="#[38b]">&gt;&gt;</a>&nbsp;&nbsp;&nbsp;GUI_SPRITE_Delete
</UL>

<P><STRONG><a name="[136]"></a>GUI_ALLOC_GetNumFreeBytes</STRONG> (Thumb, 18 bytes, Stack size 0 bytes, GUI_Alloc.o(.text), UNUSED)
<BR><BR>[Calls]<UL><LI><a href="#[12f]">&gt;&gt;</a>&nbsp;&nbsp;&nbsp;_InitOnce
</UL>

<P><STRONG><a name="[137]"></a>GUI_ALLOC_GetNumFreeBlocks</STRONG> (Thumb, 16 bytes, Stack size 0 bytes, GUI_Alloc.o(.text), UNUSED)
<BR><BR>[Calls]<UL><LI><a href="#[12f]">&gt;&gt;</a>&nbsp;&nbsp;&nbsp;_InitOnce
</UL>

<P><STRONG><a name="[138]"></a>GUI_ALLOC_GetNumUsedBytes</STRONG> (Thumb, 20 bytes, Stack size 0 bytes, GUI_Alloc.o(.text), UNUSED)
<BR><BR>[Calls]<UL><LI><a href="#[12f]">&gt;&gt;</a>&nbsp;&nbsp;&nbsp;_InitOnce
</UL>

<P><STRONG><a name="[139]"></a>GUI_ALLOC_GetNumUsedBlocks</STRONG> (Thumb, 20 bytes, Stack size 0 bytes, GUI_Alloc.o(.text), UNUSED)
<BR><BR>[Calls]<UL><LI><a href="#[12f]">&gt;&gt;</a>&nbsp;&nbsp;&nbsp;_InitOnce
</UL>

<P><STRONG><a name="[13a]"></a>GUI_ALLOC_GetMaxSize</STRONG> (Thumb, 76 bytes, Stack size 0 bytes, GUI_Alloc.o(.text), UNUSED)
<BR><BR>[Calls]<UL><LI><a href="#[12f]">&gt;&gt;</a>&nbsp;&nbsp;&nbsp;_InitOnce
</UL>

<P><STRONG><a name="[13b]"></a>GUI_ALLOC_RequestSize</STRONG> (Thumb, 118 bytes, Stack size 0 bytes, GUI_Alloc.o(.text), UNUSED)
<BR><BR>[Calls]<UL><LI><a href="#[13d]">&gt;&gt;</a>&nbsp;&nbsp;&nbsp;__rt_udiv_100
<LI><a href="#[13c]">&gt;&gt;</a>&nbsp;&nbsp;&nbsp;__rt_sdiv_100
<LI><a href="#[12f]">&gt;&gt;</a>&nbsp;&nbsp;&nbsp;_InitOnce
<LI><a href="#[135]">&gt;&gt;</a>&nbsp;&nbsp;&nbsp;GUI_Unlock
<LI><a href="#[133]">&gt;&gt;</a>&nbsp;&nbsp;&nbsp;GUI_Lock
</UL>
<BR>[Called By]<UL><LI><a href="#[348]">&gt;&gt;</a>&nbsp;&nbsp;&nbsp;GUI_MEMDEV__CreateFixed
</UL>

<P><STRONG><a name="[39d]"></a>GUI_ALLOC_Lock</STRONG> (Thumb, 10 bytes, Stack size 0 bytes, GUI_Alloc.o(.text), UNUSED)
<BR><BR>[Called By]<UL><LI><a href="#[39b]">&gt;&gt;</a>&nbsp;&nbsp;&nbsp;GUI_Delay
</UL>

<P><STRONG><a name="[39e]"></a>GUI_ALLOC_Unlock</STRONG> (Thumb, 10 bytes, Stack size 0 bytes, GUI_Alloc.o(.text), UNUSED)
<BR><BR>[Called By]<UL><LI><a href="#[39b]">&gt;&gt;</a>&nbsp;&nbsp;&nbsp;GUI_Delay
</UL>

<P><STRONG><a name="[10b]"></a>GUI_ALLOC_AssignMemory</STRONG> (Thumb, 12 bytes, Stack size 0 bytes, GUI_Alloc.o(.text), UNUSED)
<BR><BR>[Called By]<UL><LI><a href="#[10a]">&gt;&gt;</a>&nbsp;&nbsp;&nbsp;GUI_X_Config
</UL>

<P><STRONG><a name="[10c]"></a>GUI_ALLOC_SetAvBlockSize</STRONG> (Thumb, 14 bytes, Stack size 0 bytes, GUI_Alloc.o(.text), UNUSED)
<BR><BR>[Called By]<UL><LI><a href="#[10a]">&gt;&gt;</a>&nbsp;&nbsp;&nbsp;GUI_X_Config
</UL>

<P><STRONG><a name="[13e]"></a>GUI_ALLOC_Free</STRONG> (Thumb, 66 bytes, Stack size 0 bytes, GUI_Alloc.o(.text))
<BR><BR>[Calls]<UL><LI><a href="#[12d]">&gt;&gt;</a>&nbsp;&nbsp;&nbsp;_AddFreeMemory
<LI><a href="#[135]">&gt;&gt;</a>&nbsp;&nbsp;&nbsp;GUI_Unlock
<LI><a href="#[133]">&gt;&gt;</a>&nbsp;&nbsp;&nbsp;GUI_Lock
</UL>
<BR>[Called By]<UL><LI><a href="#[4d]">&gt;&gt;</a>&nbsp;&nbsp;&nbsp;GUI_MEMDEV__WriteToActiveOpaque
<LI><a href="#[3b3]">&gt;&gt;</a>&nbsp;&nbsp;&nbsp;_DoColorConversion
<LI><a href="#[38b]">&gt;&gt;</a>&nbsp;&nbsp;&nbsp;GUI_SPRITE_Delete
<LI><a href="#[9a]">&gt;&gt;</a>&nbsp;&nbsp;&nbsp;_GUI_USAGE_BM_Delete
<LI><a href="#[371]">&gt;&gt;</a>&nbsp;&nbsp;&nbsp;GUI_TIMER_Delete
<LI><a href="#[373]">&gt;&gt;</a>&nbsp;&nbsp;&nbsp;WM_CreateTimer
<LI><a href="#[370]">&gt;&gt;</a>&nbsp;&nbsp;&nbsp;WM_DeleteTimer
<LI><a href="#[34c]">&gt;&gt;</a>&nbsp;&nbsp;&nbsp;GUI_MEMDEV_Delete
<LI><a href="#[348]">&gt;&gt;</a>&nbsp;&nbsp;&nbsp;GUI_MEMDEV__CreateFixed
<LI><a href="#[312]">&gt;&gt;</a>&nbsp;&nbsp;&nbsp;WM__DeleteAssocTimer
<LI><a href="#[311]">&gt;&gt;</a>&nbsp;&nbsp;&nbsp;WM_DeleteWindow
<LI><a href="#[2e2]">&gt;&gt;</a>&nbsp;&nbsp;&nbsp;GUI_USAGE_DecUseCnt
</UL>

<P><STRONG><a name="[13f]"></a>GUI_ALLOC_FreePtr</STRONG> (Thumb, 78 bytes, Stack size 0 bytes, GUI_Alloc.o(.text), UNUSED)
<BR><BR>[Calls]<UL><LI><a href="#[12d]">&gt;&gt;</a>&nbsp;&nbsp;&nbsp;_AddFreeMemory
<LI><a href="#[135]">&gt;&gt;</a>&nbsp;&nbsp;&nbsp;GUI_Unlock
<LI><a href="#[133]">&gt;&gt;</a>&nbsp;&nbsp;&nbsp;GUI_Lock
</UL>

<P><STRONG><a name="[140]"></a>GUI_ALLOC_FreePtrArray</STRONG> (Thumb, 124 bytes, Stack size 0 bytes, GUI_Alloc.o(.text), UNUSED)
<BR><BR>[Calls]<UL><LI><a href="#[12d]">&gt;&gt;</a>&nbsp;&nbsp;&nbsp;_AddFreeMemory
<LI><a href="#[135]">&gt;&gt;</a>&nbsp;&nbsp;&nbsp;GUI_Unlock
<LI><a href="#[133]">&gt;&gt;</a>&nbsp;&nbsp;&nbsp;GUI_Lock
</UL>

<P><STRONG><a name="[14c]"></a>GUI_DEVICE__GetpDriver</STRONG> (Thumb, 36 bytes, Stack size 0 bytes, GUI_Device.o(.text))
<BR><BR>[Called By]<UL><LI><a href="#[17b]">&gt;&gt;</a>&nbsp;&nbsp;&nbsp;LCD_GetPos
<LI><a href="#[17a]">&gt;&gt;</a>&nbsp;&nbsp;&nbsp;LCD_SetLUTEntry
<LI><a href="#[179]">&gt;&gt;</a>&nbsp;&nbsp;&nbsp;LCD_SetChroma
<LI><a href="#[178]">&gt;&gt;</a>&nbsp;&nbsp;&nbsp;LCD_SetChromaMode
<LI><a href="#[177]">&gt;&gt;</a>&nbsp;&nbsp;&nbsp;LCD_SetAlphaMode
<LI><a href="#[176]">&gt;&gt;</a>&nbsp;&nbsp;&nbsp;LCD_SetPos
<LI><a href="#[175]">&gt;&gt;</a>&nbsp;&nbsp;&nbsp;LCD_SetVis
<LI><a href="#[174]">&gt;&gt;</a>&nbsp;&nbsp;&nbsp;LCD_SetSize
<LI><a href="#[173]">&gt;&gt;</a>&nbsp;&nbsp;&nbsp;LCD_SetVSize
<LI><a href="#[172]">&gt;&gt;</a>&nbsp;&nbsp;&nbsp;LCD_SetVRAMAddr
<LI><a href="#[171]">&gt;&gt;</a>&nbsp;&nbsp;&nbsp;LCD_SetAlpha
<LI><a href="#[170]">&gt;&gt;</a>&nbsp;&nbsp;&nbsp;LCD_GetPosEx
<LI><a href="#[16f]">&gt;&gt;</a>&nbsp;&nbsp;&nbsp;LCD_SetLUTEntryEx
<LI><a href="#[16e]">&gt;&gt;</a>&nbsp;&nbsp;&nbsp;LCD_SetChromaEx
<LI><a href="#[16d]">&gt;&gt;</a>&nbsp;&nbsp;&nbsp;LCD_SetChromaModeEx
<LI><a href="#[16c]">&gt;&gt;</a>&nbsp;&nbsp;&nbsp;LCD_SetAlphaModeEx
<LI><a href="#[16b]">&gt;&gt;</a>&nbsp;&nbsp;&nbsp;LCD_SetPosEx
<LI><a href="#[16a]">&gt;&gt;</a>&nbsp;&nbsp;&nbsp;LCD_SetVisEx
<LI><a href="#[168]">&gt;&gt;</a>&nbsp;&nbsp;&nbsp;LCD_SetAlphaEx
<LI><a href="#[167]">&gt;&gt;</a>&nbsp;&nbsp;&nbsp;LCD_GetBitsPerPixelMax
<LI><a href="#[166]">&gt;&gt;</a>&nbsp;&nbsp;&nbsp;LCD_GetVYSizeMax
<LI><a href="#[165]">&gt;&gt;</a>&nbsp;&nbsp;&nbsp;LCD_GetVXSizeMax
<LI><a href="#[164]">&gt;&gt;</a>&nbsp;&nbsp;&nbsp;LCD_GetYSizeMax
<LI><a href="#[163]">&gt;&gt;</a>&nbsp;&nbsp;&nbsp;LCD_GetXSizeMax
<LI><a href="#[162]">&gt;&gt;</a>&nbsp;&nbsp;&nbsp;LCD_GetpfColor2IndexEx
<LI><a href="#[161]">&gt;&gt;</a>&nbsp;&nbsp;&nbsp;LCD_GetpfIndex2ColorEx
<LI><a href="#[160]">&gt;&gt;</a>&nbsp;&nbsp;&nbsp;LCD_GetPalette
<LI><a href="#[15f]">&gt;&gt;</a>&nbsp;&nbsp;&nbsp;LCD_GetPaletteEx
<LI><a href="#[15e]">&gt;&gt;</a>&nbsp;&nbsp;&nbsp;LCD_GetSwapXY
<LI><a href="#[15d]">&gt;&gt;</a>&nbsp;&nbsp;&nbsp;LCD_GetMirrorY
<LI><a href="#[15c]">&gt;&gt;</a>&nbsp;&nbsp;&nbsp;LCD_GetMirrorX
<LI><a href="#[15b]">&gt;&gt;</a>&nbsp;&nbsp;&nbsp;LCD_GetYMag
<LI><a href="#[15a]">&gt;&gt;</a>&nbsp;&nbsp;&nbsp;LCD_GetXMag
<LI><a href="#[159]">&gt;&gt;</a>&nbsp;&nbsp;&nbsp;LCD_GetNumColors
<LI><a href="#[158]">&gt;&gt;</a>&nbsp;&nbsp;&nbsp;LCD_GetBitsPerPixel
<LI><a href="#[157]">&gt;&gt;</a>&nbsp;&nbsp;&nbsp;LCD_GetVYSize
<LI><a href="#[156]">&gt;&gt;</a>&nbsp;&nbsp;&nbsp;LCD_GetVXSize
<LI><a href="#[155]">&gt;&gt;</a>&nbsp;&nbsp;&nbsp;LCD_GetYSize
<LI><a href="#[154]">&gt;&gt;</a>&nbsp;&nbsp;&nbsp;LCD_GetXSize
<LI><a href="#[153]">&gt;&gt;</a>&nbsp;&nbsp;&nbsp;LCD_GetYMagEx
<LI><a href="#[152]">&gt;&gt;</a>&nbsp;&nbsp;&nbsp;LCD_GetXMagEx
<LI><a href="#[151]">&gt;&gt;</a>&nbsp;&nbsp;&nbsp;LCD_GetNumColorsEx
<LI><a href="#[14f]">&gt;&gt;</a>&nbsp;&nbsp;&nbsp;LCD_GetVYSizeEx
<LI><a href="#[14e]">&gt;&gt;</a>&nbsp;&nbsp;&nbsp;LCD_GetVXSizeEx
<LI><a href="#[148]">&gt;&gt;</a>&nbsp;&nbsp;&nbsp;LCD_GetYSizeEx
<LI><a href="#[147]">&gt;&gt;</a>&nbsp;&nbsp;&nbsp;LCD_GetXSizeEx
<LI><a href="#[150]">&gt;&gt;</a>&nbsp;&nbsp;&nbsp;LCD_GetBitsPerPixelEx
<LI><a href="#[e6]">&gt;&gt;</a>&nbsp;&nbsp;&nbsp;LCD_SetVSizeEx
<LI><a href="#[e7]">&gt;&gt;</a>&nbsp;&nbsp;&nbsp;LCD_SetVRAMAddrEx
<LI><a href="#[e5]">&gt;&gt;</a>&nbsp;&nbsp;&nbsp;LCD_SetSizeEx
<LI><a href="#[da]">&gt;&gt;</a>&nbsp;&nbsp;&nbsp;LCD_GetSwapXYEx
<LI><a href="#[d9]">&gt;&gt;</a>&nbsp;&nbsp;&nbsp;LCD_GetMirrorYEx
<LI><a href="#[d8]">&gt;&gt;</a>&nbsp;&nbsp;&nbsp;LCD_GetMirrorXEx
<LI><a href="#[255]">&gt;&gt;</a>&nbsp;&nbsp;&nbsp;LCD_GetNumLayers
<LI><a href="#[254]">&gt;&gt;</a>&nbsp;&nbsp;&nbsp;LCD_InitLUT
<LI><a href="#[24b]">&gt;&gt;</a>&nbsp;&nbsp;&nbsp;WM_Init
<LI><a href="#[249]">&gt;&gt;</a>&nbsp;&nbsp;&nbsp;LCD_Init
<LI><a href="#[34e]">&gt;&gt;</a>&nbsp;&nbsp;&nbsp;GUI_MEMDEV_Create
<LI><a href="#[34d]">&gt;&gt;</a>&nbsp;&nbsp;&nbsp;GUI_MEMDEV_CreateEx
<LI><a href="#[2f1]">&gt;&gt;</a>&nbsp;&nbsp;&nbsp;GUI_AssignCursorLayer
</UL>

<P><STRONG><a name="[141]"></a>GUI_DEVICE_Delete</STRONG> (Thumb, 12 bytes, Stack size 0 bytes, GUI_Device.o(.text), UNUSED)
<BR><BR>[Calls]<UL><LI><a href="#[142]">&gt;&gt;</a>&nbsp;&nbsp;&nbsp;GUI_ALLOC_FreeFixedBlock
</UL>
<BR>[Called By]<UL><LI><a href="#[38c]">&gt;&gt;</a>&nbsp;&nbsp;&nbsp;GUI_SPRITE__CreateEx
<LI><a href="#[34c]">&gt;&gt;</a>&nbsp;&nbsp;&nbsp;GUI_MEMDEV_Delete
<LI><a href="#[348]">&gt;&gt;</a>&nbsp;&nbsp;&nbsp;GUI_MEMDEV__CreateFixed
</UL>

<P><STRONG><a name="[143]"></a>GUI_DEVICE_Create</STRONG> (Thumb, 90 bytes, Stack size 0 bytes, GUI_Device.o(.text), UNUSED)
<BR><BR>[Calls]<UL><LI><a href="#[12c]">&gt;&gt;</a>&nbsp;&nbsp;&nbsp;GUI_ALLOC_GetFixedBlock
</UL>
<BR>[Called By]<UL><LI><a href="#[38c]">&gt;&gt;</a>&nbsp;&nbsp;&nbsp;GUI_SPRITE__CreateEx
<LI><a href="#[348]">&gt;&gt;</a>&nbsp;&nbsp;&nbsp;GUI_MEMDEV__CreateFixed
</UL>

<P><STRONG><a name="[3a4]"></a>GUI_DEVICE_Unlink</STRONG> (Thumb, 46 bytes, Stack size 0 bytes, GUI_Device.o(.text), UNUSED)
<BR><BR>[Called By]<UL><LI><a href="#[38f]">&gt;&gt;</a>&nbsp;&nbsp;&nbsp;GUI_SPRITE_Hide
<LI><a href="#[38b]">&gt;&gt;</a>&nbsp;&nbsp;&nbsp;GUI_SPRITE_Delete
<LI><a href="#[361]">&gt;&gt;</a>&nbsp;&nbsp;&nbsp;LCD_SelectLCD
</UL>

<P><STRONG><a name="[350]"></a>GUI_DEVICE_Link</STRONG> (Thumb, 138 bytes, Stack size 0 bytes, GUI_Device.o(.text), UNUSED)
<BR><BR>[Called By]<UL><LI><a href="#[38c]">&gt;&gt;</a>&nbsp;&nbsp;&nbsp;GUI_SPRITE__CreateEx
<LI><a href="#[38a]">&gt;&gt;</a>&nbsp;&nbsp;&nbsp;GUI_SPRITE_Show
<LI><a href="#[352]">&gt;&gt;</a>&nbsp;&nbsp;&nbsp;GUI_MEMDEV_CopyToLCDAt
<LI><a href="#[34f]">&gt;&gt;</a>&nbsp;&nbsp;&nbsp;GUI_MEMDEV_Select
</UL>

<P><STRONG><a name="[e4]"></a>GUI_DEVICE_CreateAndLink</STRONG> (Thumb, 224 bytes, Stack size 0 bytes, GUI_Device.o(.text), UNUSED)
<BR><BR>[Calls]<UL><LI><a href="#[12c]">&gt;&gt;</a>&nbsp;&nbsp;&nbsp;GUI_ALLOC_GetFixedBlock
</UL>
<BR>[Called By]<UL><LI><a href="#[e3]">&gt;&gt;</a>&nbsp;&nbsp;&nbsp;LCD_X_Config
</UL>

<P><STRONG><a name="[32f]"></a>GUI_StoreKey</STRONG> (Thumb, 12 bytes, Stack size 0 bytes, GUI_OnKey.o(.text))
<BR><BR>[Called By]<UL><LI><a href="#[5d]">&gt;&gt;</a>&nbsp;&nbsp;&nbsp;cbBackWin
</UL>

<P><STRONG><a name="[125]"></a>GUI_StoreKeyMsg</STRONG> (Thumb, 38 bytes, Stack size 0 bytes, GUI_OnKey.o(.text))
<BR><BR>[Called By]<UL><LI><a href="#[2a]">&gt;&gt;</a>&nbsp;&nbsp;&nbsp;_OnRx
</UL>

<P><STRONG><a name="[144]"></a>GUI_PollKeyMsg</STRONG> (Thumb, 54 bytes, Stack size 0 bytes, GUI_OnKey.o(.text), UNUSED)
<BR><BR>[Calls]<UL><LI><a href="#[145]">&gt;&gt;</a>&nbsp;&nbsp;&nbsp;WM_OnKey
<LI><a href="#[135]">&gt;&gt;</a>&nbsp;&nbsp;&nbsp;GUI_Unlock
<LI><a href="#[133]">&gt;&gt;</a>&nbsp;&nbsp;&nbsp;GUI_Lock
</UL>
<BR>[Called By]<UL><LI><a href="#[327]">&gt;&gt;</a>&nbsp;&nbsp;&nbsp;WM_Exec1
</UL>

<P><STRONG><a name="[146]"></a>GUI_SendKeyMsg</STRONG> (Thumb, 56 bytes, Stack size 0 bytes, GUI_OnKey.o(.text), UNUSED)
<BR><BR>[Calls]<UL><LI><a href="#[145]">&gt;&gt;</a>&nbsp;&nbsp;&nbsp;WM_OnKey
</UL>

<P><STRONG><a name="[db]"></a>GUI_TOUCH_SetOrientation</STRONG> (Thumb, 6 bytes, Stack size 0 bytes, GUI_TOUCH_DriverAnalog.o(.text))
<BR><BR>[Called By]<UL><LI><a href="#[d7]">&gt;&gt;</a>&nbsp;&nbsp;&nbsp;_InitLCDController
</UL>

<P><STRONG><a name="[dc]"></a>GUI_TOUCH_Calibrate</STRONG> (Thumb, 160 bytes, Stack size 0 bytes, GUI_TOUCH_DriverAnalog.o(.text))
<BR><BR>[Calls]<UL><LI><a href="#[148]">&gt;&gt;</a>&nbsp;&nbsp;&nbsp;LCD_GetYSizeEx
<LI><a href="#[147]">&gt;&gt;</a>&nbsp;&nbsp;&nbsp;LCD_GetXSizeEx
<LI><a href="#[10f]">&gt;&gt;</a>&nbsp;&nbsp;&nbsp;__aeabi_idivmod (via Veneer)
</UL>
<BR>[Called By]<UL><LI><a href="#[d7]">&gt;&gt;</a>&nbsp;&nbsp;&nbsp;_InitLCDController
</UL>

<P><STRONG><a name="[cd]"></a>GUI_TOUCH_Exec</STRONG> (Thumb, 374 bytes, Stack size 0 bytes, GUI_TOUCH_DriverAnalog.o(.text))
<BR><BR>[Calls]<UL><LI><a href="#[14b]">&gt;&gt;</a>&nbsp;&nbsp;&nbsp;GUI_TOUCH_StoreUnstable
<LI><a href="#[148]">&gt;&gt;</a>&nbsp;&nbsp;&nbsp;LCD_GetYSizeEx
<LI><a href="#[147]">&gt;&gt;</a>&nbsp;&nbsp;&nbsp;LCD_GetXSizeEx
<LI><a href="#[109]">&gt;&gt;</a>&nbsp;&nbsp;&nbsp;GUI_TOUCH_X_MeasureY
<LI><a href="#[108]">&gt;&gt;</a>&nbsp;&nbsp;&nbsp;GUI_TOUCH_X_MeasureX
<LI><a href="#[149]">&gt;&gt;</a>&nbsp;&nbsp;&nbsp;GUI_TOUCH_X_ActivateY
<LI><a href="#[14a]">&gt;&gt;</a>&nbsp;&nbsp;&nbsp;GUI_TOUCH_X_ActivateX
<LI><a href="#[10f]">&gt;&gt;</a>&nbsp;&nbsp;&nbsp;__aeabi_idivmod (via Veneer)
</UL>
<BR>[Called By]<UL><LI><a href="#[27]">&gt;&gt;</a>&nbsp;&nbsp;&nbsp;_ExecTouch
</UL>

<P><STRONG><a name="[147]"></a>LCD_GetXSizeEx</STRONG> (Thumb, 36 bytes, Stack size 0 bytes, LCD_GetEx.o(.text))
<BR><BR>[Calls]<UL><LI><a href="#[14c]">&gt;&gt;</a>&nbsp;&nbsp;&nbsp;GUI_DEVICE__GetpDriver
<LI><a href="#[14d]">&gt;&gt;</a>&nbsp;&nbsp;&nbsp;__ARM_call_via_r2
</UL>
<BR>[Called By]<UL><LI><a href="#[cd]">&gt;&gt;</a>&nbsp;&nbsp;&nbsp;GUI_TOUCH_Exec
<LI><a href="#[dc]">&gt;&gt;</a>&nbsp;&nbsp;&nbsp;GUI_TOUCH_Calibrate
</UL>

<P><STRONG><a name="[148]"></a>LCD_GetYSizeEx</STRONG> (Thumb, 36 bytes, Stack size 0 bytes, LCD_GetEx.o(.text))
<BR><BR>[Calls]<UL><LI><a href="#[14c]">&gt;&gt;</a>&nbsp;&nbsp;&nbsp;GUI_DEVICE__GetpDriver
<LI><a href="#[14d]">&gt;&gt;</a>&nbsp;&nbsp;&nbsp;__ARM_call_via_r2
</UL>
<BR>[Called By]<UL><LI><a href="#[cd]">&gt;&gt;</a>&nbsp;&nbsp;&nbsp;GUI_TOUCH_Exec
<LI><a href="#[dc]">&gt;&gt;</a>&nbsp;&nbsp;&nbsp;GUI_TOUCH_Calibrate
</UL>

<P><STRONG><a name="[14e]"></a>LCD_GetVXSizeEx</STRONG> (Thumb, 36 bytes, Stack size 0 bytes, LCD_GetEx.o(.text), UNUSED)
<BR><BR>[Calls]<UL><LI><a href="#[14c]">&gt;&gt;</a>&nbsp;&nbsp;&nbsp;GUI_DEVICE__GetpDriver
<LI><a href="#[14d]">&gt;&gt;</a>&nbsp;&nbsp;&nbsp;__ARM_call_via_r2
</UL>
<BR>[Called By]<UL><LI><a href="#[325]">&gt;&gt;</a>&nbsp;&nbsp;&nbsp;GUI_MEMDEV_Draw
</UL>

<P><STRONG><a name="[14f]"></a>LCD_GetVYSizeEx</STRONG> (Thumb, 36 bytes, Stack size 0 bytes, LCD_GetEx.o(.text), UNUSED)
<BR><BR>[Calls]<UL><LI><a href="#[14c]">&gt;&gt;</a>&nbsp;&nbsp;&nbsp;GUI_DEVICE__GetpDriver
<LI><a href="#[14d]">&gt;&gt;</a>&nbsp;&nbsp;&nbsp;__ARM_call_via_r2
</UL>
<BR>[Called By]<UL><LI><a href="#[325]">&gt;&gt;</a>&nbsp;&nbsp;&nbsp;GUI_MEMDEV_Draw
</UL>

<P><STRONG><a name="[150]"></a>LCD_GetBitsPerPixelEx</STRONG> (Thumb, 36 bytes, Stack size 0 bytes, LCD_GetEx.o(.text), UNUSED)
<BR><BR>[Calls]<UL><LI><a href="#[14c]">&gt;&gt;</a>&nbsp;&nbsp;&nbsp;GUI_DEVICE__GetpDriver
<LI><a href="#[14d]">&gt;&gt;</a>&nbsp;&nbsp;&nbsp;__ARM_call_via_r2
</UL>
<BR>[Called By]<UL><LI><a href="#[254]">&gt;&gt;</a>&nbsp;&nbsp;&nbsp;LCD_InitLUT
</UL>

<P><STRONG><a name="[151]"></a>LCD_GetNumColorsEx</STRONG> (Thumb, 36 bytes, Stack size 0 bytes, LCD_GetEx.o(.text), UNUSED)
<BR><BR>[Calls]<UL><LI><a href="#[14c]">&gt;&gt;</a>&nbsp;&nbsp;&nbsp;GUI_DEVICE__GetpDriver
<LI><a href="#[14d]">&gt;&gt;</a>&nbsp;&nbsp;&nbsp;__ARM_call_via_r2
</UL>
<BR>[Called By]<UL><LI><a href="#[254]">&gt;&gt;</a>&nbsp;&nbsp;&nbsp;LCD_InitLUT
</UL>

<P><STRONG><a name="[152]"></a>LCD_GetXMagEx</STRONG> (Thumb, 36 bytes, Stack size 0 bytes, LCD_GetEx.o(.text), UNUSED)
<BR><BR>[Calls]<UL><LI><a href="#[14c]">&gt;&gt;</a>&nbsp;&nbsp;&nbsp;GUI_DEVICE__GetpDriver
<LI><a href="#[14d]">&gt;&gt;</a>&nbsp;&nbsp;&nbsp;__ARM_call_via_r2
</UL>

<P><STRONG><a name="[153]"></a>LCD_GetYMagEx</STRONG> (Thumb, 36 bytes, Stack size 0 bytes, LCD_GetEx.o(.text), UNUSED)
<BR><BR>[Calls]<UL><LI><a href="#[14c]">&gt;&gt;</a>&nbsp;&nbsp;&nbsp;GUI_DEVICE__GetpDriver
<LI><a href="#[14d]">&gt;&gt;</a>&nbsp;&nbsp;&nbsp;__ARM_call_via_r2
</UL>

<P><STRONG><a name="[d8]"></a>LCD_GetMirrorXEx</STRONG> (Thumb, 36 bytes, Stack size 0 bytes, LCD_GetEx.o(.text))
<BR><BR>[Calls]<UL><LI><a href="#[14c]">&gt;&gt;</a>&nbsp;&nbsp;&nbsp;GUI_DEVICE__GetpDriver
<LI><a href="#[14d]">&gt;&gt;</a>&nbsp;&nbsp;&nbsp;__ARM_call_via_r2
</UL>
<BR>[Called By]<UL><LI><a href="#[d7]">&gt;&gt;</a>&nbsp;&nbsp;&nbsp;_InitLCDController
</UL>

<P><STRONG><a name="[d9]"></a>LCD_GetMirrorYEx</STRONG> (Thumb, 36 bytes, Stack size 0 bytes, LCD_GetEx.o(.text))
<BR><BR>[Calls]<UL><LI><a href="#[14c]">&gt;&gt;</a>&nbsp;&nbsp;&nbsp;GUI_DEVICE__GetpDriver
<LI><a href="#[14d]">&gt;&gt;</a>&nbsp;&nbsp;&nbsp;__ARM_call_via_r2
</UL>
<BR>[Called By]<UL><LI><a href="#[d7]">&gt;&gt;</a>&nbsp;&nbsp;&nbsp;_InitLCDController
</UL>

<P><STRONG><a name="[da]"></a>LCD_GetSwapXYEx</STRONG> (Thumb, 36 bytes, Stack size 0 bytes, LCD_GetEx.o(.text))
<BR><BR>[Calls]<UL><LI><a href="#[14c]">&gt;&gt;</a>&nbsp;&nbsp;&nbsp;GUI_DEVICE__GetpDriver
<LI><a href="#[14d]">&gt;&gt;</a>&nbsp;&nbsp;&nbsp;__ARM_call_via_r2
</UL>
<BR>[Called By]<UL><LI><a href="#[d7]">&gt;&gt;</a>&nbsp;&nbsp;&nbsp;_InitLCDController
</UL>

<P><STRONG><a name="[154]"></a>LCD_GetXSize</STRONG> (Thumb, 40 bytes, Stack size 0 bytes, LCD_GetEx.o(.text), UNUSED)
<BR><BR>[Calls]<UL><LI><a href="#[14c]">&gt;&gt;</a>&nbsp;&nbsp;&nbsp;GUI_DEVICE__GetpDriver
<LI><a href="#[14d]">&gt;&gt;</a>&nbsp;&nbsp;&nbsp;__ARM_call_via_r2
</UL>

<P><STRONG><a name="[155]"></a>LCD_GetYSize</STRONG> (Thumb, 40 bytes, Stack size 0 bytes, LCD_GetEx.o(.text), UNUSED)
<BR><BR>[Calls]<UL><LI><a href="#[14c]">&gt;&gt;</a>&nbsp;&nbsp;&nbsp;GUI_DEVICE__GetpDriver
<LI><a href="#[14d]">&gt;&gt;</a>&nbsp;&nbsp;&nbsp;__ARM_call_via_r2
</UL>

<P><STRONG><a name="[156]"></a>LCD_GetVXSize</STRONG> (Thumb, 40 bytes, Stack size 0 bytes, LCD_GetEx.o(.text), UNUSED)
<BR><BR>[Calls]<UL><LI><a href="#[14c]">&gt;&gt;</a>&nbsp;&nbsp;&nbsp;GUI_DEVICE__GetpDriver
<LI><a href="#[14d]">&gt;&gt;</a>&nbsp;&nbsp;&nbsp;__ARM_call_via_r2
</UL>

<P><STRONG><a name="[157]"></a>LCD_GetVYSize</STRONG> (Thumb, 40 bytes, Stack size 0 bytes, LCD_GetEx.o(.text), UNUSED)
<BR><BR>[Calls]<UL><LI><a href="#[14c]">&gt;&gt;</a>&nbsp;&nbsp;&nbsp;GUI_DEVICE__GetpDriver
<LI><a href="#[14d]">&gt;&gt;</a>&nbsp;&nbsp;&nbsp;__ARM_call_via_r2
</UL>

<P><STRONG><a name="[158]"></a>LCD_GetBitsPerPixel</STRONG> (Thumb, 40 bytes, Stack size 0 bytes, LCD_GetEx.o(.text))
<BR><BR>[Calls]<UL><LI><a href="#[14c]">&gt;&gt;</a>&nbsp;&nbsp;&nbsp;GUI_DEVICE__GetpDriver
<LI><a href="#[14d]">&gt;&gt;</a>&nbsp;&nbsp;&nbsp;__ARM_call_via_r2
</UL>
<BR>[Called By]<UL><LI><a href="#[4d]">&gt;&gt;</a>&nbsp;&nbsp;&nbsp;GUI_MEMDEV__WriteToActiveOpaque
</UL>

<P><STRONG><a name="[159]"></a>LCD_GetNumColors</STRONG> (Thumb, 40 bytes, Stack size 0 bytes, LCD_GetEx.o(.text))
<BR><BR>[Calls]<UL><LI><a href="#[14c]">&gt;&gt;</a>&nbsp;&nbsp;&nbsp;GUI_DEVICE__GetpDriver
<LI><a href="#[14d]">&gt;&gt;</a>&nbsp;&nbsp;&nbsp;__ARM_call_via_r2
</UL>
<BR>[Called By]<UL><LI><a href="#[8f]">&gt;&gt;</a>&nbsp;&nbsp;&nbsp;_GetIndexMask_0
<LI><a href="#[8e]">&gt;&gt;</a>&nbsp;&nbsp;&nbsp;_Index2Color_0
<LI><a href="#[8d]">&gt;&gt;</a>&nbsp;&nbsp;&nbsp;_Color2Index_0
</UL>

<P><STRONG><a name="[15a]"></a>LCD_GetXMag</STRONG> (Thumb, 40 bytes, Stack size 0 bytes, LCD_GetEx.o(.text), UNUSED)
<BR><BR>[Calls]<UL><LI><a href="#[14c]">&gt;&gt;</a>&nbsp;&nbsp;&nbsp;GUI_DEVICE__GetpDriver
<LI><a href="#[14d]">&gt;&gt;</a>&nbsp;&nbsp;&nbsp;__ARM_call_via_r2
</UL>

<P><STRONG><a name="[15b]"></a>LCD_GetYMag</STRONG> (Thumb, 40 bytes, Stack size 0 bytes, LCD_GetEx.o(.text), UNUSED)
<BR><BR>[Calls]<UL><LI><a href="#[14c]">&gt;&gt;</a>&nbsp;&nbsp;&nbsp;GUI_DEVICE__GetpDriver
<LI><a href="#[14d]">&gt;&gt;</a>&nbsp;&nbsp;&nbsp;__ARM_call_via_r2
</UL>

<P><STRONG><a name="[15c]"></a>LCD_GetMirrorX</STRONG> (Thumb, 40 bytes, Stack size 0 bytes, LCD_GetEx.o(.text), UNUSED)
<BR><BR>[Calls]<UL><LI><a href="#[14c]">&gt;&gt;</a>&nbsp;&nbsp;&nbsp;GUI_DEVICE__GetpDriver
<LI><a href="#[14d]">&gt;&gt;</a>&nbsp;&nbsp;&nbsp;__ARM_call_via_r2
</UL>

<P><STRONG><a name="[15d]"></a>LCD_GetMirrorY</STRONG> (Thumb, 40 bytes, Stack size 0 bytes, LCD_GetEx.o(.text), UNUSED)
<BR><BR>[Calls]<UL><LI><a href="#[14c]">&gt;&gt;</a>&nbsp;&nbsp;&nbsp;GUI_DEVICE__GetpDriver
<LI><a href="#[14d]">&gt;&gt;</a>&nbsp;&nbsp;&nbsp;__ARM_call_via_r2
</UL>

<P><STRONG><a name="[15e]"></a>LCD_GetSwapXY</STRONG> (Thumb, 40 bytes, Stack size 0 bytes, LCD_GetEx.o(.text), UNUSED)
<BR><BR>[Calls]<UL><LI><a href="#[14c]">&gt;&gt;</a>&nbsp;&nbsp;&nbsp;GUI_DEVICE__GetpDriver
<LI><a href="#[14d]">&gt;&gt;</a>&nbsp;&nbsp;&nbsp;__ARM_call_via_r2
</UL>

<P><STRONG><a name="[15f]"></a>LCD_GetPaletteEx</STRONG> (Thumb, 26 bytes, Stack size 0 bytes, LCD_GetEx.o(.text), UNUSED)
<BR><BR>[Calls]<UL><LI><a href="#[14c]">&gt;&gt;</a>&nbsp;&nbsp;&nbsp;GUI_DEVICE__GetpDriver
<LI><a href="#[14d]">&gt;&gt;</a>&nbsp;&nbsp;&nbsp;__ARM_call_via_r2
</UL>

<P><STRONG><a name="[160]"></a>LCD_GetPalette</STRONG> (Thumb, 30 bytes, Stack size 0 bytes, LCD_GetEx.o(.text))
<BR><BR>[Calls]<UL><LI><a href="#[14c]">&gt;&gt;</a>&nbsp;&nbsp;&nbsp;GUI_DEVICE__GetpDriver
<LI><a href="#[14d]">&gt;&gt;</a>&nbsp;&nbsp;&nbsp;__ARM_call_via_r2
</UL>
<BR>[Called By]<UL><LI><a href="#[8e]">&gt;&gt;</a>&nbsp;&nbsp;&nbsp;_Index2Color_0
<LI><a href="#[8d]">&gt;&gt;</a>&nbsp;&nbsp;&nbsp;_Color2Index_0
</UL>

<P><STRONG><a name="[161]"></a>LCD_GetpfIndex2ColorEx</STRONG> (Thumb, 20 bytes, Stack size 0 bytes, LCD_GetEx.o(.text), UNUSED)
<BR><BR>[Calls]<UL><LI><a href="#[14c]">&gt;&gt;</a>&nbsp;&nbsp;&nbsp;GUI_DEVICE__GetpDriver
</UL>

<P><STRONG><a name="[2e5]"></a>GUI_GetpfIndex2ColorEx</STRONG> (Thumb, 14 bytes, Stack size 0 bytes, LCD_GetEx.o(.text))
<BR><BR>[Called By]<UL><LI><a href="#[4d]">&gt;&gt;</a>&nbsp;&nbsp;&nbsp;GUI_MEMDEV__WriteToActiveOpaque
</UL>

<P><STRONG><a name="[162]"></a>LCD_GetpfColor2IndexEx</STRONG> (Thumb, 20 bytes, Stack size 0 bytes, LCD_GetEx.o(.text), UNUSED)
<BR><BR>[Calls]<UL><LI><a href="#[14c]">&gt;&gt;</a>&nbsp;&nbsp;&nbsp;GUI_DEVICE__GetpDriver
</UL>

<P><STRONG><a name="[2e7]"></a>GUI_GetpfColor2IndexEx</STRONG> (Thumb, 14 bytes, Stack size 0 bytes, LCD_GetEx.o(.text))
<BR><BR>[Called By]<UL><LI><a href="#[4d]">&gt;&gt;</a>&nbsp;&nbsp;&nbsp;GUI_MEMDEV__WriteToActiveOpaque
</UL>

<P><STRONG><a name="[163]"></a>LCD_GetXSizeMax</STRONG> (Thumb, 52 bytes, Stack size 0 bytes, LCD_GetEx.o(.text), UNUSED)
<BR><BR>[Calls]<UL><LI><a href="#[14c]">&gt;&gt;</a>&nbsp;&nbsp;&nbsp;GUI_DEVICE__GetpDriver
<LI><a href="#[14d]">&gt;&gt;</a>&nbsp;&nbsp;&nbsp;__ARM_call_via_r2
</UL>

<P><STRONG><a name="[164]"></a>LCD_GetYSizeMax</STRONG> (Thumb, 52 bytes, Stack size 0 bytes, LCD_GetEx.o(.text), UNUSED)
<BR><BR>[Calls]<UL><LI><a href="#[14c]">&gt;&gt;</a>&nbsp;&nbsp;&nbsp;GUI_DEVICE__GetpDriver
<LI><a href="#[14d]">&gt;&gt;</a>&nbsp;&nbsp;&nbsp;__ARM_call_via_r2
</UL>

<P><STRONG><a name="[165]"></a>LCD_GetVXSizeMax</STRONG> (Thumb, 52 bytes, Stack size 0 bytes, LCD_GetEx.o(.text), UNUSED)
<BR><BR>[Calls]<UL><LI><a href="#[14c]">&gt;&gt;</a>&nbsp;&nbsp;&nbsp;GUI_DEVICE__GetpDriver
<LI><a href="#[14d]">&gt;&gt;</a>&nbsp;&nbsp;&nbsp;__ARM_call_via_r2
</UL>

<P><STRONG><a name="[166]"></a>LCD_GetVYSizeMax</STRONG> (Thumb, 52 bytes, Stack size 0 bytes, LCD_GetEx.o(.text), UNUSED)
<BR><BR>[Calls]<UL><LI><a href="#[14c]">&gt;&gt;</a>&nbsp;&nbsp;&nbsp;GUI_DEVICE__GetpDriver
<LI><a href="#[14d]">&gt;&gt;</a>&nbsp;&nbsp;&nbsp;__ARM_call_via_r2
</UL>

<P><STRONG><a name="[167]"></a>LCD_GetBitsPerPixelMax</STRONG> (Thumb, 52 bytes, Stack size 0 bytes, LCD_GetEx.o(.text), UNUSED)
<BR><BR>[Calls]<UL><LI><a href="#[14c]">&gt;&gt;</a>&nbsp;&nbsp;&nbsp;GUI_DEVICE__GetpDriver
<LI><a href="#[14d]">&gt;&gt;</a>&nbsp;&nbsp;&nbsp;__ARM_call_via_r2
</UL>

<P><STRONG><a name="[349]"></a>LCD__GetBPPDevice</STRONG> (Thumb, 152 bytes, Stack size 0 bytes, LCD_GetEx.o(.text), UNUSED)
<BR><BR>[Called By]<UL><LI><a href="#[34b]">&gt;&gt;</a>&nbsp;&nbsp;&nbsp;GUI_MEMDEV_GetBitsPerPixel
<LI><a href="#[348]">&gt;&gt;</a>&nbsp;&nbsp;&nbsp;GUI_MEMDEV__CreateFixed
</UL>

<P><STRONG><a name="[168]"></a>LCD_SetAlphaEx</STRONG> (Thumb, 48 bytes, Stack size 0 bytes, LCD_Set.o(.text), UNUSED)
<BR><BR>[Calls]<UL><LI><a href="#[14c]">&gt;&gt;</a>&nbsp;&nbsp;&nbsp;GUI_DEVICE__GetpDriver
<LI><a href="#[14d]">&gt;&gt;</a>&nbsp;&nbsp;&nbsp;__ARM_call_via_r2
</UL>
<BR>[Called By]<UL><LI><a href="#[2f5]">&gt;&gt;</a>&nbsp;&nbsp;&nbsp;GUI_SetLayerAlphaEx
</UL>

<P><STRONG><a name="[e7]"></a>LCD_SetVRAMAddrEx</STRONG> (Thumb, 48 bytes, Stack size 0 bytes, LCD_Set.o(.text), UNUSED)
<BR><BR>[Calls]<UL><LI><a href="#[14c]">&gt;&gt;</a>&nbsp;&nbsp;&nbsp;GUI_DEVICE__GetpDriver
<LI><a href="#[14d]">&gt;&gt;</a>&nbsp;&nbsp;&nbsp;__ARM_call_via_r2
</UL>
<BR>[Called By]<UL><LI><a href="#[e3]">&gt;&gt;</a>&nbsp;&nbsp;&nbsp;LCD_X_Config
</UL>

<P><STRONG><a name="[e6]"></a>LCD_SetVSizeEx</STRONG> (Thumb, 52 bytes, Stack size 0 bytes, LCD_Set.o(.text), UNUSED)
<BR><BR>[Calls]<UL><LI><a href="#[14c]">&gt;&gt;</a>&nbsp;&nbsp;&nbsp;GUI_DEVICE__GetpDriver
<LI><a href="#[169]">&gt;&gt;</a>&nbsp;&nbsp;&nbsp;__ARM_call_via_r3
<LI><a href="#[14d]">&gt;&gt;</a>&nbsp;&nbsp;&nbsp;__ARM_call_via_r2
</UL>
<BR>[Called By]<UL><LI><a href="#[e3]">&gt;&gt;</a>&nbsp;&nbsp;&nbsp;LCD_X_Config
</UL>

<P><STRONG><a name="[e5]"></a>LCD_SetSizeEx</STRONG> (Thumb, 52 bytes, Stack size 0 bytes, LCD_Set.o(.text), UNUSED)
<BR><BR>[Calls]<UL><LI><a href="#[14c]">&gt;&gt;</a>&nbsp;&nbsp;&nbsp;GUI_DEVICE__GetpDriver
<LI><a href="#[169]">&gt;&gt;</a>&nbsp;&nbsp;&nbsp;__ARM_call_via_r3
<LI><a href="#[14d]">&gt;&gt;</a>&nbsp;&nbsp;&nbsp;__ARM_call_via_r2
</UL>
<BR>[Called By]<UL><LI><a href="#[e3]">&gt;&gt;</a>&nbsp;&nbsp;&nbsp;LCD_X_Config
<LI><a href="#[2f3]">&gt;&gt;</a>&nbsp;&nbsp;&nbsp;GUI_SetLayerSizeEx
</UL>

<P><STRONG><a name="[16a]"></a>LCD_SetVisEx</STRONG> (Thumb, 48 bytes, Stack size 0 bytes, LCD_Set.o(.text), UNUSED)
<BR><BR>[Calls]<UL><LI><a href="#[14c]">&gt;&gt;</a>&nbsp;&nbsp;&nbsp;GUI_DEVICE__GetpDriver
<LI><a href="#[14d]">&gt;&gt;</a>&nbsp;&nbsp;&nbsp;__ARM_call_via_r2
</UL>
<BR>[Called By]<UL><LI><a href="#[2f4]">&gt;&gt;</a>&nbsp;&nbsp;&nbsp;GUI_SetLayerVisEx
</UL>

<P><STRONG><a name="[16b]"></a>LCD_SetPosEx</STRONG> (Thumb, 52 bytes, Stack size 0 bytes, LCD_Set.o(.text))
<BR><BR>[Calls]<UL><LI><a href="#[14c]">&gt;&gt;</a>&nbsp;&nbsp;&nbsp;GUI_DEVICE__GetpDriver
<LI><a href="#[169]">&gt;&gt;</a>&nbsp;&nbsp;&nbsp;__ARM_call_via_r3
<LI><a href="#[14d]">&gt;&gt;</a>&nbsp;&nbsp;&nbsp;__ARM_call_via_r2
</UL>
<BR>[Called By]<UL><LI><a href="#[2f2]">&gt;&gt;</a>&nbsp;&nbsp;&nbsp;GUI_SetLayerPosEx
</UL>

<P><STRONG><a name="[16c]"></a>LCD_SetAlphaModeEx</STRONG> (Thumb, 48 bytes, Stack size 0 bytes, LCD_Set.o(.text), UNUSED)
<BR><BR>[Calls]<UL><LI><a href="#[14c]">&gt;&gt;</a>&nbsp;&nbsp;&nbsp;GUI_DEVICE__GetpDriver
<LI><a href="#[14d]">&gt;&gt;</a>&nbsp;&nbsp;&nbsp;__ARM_call_via_r2
</UL>

<P><STRONG><a name="[16d]"></a>LCD_SetChromaModeEx</STRONG> (Thumb, 48 bytes, Stack size 0 bytes, LCD_Set.o(.text), UNUSED)
<BR><BR>[Calls]<UL><LI><a href="#[14c]">&gt;&gt;</a>&nbsp;&nbsp;&nbsp;GUI_DEVICE__GetpDriver
<LI><a href="#[14d]">&gt;&gt;</a>&nbsp;&nbsp;&nbsp;__ARM_call_via_r2
</UL>

<P><STRONG><a name="[16e]"></a>LCD_SetChromaEx</STRONG> (Thumb, 52 bytes, Stack size 0 bytes, LCD_Set.o(.text), UNUSED)
<BR><BR>[Calls]<UL><LI><a href="#[14c]">&gt;&gt;</a>&nbsp;&nbsp;&nbsp;GUI_DEVICE__GetpDriver
<LI><a href="#[169]">&gt;&gt;</a>&nbsp;&nbsp;&nbsp;__ARM_call_via_r3
<LI><a href="#[14d]">&gt;&gt;</a>&nbsp;&nbsp;&nbsp;__ARM_call_via_r2
</UL>

<P><STRONG><a name="[16f]"></a>LCD_SetLUTEntryEx</STRONG> (Thumb, 52 bytes, Stack size 0 bytes, LCD_Set.o(.text), UNUSED)
<BR><BR>[Calls]<UL><LI><a href="#[14c]">&gt;&gt;</a>&nbsp;&nbsp;&nbsp;GUI_DEVICE__GetpDriver
<LI><a href="#[169]">&gt;&gt;</a>&nbsp;&nbsp;&nbsp;__ARM_call_via_r3
<LI><a href="#[14d]">&gt;&gt;</a>&nbsp;&nbsp;&nbsp;__ARM_call_via_r2
</UL>
<BR>[Called By]<UL><LI><a href="#[254]">&gt;&gt;</a>&nbsp;&nbsp;&nbsp;LCD_InitLUT
<LI><a href="#[2e0]">&gt;&gt;</a>&nbsp;&nbsp;&nbsp;LCD_SetLUT
<LI><a href="#[2df]">&gt;&gt;</a>&nbsp;&nbsp;&nbsp;LCD_SetLUTEx
</UL>

<P><STRONG><a name="[170]"></a>LCD_GetPosEx</STRONG> (Thumb, 52 bytes, Stack size 0 bytes, LCD_Set.o(.text))
<BR><BR>[Calls]<UL><LI><a href="#[14c]">&gt;&gt;</a>&nbsp;&nbsp;&nbsp;GUI_DEVICE__GetpDriver
<LI><a href="#[169]">&gt;&gt;</a>&nbsp;&nbsp;&nbsp;__ARM_call_via_r3
<LI><a href="#[14d]">&gt;&gt;</a>&nbsp;&nbsp;&nbsp;__ARM_call_via_r2
</UL>
<BR>[Called By]<UL><LI><a href="#[2f6]">&gt;&gt;</a>&nbsp;&nbsp;&nbsp;GUI_GetLayerPosEx
</UL>

<P><STRONG><a name="[171]"></a>LCD_SetAlpha</STRONG> (Thumb, 52 bytes, Stack size 0 bytes, LCD_Set.o(.text), UNUSED)
[...]
<LI><a href="#[61]">&gt;&gt;</a>&nbsp;&nbsp;&nbsp;_ProcessHubNotification
<LI><a href="#[267]">&gt;&gt;</a>&nbsp;&nbsp;&nbsp;USBH_HC_ServicePorts
<LI><a href="#[271]">&gt;&gt;</a>&nbsp;&nbsp;&nbsp;USBH_MarkParentAndChildDevicesAsRemoved
</UL>
<BR>[Address Reference Count : 1]<UL><LI> USBH_Hub.o(.text)
</UL>
<P><STRONG><a name="[5f]"></a>_HubStatusRequestCompletion</STRONG> (Thumb, 182 bytes, Stack size 0 bytes, USBH_Hub.o(.text))
<BR><BR>[Calls]<UL><LI><a href="#[1ad]">&gt;&gt;</a>&nbsp;&nbsp;&nbsp;USBH_DeleteDevice
<LI><a href="#[1b0]">&gt;&gt;</a>&nbsp;&nbsp;&nbsp;USBH_BD_SubmitClearFeatureEndpointStall
<LI><a href="#[61]">&gt;&gt;</a>&nbsp;&nbsp;&nbsp;_ProcessHubNotification
<LI><a href="#[267]">&gt;&gt;</a>&nbsp;&nbsp;&nbsp;USBH_HC_ServicePorts
<LI><a href="#[271]">&gt;&gt;</a>&nbsp;&nbsp;&nbsp;USBH_MarkParentAndChildDevicesAsRemoved
</UL>
<BR>[Address Reference Count : 1]<UL><LI> USBH_Hub.o(.text)
</UL>
<P><STRONG><a name="[33d]"></a>_HubPortResetDisablePort</STRONG> (Thumb, 124 bytes, Stack size 0 bytes, USBH_Hub.o(.text))
<BR><BR>[Calls]<UL><LI><a href="#[33e]">&gt;&gt;</a>&nbsp;&nbsp;&nbsp;_HubPortResetError
<LI><a href="#[264]">&gt;&gt;</a>&nbsp;&nbsp;&nbsp;USBH_URB_SubStateSubmitRequest
<LI><a href="#[1b1]">&gt;&gt;</a>&nbsp;&nbsp;&nbsp;__aeabi_memclr4 (via Veneer)
</UL>
<BR>[Called By]<UL><LI><a href="#[62]">&gt;&gt;</a>&nbsp;&nbsp;&nbsp;_HubProcessPortResetSetAddress
</UL>

<P><STRONG><a name="[60]"></a>_ProcessEnumHub</STRONG> (Thumb, 1140 bytes, Stack size 0 bytes, USBH_Hub.o(.text))
<BR><BR>[Calls]<UL><LI><a href="#[1b3]">&gt;&gt;</a>&nbsp;&nbsp;&nbsp;USBH_Malloc
<LI><a href="#[1ad]">&gt;&gt;</a>&nbsp;&nbsp;&nbsp;USBH_DeleteDevice
<LI><a href="#[1a0]">&gt;&gt;</a>&nbsp;&nbsp;&nbsp;__ARM_common_call_via_r1
<LI><a href="#[1bb]">&gt;&gt;</a>&nbsp;&nbsp;&nbsp;USBH_DLIST_InsertTail
<LI><a href="#[1d8]">&gt;&gt;</a>&nbsp;&nbsp;&nbsp;USBH_DLIST_GetNext
<LI><a href="#[1d7]">&gt;&gt;</a>&nbsp;&nbsp;&nbsp;USBH_DLIST_IsEmpty
<LI><a href="#[1c1]">&gt;&gt;</a>&nbsp;&nbsp;&nbsp;USBH_LoadU16LE
<LI><a href="#[1c0]">&gt;&gt;</a>&nbsp;&nbsp;&nbsp;USBH_LoadU32LE
<LI><a href="#[2d8]">&gt;&gt;</a>&nbsp;&nbsp;&nbsp;USBH_URB_SubStateWait
<LI><a href="#[29e]">&gt;&gt;</a>&nbsp;&nbsp;&nbsp;USBH_BD_EpSubmitUrb
<LI><a href="#[2a1]">&gt;&gt;</a>&nbsp;&nbsp;&nbsp;USBH_BD_SearchUsbEndpointInInterface
<LI><a href="#[264]">&gt;&gt;</a>&nbsp;&nbsp;&nbsp;USBH_URB_SubStateSubmitRequest
<LI><a href="#[269]">&gt;&gt;</a>&nbsp;&nbsp;&nbsp;USBH_URB_BufferAllocateTransferBuffer
<LI><a href="#[27b]">&gt;&gt;</a>&nbsp;&nbsp;&nbsp;USBH_SearchUsbInterface
<LI><a href="#[268]">&gt;&gt;</a>&nbsp;&nbsp;&nbsp;USBH_CheckCtrlTransferBuffer
<LI><a href="#[335]">&gt;&gt;</a>&nbsp;&nbsp;&nbsp;USBH_GetUshortFromDesc
<LI><a href="#[266]">&gt;&gt;</a>&nbsp;&nbsp;&nbsp;USBH_EnumParentPortRestart
<LI><a href="#[260]">&gt;&gt;</a>&nbsp;&nbsp;&nbsp;USBH_ProcessEnumPortError
<LI><a href="#[334]">&gt;&gt;</a>&nbsp;&nbsp;&nbsp;USBH_GetUcharFromDesc
<LI><a href="#[1b1]">&gt;&gt;</a>&nbsp;&nbsp;&nbsp;__aeabi_memclr4 (via Veneer)
</UL>
<BR>[Called By]<UL><LI><a href="#[26b]">&gt;&gt;</a>&nbsp;&nbsp;&nbsp;USBH_BD_StartHub
</UL>
<BR>[Address Reference Count : 1]<UL><LI> USBH_Hub.o(.text)
</UL>
<P><STRONG><a name="[62]"></a>_HubProcessPortResetSetAddress</STRONG> (Thumb, 748 bytes, Stack size 0 bytes, USBH_Hub.o(.text))
<BR><BR>[Calls]<UL><LI><a href="#[1ad]">&gt;&gt;</a>&nbsp;&nbsp;&nbsp;USBH_DeleteDevice
<LI><a href="#[33e]">&gt;&gt;</a>&nbsp;&nbsp;&nbsp;_HubPortResetError
<LI><a href="#[33f]">&gt;&gt;</a>&nbsp;&nbsp;&nbsp;_HubPortResetSetIdleServicePorts
<LI><a href="#[33d]">&gt;&gt;</a>&nbsp;&nbsp;&nbsp;_HubPortResetDisablePort
<LI><a href="#[33a]">&gt;&gt;</a>&nbsp;&nbsp;&nbsp;UbdSetEnumErrorNotificationHubPortReset
<LI><a href="#[2d8]">&gt;&gt;</a>&nbsp;&nbsp;&nbsp;USBH_URB_SubStateWait
<LI><a href="#[2d9]">&gt;&gt;</a>&nbsp;&nbsp;&nbsp;USBH_BD_GetUsbAddress
<LI><a href="#[264]">&gt;&gt;</a>&nbsp;&nbsp;&nbsp;USBH_URB_SubStateSubmitRequest
<LI><a href="#[275]">&gt;&gt;</a>&nbsp;&nbsp;&nbsp;USBH_StartEnumeration
<LI><a href="#[26c]">&gt;&gt;</a>&nbsp;&nbsp;&nbsp;USBH_CreateNewUsbDevice
<LI><a href="#[1b1]">&gt;&gt;</a>&nbsp;&nbsp;&nbsp;__aeabi_memclr4 (via Veneer)
</UL>
<BR>[Called By]<UL><LI><a href="#[296]">&gt;&gt;</a>&nbsp;&nbsp;&nbsp;USBH_BD_ServiceAllHubs
</UL>
<BR>[Address Reference Count : 1]<UL><LI> USBH_Hub.o(.text)
</UL>
<P><STRONG><a name="[33f]"></a>_HubPortResetSetIdleServicePorts</STRONG> (Thumb, 66 bytes, Stack size 0 bytes, USBH_Hub.o(.text))
<BR><BR>[Calls]<UL><LI><a href="#[1ad]">&gt;&gt;</a>&nbsp;&nbsp;&nbsp;USBH_DeleteDevice
<LI><a href="#[267]">&gt;&gt;</a>&nbsp;&nbsp;&nbsp;USBH_HC_ServicePorts
</UL>
<BR>[Called By]<UL><LI><a href="#[33e]">&gt;&gt;</a>&nbsp;&nbsp;&nbsp;_HubPortResetError
<LI><a href="#[62]">&gt;&gt;</a>&nbsp;&nbsp;&nbsp;_HubProcessPortResetSetAddress
</UL>

<P><STRONG><a name="[33e]"></a>_HubPortResetError</STRONG> (Thumb, 66 bytes, Stack size 0 bytes, USBH_Hub.o(.text))
<BR><BR>[Calls]<UL><LI><a href="#[1ad]">&gt;&gt;</a>&nbsp;&nbsp;&nbsp;USBH_DeleteDevice
<LI><a href="#[33f]">&gt;&gt;</a>&nbsp;&nbsp;&nbsp;_HubPortResetSetIdleServicePorts
<LI><a href="#[33a]">&gt;&gt;</a>&nbsp;&nbsp;&nbsp;UbdSetEnumErrorNotificationHubPortReset
</UL>
<BR>[Called By]<UL><LI><a href="#[62]">&gt;&gt;</a>&nbsp;&nbsp;&nbsp;_HubProcessPortResetSetAddress
<LI><a href="#[33d]">&gt;&gt;</a>&nbsp;&nbsp;&nbsp;_HubPortResetDisablePort
</UL>

<P><STRONG><a name="[63]"></a>_SubStateTimerRoutine</STRONG> (Thumb, 126 bytes, Stack size 0 bytes, USBH_URB.o(.text))
<BR><BR>[Calls]<UL><LI><a href="#[1ad]">&gt;&gt;</a>&nbsp;&nbsp;&nbsp;USBH_DeleteDevice
<LI><a href="#[1a0]">&gt;&gt;</a>&nbsp;&nbsp;&nbsp;__ARM_common_call_via_r1
</UL>
<BR>[Address Reference Count : 1]<UL><LI> USBH_URB.o(.text)
</UL>
<P><STRONG><a name="[64]"></a>_OnSubStateCompletion</STRONG> (Thumb, 86 bytes, Stack size 0 bytes, USBH_URB.o(.text))
<BR><BR>[Calls]<UL><LI><a href="#[1ad]">&gt;&gt;</a>&nbsp;&nbsp;&nbsp;USBH_DeleteDevice
<LI><a href="#[1a0]">&gt;&gt;</a>&nbsp;&nbsp;&nbsp;__ARM_common_call_via_r1
<LI><a href="#[197]">&gt;&gt;</a>&nbsp;&nbsp;&nbsp;USBH_CancelTimer
</UL>
<BR>[Address Reference Count : 1]<UL><LI> USBH_URB.o(.text)
</UL>
<P><STRONG><a name="[65]"></a>_cbTimer</STRONG> (Thumb, 56 bytes, Stack size 0 bytes, WM_Timer.o(.text))
<BR><BR>[Calls]<UL><LI><a href="#[238]">&gt;&gt;</a>&nbsp;&nbsp;&nbsp;GUI_ALLOC_h2p
<LI><a href="#[315]">&gt;&gt;</a>&nbsp;&nbsp;&nbsp;WM_SendMessage
</UL>
<BR>[Address Reference Count : 1]<UL><LI> WM_Timer.o(.text)
</UL>
<P><STRONG><a name="[97]"></a>GUI_USAGE_BM_AddPixel</STRONG> (Thumb, 46 bytes, Stack size 0 bytes, GUIDEV_UsageBM.o(.text))
<BR>[Address Reference Count : 1]<UL><LI> GUIDEV_UsageBM.o(.constdata)
</UL>
<P><STRONG><a name="[98]"></a>GUI_USAGE_BM_AddHLine</STRONG> (Thumb, 114 bytes, Stack size 0 bytes, GUIDEV_UsageBM.o(.text))
<BR><BR>[Calls]<UL><LI><a href="#[386]">&gt;&gt;</a>&nbsp;&nbsp;&nbsp;__aeabi_memset (via Veneer)
</UL>
<BR>[Address Reference Count : 1]<UL><LI> GUIDEV_UsageBM.o(.constdata)
</UL>
<P><STRONG><a name="[99]"></a>GUI_USAGE_BM_Clear</STRONG> (Thumb, 22 bytes, Stack size 0 bytes, GUIDEV_UsageBM.o(.text))
<BR><BR>[Calls]<UL><LI><a href="#[1b1]">&gt;&gt;</a>&nbsp;&nbsp;&nbsp;__aeabi_memclr4 (via Veneer)
</UL>
<BR>[Address Reference Count : 1]<UL><LI> GUIDEV_UsageBM.o(.constdata)
</UL>
<P><STRONG><a name="[9b]"></a>GUI_USAGE_BM_GetNextDirty</STRONG> (Thumb, 170 bytes, Stack size 0 bytes, GUIDEV_UsageBM.o(.text))
<BR>[Address Reference Count : 1]<UL><LI> GUIDEV_UsageBM.o(.constdata)
</UL>
<P><STRONG><a name="[9a]"></a>_GUI_USAGE_BM_Delete</STRONG> (Thumb, 12 bytes, Stack size 0 bytes, GUIDEV_UsageBM.o(.text))
<BR><BR>[Calls]<UL><LI><a href="#[13e]">&gt;&gt;</a>&nbsp;&nbsp;&nbsp;GUI_ALLOC_Free
</UL>
<BR>[Address Reference Count : 1]<UL><LI> GUIDEV_UsageBM.o(.constdata)
</UL>
<P><STRONG><a name="[3a1]"></a>_Link</STRONG> (Thumb, 96 bytes, Stack size 0 bytes, GUI_Timer.o(.text), UNUSED)
<BR><BR>[Calls]<UL><LI><a href="#[238]">&gt;&gt;</a>&nbsp;&nbsp;&nbsp;GUI_ALLOC_h2p
</UL>
<BR>[Called By]<UL><LI><a href="#[3a3]">&gt;&gt;</a>&nbsp;&nbsp;&nbsp;GUI_TIMER_SetDelay
<LI><a href="#[378]">&gt;&gt;</a>&nbsp;&nbsp;&nbsp;GUI_TIMER_Restart
<LI><a href="#[375]">&gt;&gt;</a>&nbsp;&nbsp;&nbsp;GUI_TIMER_Create
</UL>

<P><STRONG><a name="[3a8]"></a>_Screen2hWin</STRONG> (Thumb, 122 bytes, Stack size 0 bytes, WM_Screen2Win.o(.text))
<BR><BR>[Calls]<UL><LI><a href="#[238]">&gt;&gt;</a>&nbsp;&nbsp;&nbsp;GUI_ALLOC_h2p
<LI><a href="#[3a8]">&gt;&gt;</a>&nbsp;&nbsp;&nbsp;_Screen2hWin
</UL>
<BR>[Called By]<UL><LI><a href="#[3a9]">&gt;&gt;</a>&nbsp;&nbsp;&nbsp;WM_Screen2hWinEx
<LI><a href="#[3a8]">&gt;&gt;</a>&nbsp;&nbsp;&nbsp;_Screen2hWin
<LI><a href="#[381]">&gt;&gt;</a>&nbsp;&nbsp;&nbsp;WM_Screen2hWin
</UL>

<P><STRONG><a name="[3af]"></a>_GetClipRect</STRONG> (Thumb, 258 bytes, Stack size 0 bytes, GUI_SPRITE.o(.text))
<BR><BR>[Called By]<UL><LI><a href="#[9f]">&gt;&gt;</a>&nbsp;&nbsp;&nbsp;_FillRect
<LI><a href="#[9e]">&gt;&gt;</a>&nbsp;&nbsp;&nbsp;_DrawVLine
<LI><a href="#[9d]">&gt;&gt;</a>&nbsp;&nbsp;&nbsp;_DrawHLine
<LI><a href="#[9c]">&gt;&gt;</a>&nbsp;&nbsp;&nbsp;_DrawBitmap
</UL>

<P><STRONG><a name="[3b0]"></a>_GetClipParam</STRONG> (Thumb, 338 bytes, Stack size 0 bytes, GUI_SPRITE.o(.text))
<BR><BR>[Called By]<UL><LI><a href="#[9c]">&gt;&gt;</a>&nbsp;&nbsp;&nbsp;_DrawBitmap
</UL>

<P><STRONG><a name="[9c]"></a>_DrawBitmap</STRONG> (Thumb, 718 bytes, Stack size 0 bytes, GUI_SPRITE.o(.text))
<BR><BR>[Calls]<UL><LI><a href="#[2e6]">&gt;&gt;</a>&nbsp;&nbsp;&nbsp;GUI_ALLOC_UnlockH
<LI><a href="#[2e3]">&gt;&gt;</a>&nbsp;&nbsp;&nbsp;GUI_ALLOC_LockH
<LI><a href="#[3b1]">&gt;&gt;</a>&nbsp;&nbsp;&nbsp;GUI_GetBitmapPixelIndexEx
<LI><a href="#[3b2]">&gt;&gt;</a>&nbsp;&nbsp;&nbsp;GUI_GetBitmapPixelIndex
<LI><a href="#[3b0]">&gt;&gt;</a>&nbsp;&nbsp;&nbsp;_GetClipParam
<LI><a href="#[3af]">&gt;&gt;</a>&nbsp;&nbsp;&nbsp;_GetClipRect
<LI><a href="#[300]">&gt;&gt;</a>&nbsp;&nbsp;&nbsp;GUI__IntersectRect
<LI><a href="#[31d]">&gt;&gt;</a>&nbsp;&nbsp;&nbsp;GUI_RectsIntersect
<LI><a href="#[2f9]">&gt;&gt;</a>&nbsp;&nbsp;&nbsp;__ARM_call_via_r4
<LI><a href="#[12b]">&gt;&gt;</a>&nbsp;&nbsp;&nbsp;__ARM_call_via_r0
</UL>
<BR>[Address Reference Count : 1]<UL><LI> GUI_SPRITE.o(.constdata)
</UL>
<P><STRONG><a name="[9d]"></a>_DrawHLine</STRONG> (Thumb, 310 bytes, Stack size 0 bytes, GUI_SPRITE.o(.text))
<BR><BR>[Calls]<UL><LI><a href="#[2e6]">&gt;&gt;</a>&nbsp;&nbsp;&nbsp;GUI_ALLOC_UnlockH
<LI><a href="#[2e3]">&gt;&gt;</a>&nbsp;&nbsp;&nbsp;GUI_ALLOC_LockH
<LI><a href="#[3b2]">&gt;&gt;</a>&nbsp;&nbsp;&nbsp;GUI_GetBitmapPixelIndex
<LI><a href="#[3af]">&gt;&gt;</a>&nbsp;&nbsp;&nbsp;_GetClipRect
<LI><a href="#[300]">&gt;&gt;</a>&nbsp;&nbsp;&nbsp;GUI__IntersectRect
<LI><a href="#[31d]">&gt;&gt;</a>&nbsp;&nbsp;&nbsp;GUI_RectsIntersect
<LI><a href="#[23a]">&gt;&gt;</a>&nbsp;&nbsp;&nbsp;__ARM_call_via_r7
<LI><a href="#[190]">&gt;&gt;</a>&nbsp;&nbsp;&nbsp;__ARM_call_via_r5
<LI><a href="#[2f9]">&gt;&gt;</a>&nbsp;&nbsp;&nbsp;__ARM_call_via_r4
</UL>
<BR>[Address Reference Count : 1]<UL><LI> GUI_SPRITE.o(.constdata)
</UL>
<P><STRONG><a name="[9e]"></a>_DrawVLine</STRONG> (Thumb, 306 bytes, Stack size 0 bytes, GUI_SPRITE.o(.text))
<BR><BR>[Calls]<UL><LI><a href="#[2e6]">&gt;&gt;</a>&nbsp;&nbsp;&nbsp;GUI_ALLOC_UnlockH
<LI><a href="#[2e3]">&gt;&gt;</a>&nbsp;&nbsp;&nbsp;GUI_ALLOC_LockH
<LI><a href="#[3b2]">&gt;&gt;</a>&nbsp;&nbsp;&nbsp;GUI_GetBitmapPixelIndex
<LI><a href="#[3af]">&gt;&gt;</a>&nbsp;&nbsp;&nbsp;_GetClipRect
<LI><a href="#[300]">&gt;&gt;</a>&nbsp;&nbsp;&nbsp;GUI__IntersectRect
<LI><a href="#[31d]">&gt;&gt;</a>&nbsp;&nbsp;&nbsp;GUI_RectsIntersect
<LI><a href="#[23a]">&gt;&gt;</a>&nbsp;&nbsp;&nbsp;__ARM_call_via_r7
<LI><a href="#[190]">&gt;&gt;</a>&nbsp;&nbsp;&nbsp;__ARM_call_via_r5
<LI><a href="#[2f9]">&gt;&gt;</a>&nbsp;&nbsp;&nbsp;__ARM_call_via_r4
</UL>
<BR>[Address Reference Count : 1]<UL><LI> GUI_SPRITE.o(.constdata)
</UL>
<P><STRONG><a name="[9f]"></a>_FillRect</STRONG> (Thumb, 366 bytes, Stack size 0 bytes, GUI_SPRITE.o(.text))
<BR><BR>[Calls]<UL><LI><a href="#[2e6]">&gt;&gt;</a>&nbsp;&nbsp;&nbsp;GUI_ALLOC_UnlockH
<LI><a href="#[2e3]">&gt;&gt;</a>&nbsp;&nbsp;&nbsp;GUI_ALLOC_LockH
<LI><a href="#[3b2]">&gt;&gt;</a>&nbsp;&nbsp;&nbsp;GUI_GetBitmapPixelIndex
<LI><a href="#[3af]">&gt;&gt;</a>&nbsp;&nbsp;&nbsp;_GetClipRect
<LI><a href="#[300]">&gt;&gt;</a>&nbsp;&nbsp;&nbsp;GUI__IntersectRect
<LI><a href="#[31d]">&gt;&gt;</a>&nbsp;&nbsp;&nbsp;GUI_RectsIntersect
<LI><a href="#[23a]">&gt;&gt;</a>&nbsp;&nbsp;&nbsp;__ARM_call_via_r7
<LI><a href="#[190]">&gt;&gt;</a>&nbsp;&nbsp;&nbsp;__ARM_call_via_r5
<LI><a href="#[2f9]">&gt;&gt;</a>&nbsp;&nbsp;&nbsp;__ARM_call_via_r4
</UL>
<BR>[Address Reference Count : 1]<UL><LI> GUI_SPRITE.o(.constdata)
</UL>
<P><STRONG><a name="[a0]"></a>_GetPixelIndex</STRONG> (Thumb, 136 bytes, Stack size 0 bytes, GUI_SPRITE.o(.text))
<BR><BR>[Calls]<UL><LI><a href="#[2e6]">&gt;&gt;</a>&nbsp;&nbsp;&nbsp;GUI_ALLOC_UnlockH
<LI><a href="#[2e3]">&gt;&gt;</a>&nbsp;&nbsp;&nbsp;GUI_ALLOC_LockH
<LI><a href="#[3b2]">&gt;&gt;</a>&nbsp;&nbsp;&nbsp;GUI_GetBitmapPixelIndex
<LI><a href="#[169]">&gt;&gt;</a>&nbsp;&nbsp;&nbsp;__ARM_call_via_r3
</UL>
<BR>[Address Reference Count : 1]<UL><LI> GUI_SPRITE.o(.constdata)
</UL>
<P><STRONG><a name="[a1]"></a>_SetPixelIndex</STRONG> (Thumb, 146 bytes, Stack size 0 bytes, GUI_SPRITE.o(.text))
<BR><BR>[Calls]<UL><LI><a href="#[2e6]">&gt;&gt;</a>&nbsp;&nbsp;&nbsp;GUI_ALLOC_UnlockH
<LI><a href="#[2e3]">&gt;&gt;</a>&nbsp;&nbsp;&nbsp;GUI_ALLOC_LockH
<LI><a href="#[3b2]">&gt;&gt;</a>&nbsp;&nbsp;&nbsp;GUI_GetBitmapPixelIndex
<LI><a href="#[2f9]">&gt;&gt;</a>&nbsp;&nbsp;&nbsp;__ARM_call_via_r4
</UL>
<BR>[Address Reference Count : 1]<UL><LI> GUI_SPRITE.o(.constdata)
</UL>
<P><STRONG><a name="[a2]"></a>_XorPixel</STRONG> (Thumb, 144 bytes, Stack size 0 bytes, GUI_SPRITE.o(.text))
<BR><BR>[Calls]<UL><LI><a href="#[2e6]">&gt;&gt;</a>&nbsp;&nbsp;&nbsp;GUI_ALLOC_UnlockH
<LI><a href="#[2e3]">&gt;&gt;</a>&nbsp;&nbsp;&nbsp;GUI_ALLOC_LockH
<LI><a href="#[3b2]">&gt;&gt;</a>&nbsp;&nbsp;&nbsp;GUI_GetBitmapPixelIndex
<LI><a href="#[169]">&gt;&gt;</a>&nbsp;&nbsp;&nbsp;__ARM_call_via_r3
<LI><a href="#[12b]">&gt;&gt;</a>&nbsp;&nbsp;&nbsp;__ARM_call_via_r0
</UL>
<BR>[Address Reference Count : 1]<UL><LI> GUI_SPRITE.o(.constdata)
</UL>
<P><STRONG><a name="[a6]"></a>_GetDevData</STRONG> (Thumb, 4 bytes, Stack size 0 bytes, GUI_SPRITE.o(.text))
<BR>[Address Reference Count : 1]<UL><LI> GUI_SPRITE.o(.constdata)
</UL>
<P><STRONG><a name="[a3]"></a>_SetOrg</STRONG> (Thumb, 14 bytes, Stack size 0 bytes, GUI_SPRITE.o(.text))
<BR>[Address Reference Count : 1]<UL><LI> GUI_SPRITE.o(.constdata)
</UL>
<P><STRONG><a name="[a4]"></a>_GetDevFunc</STRONG> (Thumb, 4 bytes, Stack size 0 bytes, GUI_SPRITE.o(.text))
<BR>[Address Reference Count : 1]<UL><LI> GUI_SPRITE.o(.constdata)
</UL>
<P><STRONG><a name="[a5]"></a>_GetDevProp</STRONG> (Thumb, 14 bytes, Stack size 0 bytes, GUI_SPRITE.o(.text))
<BR>[Address Reference Count : 1]<UL><LI> GUI_SPRITE.o(.constdata)
</UL>
<P><STRONG><a name="[a7]"></a>_GetRect</STRONG> (Thumb, 14 bytes, Stack size 0 bytes, GUI_SPRITE.o(.text))
<BR>[Address Reference Count : 1]<UL><LI> GUI_SPRITE.o(.constdata)
</UL>
<P><STRONG><a name="[3b7]"></a>_Undraw</STRONG> (Thumb, 232 bytes, Stack size 0 bytes, GUI_SPRITE.o(.text), UNUSED)
<BR><BR>[Calls]<UL><LI><a href="#[2e6]">&gt;&gt;</a>&nbsp;&nbsp;&nbsp;GUI_ALLOC_UnlockH
<LI><a href="#[2e3]">&gt;&gt;</a>&nbsp;&nbsp;&nbsp;GUI_ALLOC_LockH
<LI><a href="#[3b2]">&gt;&gt;</a>&nbsp;&nbsp;&nbsp;GUI_GetBitmapPixelIndex
<LI><a href="#[300]">&gt;&gt;</a>&nbsp;&nbsp;&nbsp;GUI__IntersectRect
<LI><a href="#[190]">&gt;&gt;</a>&nbsp;&nbsp;&nbsp;__ARM_call_via_r5
<LI><a href="#[14d]">&gt;&gt;</a>&nbsp;&nbsp;&nbsp;__ARM_call_via_r2
</UL>
<BR>[Called By]<UL><LI><a href="#[38f]">&gt;&gt;</a>&nbsp;&nbsp;&nbsp;GUI_SPRITE_Hide
<LI><a href="#[38b]">&gt;&gt;</a>&nbsp;&nbsp;&nbsp;GUI_SPRITE_Delete
</UL>

<P><STRONG><a name="[3b4]"></a>_SpriteDraw</STRONG> (Thumb, 366 bytes, Stack size 0 bytes, GUI_SPRITE.o(.text), UNUSED)
<BR><BR>[Calls]<UL><LI><a href="#[2e6]">&gt;&gt;</a>&nbsp;&nbsp;&nbsp;GUI_ALLOC_UnlockH
<LI><a href="#[2e3]">&gt;&gt;</a>&nbsp;&nbsp;&nbsp;GUI_ALLOC_LockH
<LI><a href="#[3b2]">&gt;&gt;</a>&nbsp;&nbsp;&nbsp;GUI_GetBitmapPixelIndex
<LI><a href="#[300]">&gt;&gt;</a>&nbsp;&nbsp;&nbsp;GUI__IntersectRect
<LI><a href="#[23a]">&gt;&gt;</a>&nbsp;&nbsp;&nbsp;__ARM_call_via_r7
<LI><a href="#[169]">&gt;&gt;</a>&nbsp;&nbsp;&nbsp;__ARM_call_via_r3
<LI><a href="#[14d]">&gt;&gt;</a>&nbsp;&nbsp;&nbsp;__ARM_call_via_r2
</UL>
<BR>[Called By]<UL><LI><a href="#[38c]">&gt;&gt;</a>&nbsp;&nbsp;&nbsp;GUI_SPRITE__CreateEx
<LI><a href="#[38a]">&gt;&gt;</a>&nbsp;&nbsp;&nbsp;GUI_SPRITE_Show
</UL>

<P><STRONG><a name="[3b3]"></a>_DoColorConversion</STRONG> (Thumb, 138 bytes, Stack size 0 bytes, GUI_SPRITE.o(.text), UNUSED)
<BR><BR>[Calls]<UL><LI><a href="#[13e]">&gt;&gt;</a>&nbsp;&nbsp;&nbsp;GUI_ALLOC_Free
<LI><a href="#[2e6]">&gt;&gt;</a>&nbsp;&nbsp;&nbsp;GUI_ALLOC_UnlockH
<LI><a href="#[2e3]">&gt;&gt;</a>&nbsp;&nbsp;&nbsp;GUI_ALLOC_LockH
<LI><a href="#[319]">&gt;&gt;</a>&nbsp;&nbsp;&nbsp;GUI_ALLOC_AllocZero
<LI><a href="#[18b]">&gt;&gt;</a>&nbsp;&nbsp;&nbsp;__ARM_call_via_r1
</UL>
<BR>[Called By]<UL><LI><a href="#[3b9]">&gt;&gt;</a>&nbsp;&nbsp;&nbsp;GUI_SPRITE_SetBitmapAndPosition
<LI><a href="#[3b8]">&gt;&gt;</a>&nbsp;&nbsp;&nbsp;GUI_SPRITE_SetBitmap
<LI><a href="#[38c]">&gt;&gt;</a>&nbsp;&nbsp;&nbsp;GUI_SPRITE__CreateEx
</UL>

<P><STRONG><a name="[3d7]"></a>__arm_div_large_positive</STRONG> (ARM, 0 bytes, Stack size 0 bytes, aeabi_sdivfast.o(.text))
<BR><BR>[Called By]<UL><LI><a href="#[e9]">&gt;&gt;</a>&nbsp;&nbsp;&nbsp;__aeabi_uidivmod
</UL>

<P><STRONG><a name="[3d6]"></a>__arm_div16</STRONG> (ARM, 0 bytes, Stack size 0 bytes, aeabi_sdivfast.o(.text))
<BR><BR>[Called By]<UL><LI><a href="#[e9]">&gt;&gt;</a>&nbsp;&nbsp;&nbsp;__aeabi_uidivmod
</UL>

<P><STRONG><a name="[3d5]"></a>__arm_div12</STRONG> (ARM, 0 bytes, Stack size 0 bytes, aeabi_sdivfast.o(.text))
<BR><BR>[Called By]<UL><LI><a href="#[e9]">&gt;&gt;</a>&nbsp;&nbsp;&nbsp;__aeabi_uidivmod
</UL>

<P><STRONG><a name="[3d4]"></a>__arm_div8</STRONG> (ARM, 0 bytes, Stack size 0 bytes, aeabi_sdivfast.o(.text))
<BR><BR>[Called By]<UL><LI><a href="#[e9]">&gt;&gt;</a>&nbsp;&nbsp;&nbsp;__aeabi_uidivmod
</UL>

<P><STRONG><a name="[3d3]"></a>__arm_div5</STRONG> (ARM, 0 bytes, Stack size 0 bytes, aeabi_sdivfast.o(.text))
<BR><BR>[Called By]<UL><LI><a href="#[e9]">&gt;&gt;</a>&nbsp;&nbsp;&nbsp;__aeabi_uidivmod
</UL>

<P><STRONG><a name="[3d2]"></a>__arm_div2</STRONG> (ARM, 0 bytes, Stack size 0 bytes, aeabi_sdivfast.o(.text))
<BR><BR>[Called By]<UL><LI><a href="#[e9]">&gt;&gt;</a>&nbsp;&nbsp;&nbsp;__aeabi_uidivmod
</UL>

<P><STRONG><a name="[68]"></a>_printf_input_char</STRONG> (Thumb, 10 bytes, Stack size 0 bytes, _printf_char_common.o(.text))
<BR>[Address Reference Count : 1]<UL><LI> _printf_char_common.o(.text)
</UL><P>
<H3>
Undefined Global Symbols
</H3>
<P><STRONG><a name="[3d0]"></a>_call_atexit_fns</STRONG> (ARM, 0 bytes, Stack size 0 bytes, UNDEFINED)
<BR><BR>[Called By]<UL><LI><a href="#[b5]">&gt;&gt;</a>&nbsp;&nbsp;&nbsp;exit
</UL>

<P><STRONG><a name="[3cb]"></a>_printf_post_padding</STRONG> (ARM, 0 bytes, Stack size 0 bytes, UNDEFINED)
<BR><BR>[Called By]<UL><LI><a href="#[3c0]">&gt;&gt;</a>&nbsp;&nbsp;&nbsp;_printf_int_common
</UL>

<P><STRONG><a name="[3ca]"></a>_printf_pre_padding</STRONG> (ARM, 0 bytes, Stack size 0 bytes, UNDEFINED)
<BR><BR>[Called By]<UL><LI><a href="#[3c0]">&gt;&gt;</a>&nbsp;&nbsp;&nbsp;_printf_int_common
</UL>

<P><STRONG><a name="[3bd]"></a>_printf_truncate_signed</STRONG> (ARM, 0 bytes, Stack size 0 bytes, UNDEFINED)
<BR><BR>[Called By]<UL><LI><a href="#[af]">&gt;&gt;</a>&nbsp;&nbsp;&nbsp;_printf_int_dec
</UL>

<P><STRONG><a name="[3be]"></a>_printf_truncate_unsigned</STRONG> (ARM, 0 bytes, Stack size 0 bytes, UNDEFINED)
<BR><BR>[Called By]<UL><LI><a href="#[af]">&gt;&gt;</a>&nbsp;&nbsp;&nbsp;_printf_int_dec
</UL>
<HR></body></html>
